Copyright 1986-2022 Xilinx, Inc. All Rights Reserved. Copyright 2022-2025 Advanced Micro Devices, Inc. All Rights Reserved.
-------------------------------------------------------------------------------------------------------------------------------------------------------------
| Tool Version : Vivado v.2025.1 (lin64) Build 6140274 Wed May 21 22:58:25 MDT 2025
| Date         : Thu Oct  1 03:48:17 2026
| Host         : node06.local running 64-bit Rocky Linux release 8.9 (Green Obsidian)
| Command      : report_accelerator_utilization -kernels { gemm:level0_i/ulp/gemm_1/inst:gemm_1} -file kernel_util_routed.rpt -name kernel_util_routed -json
| Design       : level0_wrapper
| Device       : xcu50
| Design State : Routed
-------------------------------------------------------------------------------------------------------------------------------------------------------------

Accelerator Utilization Design Information

Table of Contents
-----------------
1. System Utilization

1. System Utilization
---------------------

+---------------------+------------------+------------------+-------------------+----------------+---------------+----------------+
| Name                | LUT              | LUTAsMem         | REG               | BRAM           | URAM          | DSP            |
+---------------------+------------------+------------------+-------------------+----------------+---------------+----------------+
| Platform            | 126282 [ 14.50%] |   9827 [  2.44%] |  164919 [  9.47%] |  181 [ 13.47%] |   4 [  0.63%] |    4 [  0.07%] |
| User Budget         | 744438 [100.00%] | 392893 [100.00%] | 1576521 [100.00%] | 1163 [100.00%] | 636 [100.00%] | 5948 [100.00%] |
|    Used Resources   |   3505 [  0.47%] |    720 [  0.18%] |    4477 [  0.28%] |    1 [  0.09%] |   0 [  0.00%] |    8 [  0.13%] |
|    Unused Resources | 740933 [ 99.53%] | 392173 [ 99.82%] | 1572044 [ 99.72%] | 1162 [ 99.91%] | 636 [100.00%] | 5940 [ 99.87%] |
| gemm                |   3505 [  0.47%] |    720 [  0.18%] |    4477 [  0.28%] |    1 [  0.09%] |   0 [  0.00%] |    8 [  0.13%] |
|    gemm_1           |   3505 [  0.47%] |    720 [  0.18%] |    4477 [  0.28%] |    1 [  0.09%] |   0 [  0.00%] |    8 [  0.13%] |
+---------------------+------------------+------------------+-------------------+----------------+---------------+----------------+


