Copyright 1986-2022 Xilinx, Inc. All Rights Reserved. Copyright 2022-2025 Advanced Micro Devices, Inc. All Rights Reserved.
---------------------------------------------------------------------------------------------------------------------------------------------------------------
| Tool Version : Vivado v.2025.1 (lin64) Build 6140274 Wed May 21 22:58:25 MDT 2025
| Date         : Thu Oct  1 03:23:06 2026
| Host         : node06.local running 64-bit Rocky Linux release 8.9 (Green Obsidian)
| Command      : report_accelerator_utilization -kernels { gemm:level0_i/ulp/gemm_1/inst:gemm_1} -file kernel_util_synthed.rpt -name kernel_util_synthed -json
| Design       : level0_wrapper
| Device       : xcu50
| Design State : Synthesized
---------------------------------------------------------------------------------------------------------------------------------------------------------------

Accelerator Utilization Design Information

Table of Contents
-----------------
1. System Utilization

1. System Utilization
---------------------

+---------------------+------------------+------------------+-------------------+----------------+---------------+----------------+
| Name                | LUT              | LUTAsMem         | REG               | BRAM           | URAM          | DSP            |
+---------------------+------------------+------------------+-------------------+----------------+---------------+----------------+
| Platform            | 146485 [ 16.82%] |  13661 [  3.39%] |  175664 [ 10.09%] |  181 [ 13.47%] |   4 [  0.63%] |    4 [  0.07%] |
| User Budget         | 724235 [100.00%] | 389059 [100.00%] | 1565776 [100.00%] | 1163 [100.00%] | 636 [100.00%] | 5948 [100.00%] |
|    Used Resources   |   3898 [  0.54%] |    857 [  0.22%] |    4887 [  0.31%] |    1 [  0.09%] |   0 [  0.00%] |    8 [  0.13%] |
|    Unused Resources | 720337 [ 99.46%] | 388202 [ 99.78%] | 1560889 [ 99.69%] | 1162 [ 99.91%] | 636 [100.00%] | 5940 [ 99.87%] |
| gemm                |   3898 [  0.54%] |    857 [  0.22%] |    4887 [  0.31%] |    1 [  0.09%] |   0 [  0.00%] |    8 [  0.13%] |
|    gemm_1           |   3898 [  0.54%] |    857 [  0.22%] |    4887 [  0.31%] |    1 [  0.09%] |   0 [  0.00%] |    8 [  0.13%] |
+---------------------+------------------+------------------+-------------------+----------------+---------------+----------------+


