Copyright 1986-2022 Xilinx, Inc. All Rights Reserved. Copyright 2022-2025 Advanced Micro Devices, Inc. All Rights Reserved.
---------------------------------------------------------------------------------------------------------------------------------------------
| Tool Version : Vivado v.2025.1 (lin64) Build 6140274 Wed May 21 22:58:25 MDT 2025
| Date         : Thu Oct  1 03:40:33 2026
| Host         : node06.local running 64-bit Rocky Linux release 8.9 (Green Obsidian)
| Command      : report_utilization -file full_util_placed.rpt -pb full_util_placed.pb
| Design       : level0_wrapper
| Device       : xcu50-fsvh2104-2-e
| Speed File   : -2
| Design State : Fully Placed
---------------------------------------------------------------------------------------------------------------------------------------------

Utilization Design Information

Table of Contents
-----------------
1. CLB Logic
1.1 Summary of Registers by Type
2. CLB Logic Distribution
3. BLOCKRAM
4. ARITHMETIC
5. I/O
6. CLOCK
7. ADVANCED
8. CONFIGURATION
9. Primitives
10. Black Boxes
11. Instantiated Netlists
12. SLR Connectivity
13. SLR Connectivity Matrix
14. SLR CLB Logic and Dedicated Block Utilization
15. SLR IO Utilization

1. CLB Logic
------------

+----------------------------+--------+--------+------------+-----------+-------+
|          Site Type         |  Used  |  Fixed | Prohibited | Available | Util% |
+----------------------------+--------+--------+------------+-----------+-------+
| CLB LUTs                   | 129787 | 112760 |        960 |    870720 | 14.91 |
|   LUT as Logic             | 119240 | 104363 |        960 |    870720 | 13.69 |
|   LUT as Memory            |  10547 |   8397 |        480 |    402720 |  2.62 |
|     LUT as Distributed RAM |   5900 |   4560 |            |           |       |
|     LUT as Shift Register  |   4647 |   3837 |            |           |       |
| CLB Registers              | 169396 | 142875 |       1920 |   1741440 |  9.73 |
|   Register as Flip Flop    | 169392 | 142871 |       1920 |   1741440 |  9.73 |
|   Register as Latch        |      0 |      0 |       1920 |   1741440 |  0.00 |
|   Register as AND/OR       |      4 |      4 |       1920 |   1741440 | <0.01 |
| CARRY8                     |   1236 |    946 |        120 |    108840 |  1.14 |
| F7 Muxes                   |   2526 |   1789 |        480 |    435360 |  0.58 |
| F8 Muxes                   |    476 |    464 |        240 |    217680 |  0.22 |
| F9 Muxes                   |      0 |      0 |        120 |    108840 |  0.00 |
+----------------------------+--------+--------+------------+-----------+-------+
* Warning! LUT value is adjusted to account for LUT combining.


1.1 Summary of Registers by Type
--------------------------------

+--------+--------------+-------------+--------------+
|  Total | Clock Enable | Synchronous | Asynchronous |
+--------+--------------+-------------+--------------+
| 4      |            _ |           - |            - |
| 0      |            _ |           - |          Set |
| 0      |            _ |           - |        Reset |
| 0      |            _ |         Set |            - |
| 0      |            _ |       Reset |            - |
| 0      |          Yes |           - |            - |
| 386    |          Yes |           - |          Set |
| 3522   |          Yes |           - |        Reset |
| 3664   |          Yes |         Set |            - |
| 161820 |          Yes |       Reset |            - |
+--------+--------------+-------------+--------------+


2. CLB Logic Distribution
-------------------------

+--------------------------------------------+--------+--------+------------+-----------+-------+
|                  Site Type                 |  Used  |  Fixed | Prohibited | Available | Util% |
+--------------------------------------------+--------+--------+------------+-----------+-------+
| CLB                                        |  26207 |      0 |        120 |    108840 | 24.08 |
|   CLBL                                     |  13795 |      0 |            |           |       |
|   CLBM                                     |  12412 |      0 |            |           |       |
| LUT as Logic                               | 119240 | 104363 |        960 |    870720 | 13.69 |
|   using O5 output only                     |   2960 |        |            |           |       |
|   using O6 output only                     |  85614 |        |            |           |       |
|   using O5 and O6                          |  30666 |        |            |           |       |
| LUT as Memory                              |  10547 |   8397 |        480 |    402720 |  2.62 |
|   LUT as Distributed RAM                   |   5900 |   4560 |            |           |       |
|     using O5 output only                   |      0 |        |            |           |       |
|     using O6 output only                   |    630 |        |            |           |       |
|     using O5 and O6                        |   5270 |        |            |           |       |
|   LUT as Shift Register                    |   4647 |   3837 |            |           |       |
|     using O5 output only                   |      0 |        |            |           |       |
|     using O6 output only                   |   3825 |        |            |           |       |
|     using O5 and O6                        |    822 |        |            |           |       |
| CLB Registers                              | 169396 |      0 |       1920 |   1741440 |  9.73 |
|   Register driven from within the CLB      |  83033 |        |            |           |       |
|   Register driven from outside the CLB     |  86363 |        |            |           |       |
|     LUT in front of the register is unused |  50122 |        |            |           |       |
|     LUT in front of the register is used   |  36241 |        |            |           |       |
| Unique Control Sets                        |   6689 |        |        240 |    217680 |  3.07 |
+--------------------------------------------+--------+--------+------------+-----------+-------+
* * Note: Available Control Sets calculated as Slices * 2, Review the Control Sets Report for more information regarding control sets.


3. BLOCKRAM
-----------

+-------------------+-------+-------+------------+-----------+-------+
|     Site Type     |  Used | Fixed | Prohibited | Available | Util% |
+-------------------+-------+-------+------------+-----------+-------+
| Block RAM Tile    | 182.5 |     0 |          0 |      1344 | 13.58 |
|   RAMB36/FIFO*    |   179 |   177 |          0 |      1344 | 13.32 |
|     RAMB36E2 only |   179 |       |            |           |       |
|   RAMB18          |     7 |     5 |          0 |      2688 |  0.26 |
|     RAMB18E2 only |     7 |       |            |           |       |
| URAM              |     4 |     4 |          0 |       640 |  0.63 |
+-------------------+-------+-------+------------+-----------+-------+
* Note: Each Block RAM Tile only has one FIFO logic available and therefore can accommodate only one FIFO36E2 or one FIFO18E2. However, if a FIFO18E2 occupies a Block RAM Tile, that tile can still accommodate a RAMB18E2


4. ARITHMETIC
-------------

+----------------+------+-------+------------+-----------+-------+
|    Site Type   | Used | Fixed | Prohibited | Available | Util% |
+----------------+------+-------+------------+-----------+-------+
| DSPs           |   12 |     4 |          0 |      5952 |  0.20 |
|   DSP48E2 only |   12 |       |            |           |       |
+----------------+------+-------+------------+-----------+-------+


5. I/O
------

+------------------+------+-------+------------+-----------+-------+
|     Site Type    | Used | Fixed | Prohibited | Available | Util% |
+------------------+------+-------+------------+-----------+-------+
| Bonded IOB       |   10 |    10 |          0 |       416 |  2.40 |
|   HPIOB_M        |    4 |     4 |          0 |       192 |  2.08 |
|     INPUT        |    3 |       |            |           |       |
|     OUTPUT       |    1 |       |            |           |       |
|     BIDIR        |    0 |       |            |           |       |
|   HPIOB_S        |    5 |     5 |          0 |       192 |  2.60 |
|     INPUT        |    3 |       |            |           |       |
|     OUTPUT       |    2 |       |            |           |       |
|     BIDIR        |    0 |       |            |           |       |
|   HPIOB_SNGL     |    1 |     1 |          0 |        32 |  3.13 |
|     INPUT        |    1 |       |            |           |       |
|     OUTPUT       |    0 |       |            |           |       |
|     BIDIR        |    0 |       |            |           |       |
| HPIOBDIFFINBUF   |    1 |     1 |          0 |       192 |  0.52 |
|   DIFFINBUF      |    1 |     1 |            |           |       |
| HPIOBDIFFOUTBUF  |    0 |     0 |          0 |       192 |  0.00 |
| BITSLICE_CONTROL |    0 |     0 |          0 |        64 |  0.00 |
| BITSLICE_RX_TX   |    0 |     0 |          0 |      2496 |  0.00 |
| BITSLICE_TX      |    0 |     0 |          0 |        64 |  0.00 |
| RIU_OR           |    0 |     0 |          0 |        32 |  0.00 |
+------------------+------+-------+------------+-----------+-------+


6. CLOCK
--------

+------------+------+-------+------------+-----------+-------+
|  Site Type | Used | Fixed | Prohibited | Available | Util% |
+------------+------+-------+------------+-----------+-------+
| BUFGCE     |   14 |     6 |          0 |       192 |  7.29 |
| BUFGCE_DIV |    1 |     1 |          0 |        32 |  3.13 |
| BUFG_GT    |   22 |    22 |          0 |       384 |  5.73 |
| BUFGCTRL*  |    1 |     1 |          0 |        64 |  1.56 |
| PLL        |    1 |     1 |          0 |        16 |  6.25 |
| MMCM       |    3 |     1 |          0 |         8 | 37.50 |
+------------+------+-------+------------+-----------+-------+
* Note: Each used BUFGCTRL counts as two GLOBAL CLOCK BUFFERs. This table does not include global clocking resources, only buffer cell usage. See the Clock Utilization Report (report_clock_utilization) for detailed accounting of global clocking resource availability.


7. ADVANCED
-----------

+----------------------+------+-------+------------+-----------+-------+
|       Site Type      | Used | Fixed | Prohibited | Available | Util% |
+----------------------+------+-------+------------+-----------+-------+
| CMACE4               |    0 |     0 |          0 |         5 |  0.00 |
| GTYE4_CHANNEL        |   16 |    16 |          0 |        20 | 80.00 |
| GTYE4_COMMON         |    4 |     4 |          0 |         5 | 80.00 |
| HBM_REF_CLK          |    1 |     1 |          0 |         2 | 50.00 |
| HBM_SNGLBLI_INTF_APB |    1 |     1 |          0 |        32 |  3.13 |
| HBM_SNGLBLI_INTF_AXI |   16 |    16 |          0 |        32 | 50.00 |
| ILKNE4               |    0 |     0 |          0 |         2 |  0.00 |
| OBUFDS_GTE4          |    0 |     0 |          0 |        10 |  0.00 |
| OBUFDS_GTE4_ADV      |    0 |     0 |          0 |        10 |  0.00 |
| PCIE40E4             |    0 |     0 |          0 |         1 |  0.00 |
| PCIE4CE4             |    1 |     1 |          0 |         4 | 25.00 |
| SYSMONE4             |    0 |     0 |          0 |         2 |  0.00 |
+----------------------+------+-------+------------+-----------+-------+


8. CONFIGURATION
----------------

+-------------+------+-------+------------+-----------+-------+
|  Site Type  | Used | Fixed | Prohibited | Available | Util% |
+-------------+------+-------+------------+-----------+-------+
| BSCANE2     |    1 |     1 |          0 |         8 | 12.50 |
| DNA_PORTE2  |    0 |     0 |          0 |         2 |  0.00 |
| EFUSE_USR   |    0 |     0 |          0 |         2 |  0.00 |
| FRAME_ECCE4 |    0 |     0 |          0 |         2 |  0.00 |
| ICAPE3      |    1 |     1 |          0 |         4 | 25.00 |
| MASTER_JTAG |    0 |     0 |          0 |         2 |  0.00 |
| STARTUPE3   |    1 |     1 |          0 |         2 | 50.00 |
+-------------+------+-------+------------+-----------+-------+


9. Primitives
-------------

+----------------------+--------+---------------------+
|       Ref Name       |  Used  | Functional Category |
+----------------------+--------+---------------------+
| FDRE                 | 161820 |            Register |
| LUT6                 |  45364 |                 CLB |
| LUT3                 |  36916 |                 CLB |
| LUT5                 |  25041 |                 CLB |
| LUT4                 |  23617 |                 CLB |
| LUT2                 |  14603 |                 CLB |
| RAMD32               |   9304 |                 CLB |
| SRL16E               |   4677 |                 CLB |
| LUT1                 |   4365 |                 CLB |
| FDSE                 |   3664 |            Register |
| FDCE                 |   3522 |            Register |
| MUXF7                |   2526 |                 CLB |
| RAMS32               |   1298 |                 CLB |
| CARRY8               |   1236 |                 CLB |
| SRLC32E              |    778 |                 CLB |
| RAMD64E              |    528 |                 CLB |
| MUXF8                |    476 |                 CLB |
| FDPE                 |    386 |            Register |
| RAMB36E2             |    179 |            BLOCKRAM |
| RAMS64E              |     40 |                 CLB |
| BUFG_GT              |     22 |               Clock |
| BUFG_GT_SYNC         |     17 |               Clock |
| HBM_SNGLBLI_INTF_AXI |     16 |            Advanced |
| GTYE4_CHANNEL        |     16 |            Advanced |
| SRLC16E              |     14 |                 CLB |
| BUFGCE               |     14 |               Clock |
| DSP48E2              |     12 |          Arithmetic |
| RAMB18E2             |      7 |            BLOCKRAM |
| IBUFCTRL             |      6 |              Others |
| INBUF                |      5 |                 I/O |
| URAM288              |      4 |            BLOCKRAM |
| GTYE4_COMMON         |      4 |            Advanced |
| AND2B1L              |      4 |              Others |
| OBUF                 |      3 |                 I/O |
| MMCME4_ADV           |      3 |               Clock |
| STARTUPE3            |      1 |       Configuration |
| PLLE4_ADV            |      1 |               Clock |
| PCIE4CE4             |      1 |            Advanced |
| ICAPE3               |      1 |       Configuration |
| IBUFDS_GTE4          |      1 |                 I/O |
| HBM_SNGLBLI_INTF_APB |      1 |            Advanced |
| HBM_REF_CLK          |      1 |            Advanced |
| DIFFINBUF            |      1 |                 I/O |
| BUFGCTRL             |      1 |               Clock |
| BUFGCE_DIV           |      1 |               Clock |
| BSCANE2              |      1 |       Configuration |
+----------------------+--------+---------------------+


10. Black Boxes
---------------

+----------+------+
| Ref Name | Used |
+----------+------+


11. Instantiated Netlists
-------------------------

+-------------------------------------------------------+------+
|                        Ref Name                       | Used |
+-------------------------------------------------------+------+
| xsdbm                                                 |    1 |
| ulp_ulp_ucs_0                                         |    1 |
| ulp_ulp_cmp_0                                         |    1 |
| ulp_regslice_control_userpf_1                         |    1 |
| ulp_regslice_control_userpf_0                         |    1 |
| ulp_proc_sys_reset_kernel_slr0_0                      |    1 |
| ulp_proc_sys_reset_ctrl_slr1_0                        |    1 |
| ulp_proc_sys_reset_ctrl_slr0_0                        |    1 |
| ulp_interconnect_axilite_user_upgraded_ipi_imp_xbar_0 |    1 |
| ulp_interconnect_axilite_user_imp_s00_regslice_1      |    1 |
| ulp_interconnect_axilite_user_imp_s00_regslice_0      |    1 |
| ulp_interconnect_axilite_user_imp_m01_regslice_0      |    1 |
| ulp_interconnect_axilite_user_imp_m00_regslice_0      |    1 |
| ulp_interconnect_axilite_user_imp_auto_cc_2           |    1 |
| ulp_interconnect_axilite_user_imp_auto_cc_1           |    1 |
| ulp_interconnect_axilite_user_imp_auto_cc_0           |    1 |
| ulp_ii_level0_wire_0                                  |    1 |
| ulp_hmss_0_0                                          |    1 |
| ulp_gemm_1_0                                          |    1 |
| ulp_axi_vip_data_0                                    |    1 |
| ulp_axi_vip_ctrl_userpf_1                             |    1 |
| ulp_axi_vip_ctrl_userpf_0                             |    1 |
| ulp_axi_regslice_0                                    |    1 |
| ulp_axi_ic_ctrl_mgmt_slr1_upgraded_ipi_imp_xbar_0     |    1 |
| ulp_axi_gpio_null_1                                   |    1 |
| ulp_axi_gpio_null_0                                   |    1 |
| ulp                                                   |    1 |
| level0_ii_level0_pipe_0                               |    1 |
| blp_wrapper                                           |    1 |
| bd_85ad_vip_S03_0                                     |    1 |
| bd_85ad_vip_S02_0                                     |    1 |
| bd_85ad_vip_S01_0                                     |    1 |
| bd_85ad_vip_S00_0                                     |    1 |
| bd_85ad_slice3_2_0                                    |    1 |
| bd_85ad_slice2_1_0                                    |    1 |
| bd_85ad_slice1_0_0                                    |    1 |
| bd_85ad_slice0_3_0                                    |    1 |
| bd_85ad_interconnect3_2_0                             |    1 |
| bd_85ad_interconnect2_1_0                             |    1 |
| bd_85ad_interconnect1_0_0                             |    1 |
| bd_85ad_interconnect0_3_0                             |    1 |
| bd_85ad_init_reduce_0                                 |    1 |
| bd_85ad_hbm_reset_sync_SLR0_0                         |    1 |
| bd_85ad_hbm_inst_0                                    |    1 |
| bd_85ad_axi_apb_bridge_inst_0                         |    1 |
| bd_7cf0_bsip_0                                        |    1 |
| bd_7cf0_bs_switch_1_0                                 |    1 |
| bd_7cf0_axi_jtag_0                                    |    1 |
| bd_58f6_xsdbm_0                                       |    1 |
| bd_58f6_lut_buffer_0                                  |    1 |
| bd_22c0_psreset_kernel_01_0                           |    1 |
| bd_22c0_psreset_kernel_00_0                           |    1 |
| bd_22c0_psreset_hbm_0                                 |    1 |
| bd_22c0_psreset_aclk_freerun_0                        |    1 |
| bd_22c0_gpio_ucs_control_status_0                     |    1 |
| bd_22c0_gpio_gapping_demand_0                         |    1 |
| bd_22c0_gapping_demand_update_0                       |    1 |
| bd_22c0_gapping_demand_toggle_0                       |    1 |
| bd_22c0_frequency_counter_aclk_kernel_01_0            |    1 |
| bd_22c0_frequency_counter_aclk_kernel_00_0            |    1 |
| bd_22c0_frequency_counter_aclk_hbm_0                  |    1 |
| bd_22c0_frequency_counter_aclk_0                      |    1 |
| bd_22c0_fanout_aresetn_pcie_slr1_4_0                  |    1 |
| bd_22c0_fanout_aresetn_pcie_slr1_3_0                  |    1 |
| bd_22c0_fanout_aresetn_pcie_slr1_2_0                  |    1 |
| bd_22c0_fanout_aresetn_pcie_slr1_1_0                  |    1 |
| bd_22c0_fanout_aresetn_pcie_slr0_4_0                  |    1 |
| bd_22c0_fanout_aresetn_pcie_slr0_3_0                  |    1 |
| bd_22c0_fanout_aresetn_pcie_slr0_2_0                  |    1 |
| bd_22c0_fanout_aresetn_pcie_slr0_1_0                  |    1 |
| bd_22c0_fanout_aresetn_kernel_01_slr1_4_0             |    1 |
| bd_22c0_fanout_aresetn_kernel_01_slr1_3_0             |    1 |
| bd_22c0_fanout_aresetn_kernel_01_slr1_2_0             |    1 |
| bd_22c0_fanout_aresetn_kernel_01_slr1_1_0             |    1 |
| bd_22c0_fanout_aresetn_kernel_01_slr0_4_0             |    1 |
| bd_22c0_fanout_aresetn_kernel_01_slr0_3_0             |    1 |
| bd_22c0_fanout_aresetn_kernel_01_slr0_2_0             |    1 |
| bd_22c0_fanout_aresetn_kernel_01_slr0_1_0             |    1 |
| bd_22c0_fanout_aresetn_kernel_00_slr1_4_0             |    1 |
| bd_22c0_fanout_aresetn_kernel_00_slr1_3_0             |    1 |
| bd_22c0_fanout_aresetn_kernel_00_slr1_2_0             |    1 |
| bd_22c0_fanout_aresetn_kernel_00_slr1_1_0             |    1 |
| bd_22c0_fanout_aresetn_kernel_00_slr0_4_0             |    1 |
| bd_22c0_fanout_aresetn_kernel_00_slr0_3_0             |    1 |
| bd_22c0_fanout_aresetn_kernel_00_slr0_2_0             |    1 |
| bd_22c0_fanout_aresetn_kernel_00_slr0_1_0             |    1 |
| bd_22c0_fanout_aresetn_hbm_0                          |    1 |
| bd_22c0_fanout_aresetn_ctrl_slr1_4_0                  |    1 |
| bd_22c0_fanout_aresetn_ctrl_slr1_3_0                  |    1 |
| bd_22c0_fanout_aresetn_ctrl_slr1_2_0                  |    1 |
| bd_22c0_fanout_aresetn_ctrl_slr1_1_0                  |    1 |
| bd_22c0_fanout_aresetn_ctrl_slr0_4_0                  |    1 |
| bd_22c0_fanout_aresetn_ctrl_slr0_3_0                  |    1 |
| bd_22c0_fanout_aresetn_ctrl_slr0_2_0                  |    1 |
| bd_22c0_fanout_aresetn_ctrl_slr0_1_0                  |    1 |
| bd_22c0_clock_throttling_avg_0                        |    1 |
| bd_22c0_clock_throttling_aclk_kernel_01_0             |    1 |
| bd_22c0_clock_throttling_aclk_kernel_00_0             |    1 |
| bd_22c0_clock_shutdown_latch_0                        |    1 |
| bd_22c0_clkwiz_hbm_0                                  |    1 |
| bd_22c0_clkwiz_aclk_kernel_01_0                       |    1 |
| bd_22c0_clkwiz_aclk_kernel_00_0                       |    1 |
| bd_22c0_clk_hbm_adapt_0                               |    1 |
| bd_22c0_build_info_0                                  |    1 |
| bd_22c0_axi_ic_ctrl_mgmt_top_imp_xbar_0               |    1 |
| bd_22c0_axi_ic_ctrl_mgmt_freq_imp_xbar_0              |    1 |
| bd_22c0_axi_ic_ctrl_mgmt_freq_imp_auto_cc_0           |    1 |
| bd_22c0_aclk_kernel_01_cont_adapt_0                   |    1 |
| bd_22c0_aclk_kernel_01_adapt_0                        |    1 |
| bd_22c0_aclk_kernel_00_cont_adapt_0                   |    1 |
| bd_22c0_aclk_kernel_00_adapt_0                        |    1 |
| bd_097b_user_debug_hub_0                              |    1 |
| bd_097b_user_debug_bridge_0                           |    1 |
| bd_097b_build_info_0                                  |    1 |
+-------------------------------------------------------+------+


12. SLR Connectivity
--------------------

+----------------------------------+------+-------+-----------+-------+
|                                  | Used | Fixed | Available | Util% |
+----------------------------------+------+-------+-----------+-------+
| SLR1 <-> SLR0                    | 3470 |       |     23040 | 15.06 |
|   SLR0 -> SLR1                   | 1765 |       |           |  7.66 |
|     Using TX_REG only            |    0 |     0 |           |       |
|     Using RX_REG only            |    0 |     0 |           |       |
|     Using Both TX_REG and RX_REG |    0 |     0 |           |       |
|   SLR1 -> SLR0                   | 1705 |       |           |  7.40 |
|     Using TX_REG only            |    0 |     0 |           |       |
|     Using RX_REG only            |    0 |     0 |           |       |
|     Using Both TX_REG and RX_REG |    0 |     0 |           |       |
+----------------------------------+------+-------+-----------+-------+
| Total SLLs Used                  | 3470 |       |           |       |
+----------------------------------+------+-------+-----------+-------+


13. SLR Connectivity Matrix
---------------------------

+-----------+------+------+
| FROM \ TO | SLR1 | SLR0 |
+-----------+------+------+
| SLR1      |    0 | 1705 |
| SLR0      | 1765 |    0 |
+-----------+------+------+


14. SLR CLB Logic and Dedicated Block Utilization
-------------------------------------------------

+----------------------------+--------+-------+--------+--------+
|          Site Type         |  SLR0  |  SLR1 | SLR0 % | SLR1 % |
+----------------------------+--------+-------+--------+--------+
| CLB                        |  15684 | 10523 |  28.54 |  19.49 |
|   CLBL                     |   8160 |  5635 |  27.87 |  19.25 |
|   CLBM                     |   7524 |  4888 |  29.30 |  19.77 |
| CLB LUTs                   |  72773 | 57014 |  16.55 |  13.20 |
|   LUT as Logic             |  66124 | 53116 |  15.04 |  12.30 |
|     using O5 output only   |   2507 |   453 |   0.57 |   0.10 |
|     using O6 output only   |  43914 | 41700 |   9.99 |   9.65 |
|     using O5 and O6        |  19703 | 10963 |   4.48 |   2.54 |
|   LUT as Memory            |   6649 |  3898 |   3.24 |   1.97 |
|     LUT as Distributed RAM |   3226 |  2674 |   1.57 |   1.35 |
|       using O6 output only |    260 |   370 |   0.13 |   0.19 |
|       using O5 and O6      |   2966 |  2304 |   1.44 |   1.17 |
|     LUT as Shift Register  |   3423 |  1224 |   1.67 |   0.62 |
|       using O6 output only |   2601 |  1224 |   1.27 |   0.62 |
|       using O5 and O6      |    822 |     0 |   0.40 |   0.00 |
| CLB Registers              | 117181 | 52215 |  13.33 |   6.04 |
| CARRY8                     |    770 |   466 |   1.40 |   0.86 |
| F7 Muxes                   |   1464 |  1062 |   0.67 |   0.49 |
| F8 Muxes                   |    175 |   301 |   0.16 |   0.28 |
| F9 Muxes                   |      0 |     0 |   0.00 |   0.00 |
| Block RAM Tile             |  106.5 |    76 |  15.85 |  11.31 |
|   RAMB36/FIFO              |    103 |    76 |  15.33 |  11.31 |
|   RAMB18                   |      7 |     0 |   0.52 |   0.00 |
| URAM                       |      4 |     0 |   1.25 |   0.00 |
| DSPs                       |     12 |     0 |   0.42 |   0.00 |
| Unique Control Sets        |   4666 |  2042 |   4.24 |   1.89 |
+----------------------------+--------+-------+--------+--------+
* Note: Available Control Sets based on CLB Registers / 8


15. SLR IO Utilization
----------------------

+-----------+-----------+---------+------------+----------+------------+----------+-----+
| SLR Index | Used IOBs | (%)IOBs | Used IPADs | (%)IPADs | Used OPADs | (%)OPADs | GTs |
+-----------+-----------+---------+------------+----------+------------+----------+-----+
| SLR1      |         7 |    3.37 |          0 |     0.00 |          0 |     0.00 |   0 |
| SLR0      |         3 |    1.44 |          0 |     0.00 |          0 |     0.00 |  16 |
+-----------+-----------+---------+------------+----------+------------+----------+-----+
| Total     |        10 |         |          0 |          |          0 |          |  16 |
+-----------+-----------+---------+------------+----------+------------+----------+-----+


