Copyright 1986-2022 Xilinx, Inc. All Rights Reserved. Copyright 2022-2025 Advanced Micro Devices, Inc. All Rights Reserved.
---------------------------------------------------------------------------------------------------------------------------------------------
| Tool Version : Vivado v.2025.1 (lin64) Build 6140274 Wed May 21 22:58:25 MDT 2025
| Date         : Thu Oct  1 03:48:31 2026
| Host         : node06.local running 64-bit Rocky Linux release 8.9 (Green Obsidian)
| Command      : report_utilization -slr -file slr_util_routed.rpt -pb slr_util_routed.pb
| Design       : level0_wrapper
| Device       : xcu50-fsvh2104-2-e
| Speed File   : -2
| Design State : Routed
---------------------------------------------------------------------------------------------------------------------------------------------

Utilization Design Information

Table of Contents
-----------------
1. SLR Connectivity
2. SLR Connectivity Matrix
3. SLR CLB Logic and Dedicated Block Utilization
4. SLR IO Utilization

1. SLR Connectivity
-------------------

+----------------------------------+------+-------+-----------+-------+
|                                  | Used | Fixed | Available | Util% |
+----------------------------------+------+-------+-----------+-------+
| SLR1 <-> SLR0                    | 3473 |       |     23040 | 15.07 |
|   SLR0 -> SLR1                   | 1765 |       |           |  7.66 |
|     Using TX_REG only            |    0 |     0 |           |       |
|     Using RX_REG only            |    0 |     0 |           |       |
|     Using Both TX_REG and RX_REG |    0 |     0 |           |       |
|   SLR1 -> SLR0                   | 1708 |       |           |  7.41 |
|     Using TX_REG only            |    0 |     0 |           |       |
|     Using RX_REG only            |    0 |     0 |           |       |
|     Using Both TX_REG and RX_REG |    0 |     0 |           |       |
+----------------------------------+------+-------+-----------+-------+
| Total SLLs Used                  | 3473 |       |           |       |
+----------------------------------+------+-------+-----------+-------+


2. SLR Connectivity Matrix
--------------------------

+-----------+------+------+
| FROM \ TO | SLR1 | SLR0 |
+-----------+------+------+
| SLR1      |    0 | 1708 |
| SLR0      | 1765 |    0 |
+-----------+------+------+


3. SLR CLB Logic and Dedicated Block Utilization
------------------------------------------------

+----------------------------+--------+-------+--------+--------+
|          Site Type         |  SLR0  |  SLR1 | SLR0 % | SLR1 % |
+----------------------------+--------+-------+--------+--------+
| CLB                        |  15684 | 10523 |  28.54 |  19.49 |
|   CLBL                     |   8160 |  5635 |  27.87 |  19.25 |
|   CLBM                     |   7524 |  4888 |  29.30 |  19.77 |
| CLB LUTs                   |  72773 | 57014 |  16.55 |  13.20 |
|   LUT as Logic             |  66124 | 53116 |  15.04 |  12.30 |
|     using O5 output only   |   2507 |   453 |   0.57 |   0.10 |
|     using O6 output only   |  43914 | 41700 |   9.99 |   9.65 |
|     using O5 and O6        |  19703 | 10963 |   4.48 |   2.54 |
|   LUT as Memory            |   6649 |  3898 |   3.24 |   1.97 |
|     LUT as Distributed RAM |   3226 |  2674 |   1.57 |   1.35 |
|       using O6 output only |    260 |   370 |   0.13 |   0.19 |
|       using O5 and O6      |   2966 |  2304 |   1.44 |   1.17 |
|     LUT as Shift Register  |   3423 |  1224 |   1.67 |   0.62 |
|       using O6 output only |   2601 |  1224 |   1.27 |   0.62 |
|       using O5 and O6      |    822 |     0 |   0.40 |   0.00 |
| CLB Registers              | 117181 | 52215 |  13.33 |   6.04 |
| CARRY8                     |    770 |   466 |   1.40 |   0.86 |
| F7 Muxes                   |   1464 |  1062 |   0.67 |   0.49 |
| F8 Muxes                   |    175 |   301 |   0.16 |   0.28 |
| F9 Muxes                   |      0 |     0 |   0.00 |   0.00 |
| Block RAM Tile             |  106.5 |    76 |  15.85 |  11.31 |
|   RAMB36/FIFO              |    103 |    76 |  15.33 |  11.31 |
|   RAMB18                   |      7 |     0 |   0.52 |   0.00 |
| URAM                       |      4 |     0 |   1.25 |   0.00 |
| DSPs                       |     12 |     0 |   0.42 |   0.00 |
| Unique Control Sets        |   4666 |  2042 |   4.24 |   1.89 |
+----------------------------+--------+-------+--------+--------+
* Note: Available Control Sets based on CLB Registers / 8


4. SLR IO Utilization
---------------------

+-----------+-----------+---------+------------+----------+------------+----------+-----+
| SLR Index | Used IOBs | (%)IOBs | Used IPADs | (%)IPADs | Used OPADs | (%)OPADs | GTs |
+-----------+-----------+---------+------------+----------+------------+----------+-----+
| SLR1      |         7 |    3.37 |          0 |     0.00 |          0 |     0.00 |   0 |
| SLR0      |         3 |    1.44 |          0 |     0.00 |          0 |     0.00 |  16 |
+-----------+-----------+---------+------------+----------+------------+----------+-----+
| Total     |        10 |         |          0 |          |          0 |          |  16 |
+-----------+-----------+---------+------------+----------+------------+----------+-----+


