  **** HLS Build v2025.1 6135595
INFO: [HLS 200-2005] Using work_dir /home/cs2401.03/mini1-gemm/build/hls 
INFO: [HLS 200-2006] Changing directory to /home/cs2401.03/mini1-gemm/build
INFO: [HLS 200-2176] Writing Vitis IDE component file /home/cs2401.03/mini1-gemm/build/hls/vitis-comp.json
INFO: [HLS 200-10] Creating and opening component '/home/cs2401.03/mini1-gemm/build/hls'.
INFO: [HLS 200-1505] Using default flow_target 'vivado'
Resolution: For help on HLS 200-1505 see docs.xilinx.com/access/sources/dita/topic?Doc_Version=2025.1%20English&url=ug1448-hls-guidance&resourceid=200-1505.html
INFO: [HLS 200-2174] Applying component config ini file /home/cs2401.03/mini1-gemm/hls_config.cfg
INFO: [HLS 200-1465] Applying config ini 'syn.file=src/kernel.cpp' from /home/cs2401.03/mini1-gemm/hls_config.cfg(7)
INFO: [HLS 200-10] Adding design file '/home/cs2401.03/mini1-gemm/src/kernel.cpp' to the project
INFO: [HLS 200-1465] Applying config ini 'tb.file=src/kernel_tb.cpp' from /home/cs2401.03/mini1-gemm/hls_config.cfg(9)
INFO: [HLS 200-10] Adding test bench file '/home/cs2401.03/mini1-gemm/src/kernel_tb.cpp' to the project
INFO: [HLS 200-1465] Applying config ini 'syn.top=gemm' from /home/cs2401.03/mini1-gemm/hls_config.cfg(8)
INFO: [HLS 200-1465] Applying config ini 'flow_target=vitis' from /home/cs2401.03/mini1-gemm/hls_config.cfg(5)
INFO: [HLS 200-1505] Using flow_target 'vitis'
Resolution: For help on HLS 200-1505 see docs.xilinx.com/access/sources/dita/topic?Doc_Version=2025.1%20English&url=ug1448-hls-guidance&resourceid=200-1505.html
INFO: [HLS 200-435] Setting 'open_solution -flow_target vitis' configuration: config_interface -m_axi_latency=64
INFO: [HLS 200-435] Setting 'open_solution -flow_target vitis' configuration: config_interface -m_axi_alignment_byte_size=64
INFO: [HLS 200-435] Setting 'open_solution -flow_target vitis' configuration: config_interface -m_axi_max_widen_bitwidth=512
INFO: [HLS 200-435] Setting 'open_solution -flow_target vitis' configuration: config_rtl -register_reset_num=3
INFO: [HLS 200-1465] Applying config ini 'part=xcu50-fsvh2104-2-e' from /home/cs2401.03/mini1-gemm/hls_config.cfg(2)
INFO: [HLS 200-1611] Setting target device to 'xcu50-fsvh2104-2-e'
INFO: [HLS 200-1465] Applying config ini 'clock=3.33ns' from /home/cs2401.03/mini1-gemm/hls_config.cfg(10)
INFO: [SYN 201-201] Setting up clock 'default' with a period of 3.33ns.
INFO: [HLS 200-1465] Applying config ini 'csim.argv=full' from /home/cs2401.03/mini1-gemm/hls_config.cfg(12)
INFO: [HLS 200-1465] Applying config ini 'package.output.format=xo' from /home/cs2401.03/mini1-gemm/hls_config.cfg(6)
INFO: [HLS 200-2176] Writing Vitis IDE component file /home/cs2401.03/mini1-gemm/build/hls/vitis-comp.json
INFO: [SIM 211-2] *************** CSIM start ***************
INFO: [SIM 211-4] CSIM will launch CLANG as the compiler.
INFO: [HLS 200-2036] Building debug C Simulation binaries
make[1]: Entering directory '/home/cs2401.03/mini1-gemm/build/hls/hls/csim/build'
   Compiling ../../../../../src/kernel_tb.cpp in debug mode
   Compiling ../../../../../src/kernel.cpp in debug mode
   Generating csim.exe
make[1]: Leaving directory '/home/cs2401.03/mini1-gemm/build/hls/hls/csim/build'
=== kernel_tb (full: target shapes) ===
  M=288    K=288  N=1    PASS  max|err|=5.23e-06
  M=288    K=288  N=32   PASS  max|err|=1.04e-05
  M=768    K=288  N=1    PASS  max|err|=8.40e-06
  M=768    K=288  N=32   PASS  max|err|=1.22e-05
  M=288    K=768  N=1    PASS  max|err|=3.50e-05
  M=288    K=768  N=32   PASS  max|err|=4.09e-05
  M=32000  K=288  N=1    PASS  max|err|=1.69e-05
  M=32000  K=288  N=32   PASS  max|err|=1.86e-05
  M=768    K=768  N=768  PASS  max|err|=5.55e-05
=== ALL PASS ===
INFO: [SIM 211-1] CSim done with 0 errors.
INFO: [SIM 211-3] *************** CSIM finish ***************
INFO: [HLS 200-112] Total CPU user time: 9.8 seconds. Total CPU system time: 0.74 seconds. Total elapsed time: 12.05 seconds; peak allocated memory: 469.984 MB.
INFO: [vitis-run 60-791] Total elapsed time: 0h 0m 16s
