  **** HLS Build v2025.1 6135595
INFO: [HLS 200-2005] Using work_dir /home/cs2401.03/mini1-gemm/build/hls 
INFO: [HLS 200-2006] Changing directory to /home/cs2401.03/mini1-gemm/build
INFO: [HLS 200-2176] Writing Vitis IDE component file /home/cs2401.03/mini1-gemm/build/hls/vitis-comp.json
INFO: [HLS 200-10] Creating and opening component '/home/cs2401.03/mini1-gemm/build/hls'.
INFO: [HLS 200-1505] Using default flow_target 'vivado'
Resolution: For help on HLS 200-1505 see docs.xilinx.com/access/sources/dita/topic?Doc_Version=2025.1%20English&url=ug1448-hls-guidance&resourceid=200-1505.html
INFO: [HLS 200-2174] Applying component config ini file /home/cs2401.03/mini1-gemm/hls_config.cfg
INFO: [HLS 200-1465] Applying config ini 'syn.file=src/kernel.cpp' from /home/cs2401.03/mini1-gemm/hls_config.cfg(7)
INFO: [HLS 200-10] Adding design file '/home/cs2401.03/mini1-gemm/src/kernel.cpp' to the project
INFO: [HLS 200-1465] Applying config ini 'tb.file=src/kernel_tb.cpp' from /home/cs2401.03/mini1-gemm/hls_config.cfg(9)
INFO: [HLS 200-10] Adding test bench file '/home/cs2401.03/mini1-gemm/src/kernel_tb.cpp' to the project
INFO: [HLS 200-1465] Applying config ini 'syn.top=gemm' from /home/cs2401.03/mini1-gemm/hls_config.cfg(8)
INFO: [HLS 200-1465] Applying config ini 'flow_target=vitis' from /home/cs2401.03/mini1-gemm/hls_config.cfg(5)
INFO: [HLS 200-1505] Using flow_target 'vitis'
Resolution: For help on HLS 200-1505 see docs.xilinx.com/access/sources/dita/topic?Doc_Version=2025.1%20English&url=ug1448-hls-guidance&resourceid=200-1505.html
INFO: [HLS 200-435] Setting 'open_solution -flow_target vitis' configuration: config_interface -m_axi_latency=64
INFO: [HLS 200-435] Setting 'open_solution -flow_target vitis' configuration: config_interface -m_axi_alignment_byte_size=64
INFO: [HLS 200-435] Setting 'open_solution -flow_target vitis' configuration: config_interface -m_axi_max_widen_bitwidth=512
INFO: [HLS 200-435] Setting 'open_solution -flow_target vitis' configuration: config_rtl -register_reset_num=3
INFO: [HLS 200-1465] Applying config ini 'part=xcu50-fsvh2104-2-e' from /home/cs2401.03/mini1-gemm/hls_config.cfg(2)
INFO: [HLS 200-1611] Setting target device to 'xcu50-fsvh2104-2-e'
INFO: [HLS 200-1465] Applying config ini 'clock=3.33ns' from /home/cs2401.03/mini1-gemm/hls_config.cfg(10)
INFO: [SYN 201-201] Setting up clock 'default' with a period of 3.33ns.
INFO: [HLS 200-1465] Applying config ini 'csim.argv=full' from /home/cs2401.03/mini1-gemm/hls_config.cfg(12)
INFO: [HLS 200-1465] Applying config ini 'package.output.format=xo' from /home/cs2401.03/mini1-gemm/hls_config.cfg(6)
INFO: [HLS 200-2176] Writing Vitis IDE component file /home/cs2401.03/mini1-gemm/build/hls/vitis-comp.json
INFO: [HLS 200-111] Finished File checks and directory preparation: CPU user time: 2.08 seconds. CPU system time: 0.4 seconds. Elapsed time: 2.38 seconds; current allocated memory: 469.984 MB.
INFO: [HLS 200-10] Analyzing design file '../src/kernel.cpp' ... 
INFO: [HLS 200-111] Finished Source Code Analysis and Preprocessing: CPU user time: 0.23 seconds. CPU system time: 0.3 seconds. Elapsed time: 0.77 seconds; current allocated memory: 471.652 MB.
INFO: [HLS 200-777] Using interface defaults for 'Vitis' flow target.
INFO: [HLS 200-1995] There were 59 instructions in the design after the 'Compile/Link' phase of compilation. See the Design Size Report for more details (/home/cs2401.03/mini1-gemm/build/hls/hls/syn/report/csynth_design_size.rpt:2)
INFO: [HLS 200-1995] There were 66 instructions in the design after the 'Unroll/Inline (step 1)' phase of compilation. See the Design Size Report for more details (/home/cs2401.03/mini1-gemm/build/hls/hls/syn/report/csynth_design_size.rpt:2)
INFO: [HLS 200-1995] There were 50 instructions in the design after the 'Unroll/Inline (step 2)' phase of compilation. See the Design Size Report for more details (/home/cs2401.03/mini1-gemm/build/hls/hls/syn/report/csynth_design_size.rpt:2)
INFO: [HLS 200-1995] There were 60 instructions in the design after the 'Unroll/Inline (step 3)' phase of compilation. See the Design Size Report for more details (/home/cs2401.03/mini1-gemm/build/hls/hls/syn/report/csynth_design_size.rpt:2)
INFO: [HLS 200-1995] There were 60 instructions in the design after the 'Unroll/Inline (step 4)' phase of compilation. See the Design Size Report for more details (/home/cs2401.03/mini1-gemm/build/hls/hls/syn/report/csynth_design_size.rpt:2)
INFO: [HLS 200-1995] There were 60 instructions in the design after the 'Array/Struct (step 1)' phase of compilation. See the Design Size Report for more details (/home/cs2401.03/mini1-gemm/build/hls/hls/syn/report/csynth_design_size.rpt:2)
INFO: [HLS 200-1995] There were 60 instructions in the design after the 'Array/Struct (step 2)' phase of compilation. See the Design Size Report for more details (/home/cs2401.03/mini1-gemm/build/hls/hls/syn/report/csynth_design_size.rpt:2)
INFO: [HLS 200-1995] There were 60 instructions in the design after the 'Array/Struct (step 3)' phase of compilation. See the Design Size Report for more details (/home/cs2401.03/mini1-gemm/build/hls/hls/syn/report/csynth_design_size.rpt:2)
INFO: [HLS 200-1995] There were 60 instructions in the design after the 'Array/Struct (step 4)' phase of compilation. See the Design Size Report for more details (/home/cs2401.03/mini1-gemm/build/hls/hls/syn/report/csynth_design_size.rpt:2)
INFO: [HLS 200-1995] There were 71 instructions in the design after the 'Array/Struct (step 5)' phase of compilation. See the Design Size Report for more details (/home/cs2401.03/mini1-gemm/build/hls/hls/syn/report/csynth_design_size.rpt:2)
INFO: [HLS 200-1995] There were 70 instructions in the design after the 'Performance (step 1)' phase of compilation. See the Design Size Report for more details (/home/cs2401.03/mini1-gemm/build/hls/hls/syn/report/csynth_design_size.rpt:2)
INFO: [HLS 200-1995] There were 69 instructions in the design after the 'Performance (step 2)' phase of compilation. See the Design Size Report for more details (/home/cs2401.03/mini1-gemm/build/hls/hls/syn/report/csynth_design_size.rpt:2)
INFO: [HLS 200-1995] There were 68 instructions in the design after the 'Performance (step 3)' phase of compilation. See the Design Size Report for more details (/home/cs2401.03/mini1-gemm/build/hls/hls/syn/report/csynth_design_size.rpt:2)
INFO: [HLS 200-1995] There were 68 instructions in the design after the 'Performance (step 4)' phase of compilation. See the Design Size Report for more details (/home/cs2401.03/mini1-gemm/build/hls/hls/syn/report/csynth_design_size.rpt:2)
INFO: [HLS 200-1995] There were 85 instructions in the design after the 'HW Transforms (step 1)' phase of compilation. See the Design Size Report for more details (/home/cs2401.03/mini1-gemm/build/hls/hls/syn/report/csynth_design_size.rpt:2)
INFO: [HLS 200-1995] There were 85 instructions in the design after the 'HW Transforms (step 2)' phase of compilation. See the Design Size Report for more details (/home/cs2401.03/mini1-gemm/build/hls/hls/syn/report/csynth_design_size.rpt:2)
INFO: [HLS 214-376] automatically set the pipeline for Loop< VITIS_LOOP_33_3> at ../src/kernel.cpp:33:30 
INFO: [HLS 214-115] Multiple burst writes of variable length and bit width 32 has been inferred on bundle 'gmem2'. These burst requests might be further partitioned into multiple requests during RTL generation, based on max_read_burst_length or max_write_burst_length settings. (../src/kernel.cpp:30:19)
INFO: [HLS 214-115] Multiple burst reads of variable length and bit width 32 in loop 'VITIS_LOOP_33_3'(../src/kernel.cpp:33:30) has been inferred on bundle 'gmem0'. These burst requests might be further partitioned into multiple requests during RTL generation, based on max_read_burst_length or max_write_burst_length settings. (../src/kernel.cpp:33:30)
INFO: [HLS 200-111] Finished Compiling Optimization and Transform: CPU user time: 2.46 seconds. CPU system time: 0.37 seconds. Elapsed time: 7.58 seconds; current allocated memory: 473.625 MB.
INFO: [HLS 200-111] Finished Checking Pragmas: CPU user time: 0 seconds. CPU system time: 0 seconds. Elapsed time: 0 seconds; current allocated memory: 473.625 MB.
INFO: [HLS 200-10] Starting code transformations ...
INFO: [HLS 200-111] Finished Standard Transforms: CPU user time: 0.01 seconds. CPU system time: 0 seconds. Elapsed time: 0.01 seconds; current allocated memory: 473.746 MB.
INFO: [HLS 200-10] Checking synthesizability ...
INFO: [HLS 200-111] Finished Checking Synthesizability: CPU user time: 0.01 seconds. CPU system time: 0 seconds. Elapsed time: 0.01 seconds; current allocated memory: 473.746 MB.
INFO: [HLS 200-111] Finished Loop, function and other optimizations: CPU user time: 0.03 seconds. CPU system time: 0.01 seconds. Elapsed time: 0.05 seconds; current allocated memory: 495.219 MB.
INFO: [HLS 200-2060] Failed to convert nested loops 'VITIS_LOOP_31_2'(../src/kernel.cpp:31:26) and 'VITIS_LOOP_33_3'(../src/kernel.cpp:33:30) in function 'gemm' into perfectly nested loops.
WARNING: [HLS 200-960] Cannot flatten loop 'VITIS_LOOP_31_2' (../src/kernel.cpp:31:26) in function 'gemm' the outer loop is not a perfect loop because there is nontrivial logic in the loop latch.
Resolution: For help on HLS 200-960 see docs.xilinx.com/access/sources/dita/topic?Doc_Version=2025.1%20English&url=ug1448-hls-guidance&resourceid=200-960.html
INFO: [HLS 200-111] Finished Architecture Synthesis: CPU user time: 0.04 seconds. CPU system time: 0 seconds. Elapsed time: 0.04 seconds; current allocated memory: 495.504 MB.
INFO: [HLS 200-10] Starting hardware synthesis ...
INFO: [HLS 200-10] Synthesizing 'gemm' ...
INFO: [HLS 200-10] ----------------------------------------------------------------
INFO: [HLS 200-42] -- Implementing module 'gemm_Pipeline_VITIS_LOOP_33_3' 
INFO: [HLS 200-10] ----------------------------------------------------------------
INFO: [SCHED 204-11] Starting scheduling ...
INFO: [SCHED 204-61] Pipelining loop 'VITIS_LOOP_33_3'.
WARNING: [HLS 200-880] The II Violation in module 'gemm_Pipeline_VITIS_LOOP_33_3' (loop 'VITIS_LOOP_33_3'): Unable to enforce a carried dependence constraint (II = 1, distance = 1, offset = 1) between 'store' operation 0 bit ('acc_write_ln32', ../src/kernel.cpp:32) of variable 'acc', ../src/kernel.cpp:34 on local variable 'acc', ../src/kernel.cpp:32 and 'fadd' operation 32 bit ('acc', ../src/kernel.cpp:34).
Resolution: For help on HLS 200-880 see docs.xilinx.com/access/sources/dita/topic?Doc_Version=2025.1%20English&url=ug1448-hls-guidance&resourceid=200-880.html
WARNING: [HLS 200-880] The II Violation in module 'gemm_Pipeline_VITIS_LOOP_33_3' (loop 'VITIS_LOOP_33_3'): Unable to enforce a carried dependence constraint (II = 2, distance = 1, offset = 1) between 'store' operation 0 bit ('acc_write_ln32', ../src/kernel.cpp:32) of variable 'acc', ../src/kernel.cpp:34 on local variable 'acc', ../src/kernel.cpp:32 and 'fadd' operation 32 bit ('acc', ../src/kernel.cpp:34).
Resolution: For help on HLS 200-880 see docs.xilinx.com/access/sources/dita/topic?Doc_Version=2025.1%20English&url=ug1448-hls-guidance&resourceid=200-880.html
WARNING: [HLS 200-880] The II Violation in module 'gemm_Pipeline_VITIS_LOOP_33_3' (loop 'VITIS_LOOP_33_3'): Unable to enforce a carried dependence constraint (II = 3, distance = 1, offset = 1) between 'store' operation 0 bit ('acc_write_ln32', ../src/kernel.cpp:32) of variable 'acc', ../src/kernel.cpp:34 on local variable 'acc', ../src/kernel.cpp:32 and 'fadd' operation 32 bit ('acc', ../src/kernel.cpp:34).
Resolution: For help on HLS 200-880 see docs.xilinx.com/access/sources/dita/topic?Doc_Version=2025.1%20English&url=ug1448-hls-guidance&resourceid=200-880.html
WARNING: [HLS 200-880] The II Violation in module 'gemm_Pipeline_VITIS_LOOP_33_3' (loop 'VITIS_LOOP_33_3'): Unable to enforce a carried dependence constraint (II = 4, distance = 1, offset = 1) between 'store' operation 0 bit ('acc_write_ln32', ../src/kernel.cpp:32) of variable 'acc', ../src/kernel.cpp:34 on local variable 'acc', ../src/kernel.cpp:32 and 'fadd' operation 32 bit ('acc', ../src/kernel.cpp:34).
Resolution: For help on HLS 200-880 see docs.xilinx.com/access/sources/dita/topic?Doc_Version=2025.1%20English&url=ug1448-hls-guidance&resourceid=200-880.html
WARNING: [HLS 200-880] The II Violation in module 'gemm_Pipeline_VITIS_LOOP_33_3' (loop 'VITIS_LOOP_33_3'): Unable to enforce a carried dependence constraint (II = 7, distance = 1, offset = 1) between 'store' operation 0 bit ('acc_write_ln32', ../src/kernel.cpp:32) of variable 'acc', ../src/kernel.cpp:34 on local variable 'acc', ../src/kernel.cpp:32 and 'fadd' operation 32 bit ('acc', ../src/kernel.cpp:34).
Resolution: For help on HLS 200-880 see docs.xilinx.com/access/sources/dita/topic?Doc_Version=2025.1%20English&url=ug1448-hls-guidance&resourceid=200-880.html
INFO: [HLS 200-1470] Pipelining result : Target II = NA, Final II = 8, Depth = 86, loop 'VITIS_LOOP_33_3'
INFO: [SCHED 204-11] Finished scheduling.
INFO: [HLS 200-111] Finished Scheduling: CPU user time: 0.07 seconds. CPU system time: 0.03 seconds. Elapsed time: 0.09 seconds; current allocated memory: 496.477 MB.
INFO: [BIND 205-100] Starting micro-architecture generation ...
INFO: [BIND 205-101] Performing variable lifetime analysis.
INFO: [BIND 205-101] Exploring resource sharing.
INFO: [BIND 205-101] Binding ...
INFO: [BIND 205-100] Finished micro-architecture generation.
INFO: [HLS 200-111] Finished Binding: CPU user time: 0.02 seconds. CPU system time: 0.03 seconds. Elapsed time: 0.05 seconds; current allocated memory: 496.477 MB.
INFO: [HLS 200-10] ----------------------------------------------------------------
INFO: [HLS 200-42] -- Implementing module 'gemm' 
INFO: [HLS 200-10] ----------------------------------------------------------------
INFO: [SCHED 204-11] Starting scheduling ...
INFO: [SCHED 204-11] Finished scheduling.
INFO: [HLS 200-111] Finished Scheduling: CPU user time: 0.05 seconds. CPU system time: 0 seconds. Elapsed time: 0.05 seconds; current allocated memory: 496.500 MB.
INFO: [BIND 205-100] Starting micro-architecture generation ...
INFO: [BIND 205-101] Performing variable lifetime analysis.
INFO: [BIND 205-101] Exploring resource sharing.
INFO: [BIND 205-101] Binding ...
INFO: [BIND 205-100] Finished micro-architecture generation.
INFO: [HLS 200-111] Finished Binding: CPU user time: 0.03 seconds. CPU system time: 0.01 seconds. Elapsed time: 0.04 seconds; current allocated memory: 496.500 MB.
INFO: [HLS 200-10] ----------------------------------------------------------------
INFO: [HLS 200-10] -- Generating RTL for module 'gemm_Pipeline_VITIS_LOOP_33_3' 
INFO: [HLS 200-10] ----------------------------------------------------------------
INFO: [HLS 200-1030] Apply Unified Pipeline Control on module 'gemm_Pipeline_VITIS_LOOP_33_3' pipeline 'VITIS_LOOP_33_3' pipeline type 'loop pipeline'
WARNING: [RTGEN 206-101] Setting dangling out port 'gemm_Pipeline_VITIS_LOOP_33_3/m_axi_gmem0_0_ARVALID' to 0.
WARNING: [RTGEN 206-101] Setting dangling out port 'gemm_Pipeline_VITIS_LOOP_33_3/m_axi_gmem0_0_ARADDR' to 0.
WARNING: [RTGEN 206-101] Setting dangling out port 'gemm_Pipeline_VITIS_LOOP_33_3/m_axi_gmem0_0_ARID' to 0.
WARNING: [RTGEN 206-101] Setting dangling out port 'gemm_Pipeline_VITIS_LOOP_33_3/m_axi_gmem0_0_ARLEN' to 0.
WARNING: [RTGEN 206-101] Setting dangling out port 'gemm_Pipeline_VITIS_LOOP_33_3/m_axi_gmem0_0_ARSIZE' to 0.
WARNING: [RTGEN 206-101] Setting dangling out port 'gemm_Pipeline_VITIS_LOOP_33_3/m_axi_gmem0_0_ARBURST' to 0.
WARNING: [RTGEN 206-101] Setting dangling out port 'gemm_Pipeline_VITIS_LOOP_33_3/m_axi_gmem0_0_ARLOCK' to 0.
WARNING: [RTGEN 206-101] Setting dangling out port 'gemm_Pipeline_VITIS_LOOP_33_3/m_axi_gmem0_0_ARCACHE' to 0.
WARNING: [RTGEN 206-101] Setting dangling out port 'gemm_Pipeline_VITIS_LOOP_33_3/m_axi_gmem0_0_ARPROT' to 0.
WARNING: [RTGEN 206-101] Setting dangling out port 'gemm_Pipeline_VITIS_LOOP_33_3/m_axi_gmem0_0_ARQOS' to 0.
WARNING: [RTGEN 206-101] Setting dangling out port 'gemm_Pipeline_VITIS_LOOP_33_3/m_axi_gmem0_0_ARREGION' to 0.
WARNING: [RTGEN 206-101] Setting dangling out port 'gemm_Pipeline_VITIS_LOOP_33_3/m_axi_gmem0_0_ARUSER' to 0.
INFO: [RTGEN 206-100] Generating core module 'fadd_32ns_32ns_32_7_full_dsp_1': 1 instance(s).
INFO: [RTGEN 206-100] Generating core module 'fmul_32ns_32ns_32_4_max_dsp_1': 1 instance(s).
INFO: [RTGEN 206-100] Finished creating RTL model for 'gemm_Pipeline_VITIS_LOOP_33_3'.
INFO: [HLS 200-111] Finished Creating RTL model: CPU user time: 0.07 seconds. CPU system time: 0 seconds. Elapsed time: 0.07 seconds; current allocated memory: 496.500 MB.
INFO: [HLS 200-10] ----------------------------------------------------------------
INFO: [HLS 200-10] -- Generating RTL for module 'gemm' 
INFO: [HLS 200-10] ----------------------------------------------------------------
WARNING: [RTGEN 206-101] Design contains AXI ports. Reset is fixed to synchronous and active low.
INFO: [RTGEN 206-500] Setting interface mode on port 'gemm/gmem0' to 'm_axi'.
INFO: [RTGEN 206-500] Setting interface mode on port 'gemm/gmem1' to 'm_axi'.
INFO: [RTGEN 206-500] Setting interface mode on port 'gemm/gmem2' to 'm_axi'.
INFO: [RTGEN 206-500] Setting interface mode on port 'gemm/A' to 's_axilite & ap_none'.
INFO: [RTGEN 206-500] Setting interface mode on port 'gemm/B' to 's_axilite & ap_none'.
INFO: [RTGEN 206-500] Setting interface mode on port 'gemm/C' to 's_axilite & ap_none'.
INFO: [RTGEN 206-500] Setting interface mode on port 'gemm/M' to 's_axilite & ap_none'.
INFO: [RTGEN 206-500] Setting interface mode on port 'gemm/K' to 's_axilite & ap_none'.
INFO: [RTGEN 206-500] Setting interface mode on port 'gemm/N' to 's_axilite & ap_none'.
INFO: [RTGEN 206-500] Setting interface mode on function 'gemm' to 's_axilite & ap_ctrl_chain'.
INFO: [RTGEN 206-100] Bundling port 'A', 'B', 'C', 'M', 'K', 'N' and 'return' to AXI-Lite port control.
INFO: [RTGEN 206-100] Generating core module 'mul_32ns_32ns_63_2_1': 1 instance(s).
INFO: [RTGEN 206-100] Finished creating RTL model for 'gemm'.
INFO: [HLS 200-111] Finished Creating RTL model: CPU user time: 0.12 seconds. CPU system time: 0.01 seconds. Elapsed time: 0.14 seconds; current allocated memory: 501.297 MB.
INFO: [HLS 200-111] Finished Generating all RTL models: CPU user time: 0.37 seconds. CPU system time: 0.03 seconds. Elapsed time: 0.43 seconds; current allocated memory: 505.043 MB.
INFO: [HLS 200-1603] Design has inferred MAXI bursts and missed bursts, see Vitis HLS GUI synthesis summary report for detailed information.
INFO: [HLS 200-111] Finished Updating report files: CPU user time: 0.56 seconds. CPU system time: 0.03 seconds. Elapsed time: 0.6 seconds; current allocated memory: 511.922 MB.
INFO: [VHDL 208-304] Generating VHDL RTL for gemm.
INFO: [VLOG 209-307] Generating Verilog RTL for gemm.
INFO: [HLS 200-790] **** Loop Constraint Status: All loop constraints were NOT satisfied.
INFO: [HLS 200-789] **** Estimated Fmax: 411.37 MHz
INFO: [IMPL 213-8] Exporting RTL as a Vivado IP.

****** Vivado v2025.1 (64-bit)
  **** SW Build 6140274 on Wed May 21 22:58:25 MDT 2025
  **** IP Build 6138677 on Thu May 22 03:10:11 MDT 2025
  **** SharedData Build 6139179 on Tue May 20 17:58:58 MDT 2025
  **** Start of session at: Thu Oct  1 02:36:24 2026
    ** Copyright 1986-2022 Xilinx, Inc. All Rights Reserved.
    ** Copyright 2022-2025 Advanced Micro Devices, Inc. All Rights Reserved.

source run_ippack.tcl -notrace
INFO: calling package_hls_ip ip_types=vitis sysgen json_file=/home/cs2401.03/mini1-gemm/build/hls/hls/hls_data.json outdir=/home/cs2401.03/mini1-gemm/build/hls/hls/impl/ip srcdir=/home/cs2401.03/mini1-gemm/build/hls/hls ippack_options_dict= ippack_options_dict=
INFO: Copied 1 ipmisc file(s) to /home/cs2401.03/mini1-gemm/build/hls/hls/impl/ip/misc
INFO: Copied 10 verilog file(s) to /home/cs2401.03/mini1-gemm/build/hls/hls/impl/ip/hdl/verilog
INFO: Copied 10 vhdl file(s) to /home/cs2401.03/mini1-gemm/build/hls/hls/impl/ip/hdl/vhdl
INFO: Copied 10 swdriver file(s) to /home/cs2401.03/mini1-gemm/build/hls/hls/impl/ip/drivers
Generating 2 subcores in /home/cs2401.03/mini1-gemm/build/hls/hls/impl/ip/subcore_prj:
impl/misc/gemm_fadd_32ns_32ns_32_7_full_dsp_1_ip.tcl
impl/misc/gemm_fmul_32ns_32ns_32_4_max_dsp_1_ip.tcl
WARNING: [Common 17-1496] Vivado tclapp support version doesn't have install/uninstall hooks. Please update support using ::tclapp::update_support command.
WARNING: [Common 17-1496] Vivado tclapp support version doesn't have install/uninstall hooks. Please update support using ::tclapp::update_support command.
WARNING: [Common 17-1496] Vivado tclapp support version doesn't have install/uninstall hooks. Please update support using ::tclapp::update_support command.
WARNING: [Common 17-1496] Vivado tclapp support version doesn't have install/uninstall hooks. Please update support using ::tclapp::update_support command.
WARNING: [Common 17-1496] Vivado tclapp support version doesn't have install/uninstall hooks. Please update support using ::tclapp::update_support command.
WARNING: [Common 17-1496] Vivado tclapp support version doesn't have install/uninstall hooks. Please update support using ::tclapp::update_support command.
INFO: Using COE_DIR=/home/cs2401.03/mini1-gemm/build/hls/hls/impl/ip/hdl/verilog
INFO: Generating gemm_fadd_32ns_32ns_32_7_full_dsp_1_ip via file impl/misc/gemm_fadd_32ns_32ns_32_7_full_dsp_1_ip.tcl
INFO: [IP_Flow 19-234] Refreshing IP repositories
INFO: [IP_Flow 19-1704] No user IP repositories specified
INFO: [IP_Flow 19-2313] Loaded Vivado IP repository '/home/Xilinx/2025.1/Vivado/data/ip'.
INFO: [IP_Flow 19-1686] Generating 'Synthesis' target for IP 'gemm_fadd_32ns_32ns_32_7_full_dsp_1_ip'...
INFO: [IP_Flow 19-1686] Generating 'Simulation' target for IP 'gemm_fadd_32ns_32ns_32_7_full_dsp_1_ip'...
INFO: Done generating gemm_fadd_32ns_32ns_32_7_full_dsp_1_ip via file impl/misc/gemm_fadd_32ns_32ns_32_7_full_dsp_1_ip.tcl
INFO: Generating gemm_fmul_32ns_32ns_32_4_max_dsp_1_ip via file impl/misc/gemm_fmul_32ns_32ns_32_4_max_dsp_1_ip.tcl
INFO: [IP_Flow 19-1686] Generating 'Synthesis' target for IP 'gemm_fmul_32ns_32ns_32_4_max_dsp_1_ip'...
INFO: [IP_Flow 19-1686] Generating 'Simulation' target for IP 'gemm_fmul_32ns_32ns_32_4_max_dsp_1_ip'...
INFO: Done generating gemm_fmul_32ns_32ns_32_4_max_dsp_1_ip via file impl/misc/gemm_fmul_32ns_32ns_32_4_max_dsp_1_ip.tcl
INFO: Found 1 unique subcore IP: xilinx.com:ip:floating_point:7.1
INFO: Copied 2 subcore files: /home/cs2401.03/mini1-gemm/build/hls/hls/impl/ip/hdl/ip/gemm_fmul_32ns_32ns_32_4_max_dsp_1_ip/gemm_fmul_32ns_32ns_32_4_max_dsp_1_ip.xci /home/cs2401.03/mini1-gemm/build/hls/hls/impl/ip/hdl/ip/gemm_fadd_32ns_32ns_32_7_full_dsp_1_ip/gemm_fadd_32ns_32ns_32_7_full_dsp_1_ip.xci
INFO: Import ports from HDL: /home/cs2401.03/mini1-gemm/build/hls/hls/impl/ip/hdl/vhdl/gemm.vhd (gemm)
INFO: Add axi4lite interface s_axi_control
INFO: Add clock interface ap_clk
INFO: Add reset interface ap_rst_n
INFO: Add interrupt interface interrupt
INFO: [IP_Flow 19-234] Refreshing IP repositories
INFO: [IP_Flow 19-1704] No user IP repositories specified
INFO: [IP_Flow 19-2313] Loaded Vivado IP repository '/home/Xilinx/2025.1/Vivado/data/ip'.
INFO: Add axi4full interface m_axi_gmem0
INFO: Add axi4full interface m_axi_gmem1
INFO: Add axi4full interface m_axi_gmem2
INFO: Calling post_process_vitis to specialize IP
INFO: Calling post_process_sysgen to specialize IP
Generating sysgen info xml from json file
INFO: Created IP /home/cs2401.03/mini1-gemm/build/hls/hls/impl/ip/component.xml
Generating XO file: gemm.xo in directory /home/cs2401.03/mini1-gemm/build/hls/hls/..
Running: package_xo -xo_path /home/cs2401.03/mini1-gemm/build/hls/hls/../gemm.xo -kernel_xml /home/cs2401.03/mini1-gemm/build/hls/hls/kernel.xml -kernel_name gemm -ip_directory /home/cs2401.03/mini1-gemm/build/hls/hls/impl/ip -kernel_files /home/cs2401.03/mini1-gemm/build/hls/hls/../../../src/kernel.cpp -hls_directory /home/cs2401.03/mini1-gemm/build/hls/hls/impl/misc/hls_files -kernel_json /home/cs2401.03/mini1-gemm/build/hls/hls/hls_data.json
INFO: Created IP archive /home/cs2401.03/mini1-gemm/build/hls/hls/impl/ip/xilinx_com_hls_gemm_1_0.zip
INFO: [Common 17-206] Exiting Vivado at Thu Oct  1 02:36:34 2026...
INFO: [HLS 200-802] Generated output file hls/gemm.xo
INFO: [HLS 200-112] Total CPU user time: 24.48 seconds. Total CPU system time: 2.96 seconds. Total elapsed time: 44.36 seconds; peak allocated memory: 516.832 MB.
INFO: [v++ 60-791] Total elapsed time: 0h 0m 48s
