Thu Oct  1 02:35:20 2026: Running xcd server. This server was built by gradle.
Thu Oct  1 02:35:20 2026: Server was asked to start on port: '46615'
Thu Oct  1 02:35:20 2026: Server is using token UUID: '8e2c7db1-8420-4edb-80ff-c4c54b17c958'
Thu Oct  1 02:35:20 2026: SESSION_MGR: creating session with session uuid: '6d04a3e9-ade5-4ab9-8d63-1f78fcd2ec76' and name 'default'
Thu Oct  1 02:35:20 2026: Attempting to start server on port '46615'
Thu Oct  1 02:35:20 2026: XCD main fifo: created main fifo '/tmp/xcdmain8e2c7db1-8420-4edb-80ff-c4c54b17c958', fd read = 12
Thu Oct  1 02:35:20 2026: Running Dispatch Server
Thu Oct  1 02:35:20 2026: Version 2.2.0
Thu Oct  1 02:35:21 2026: Dispatch Server: Accepted socket connection from client
Thu Oct  1 02:35:21 2026: Starting Socket connection
Thu Oct  1 02:35:21 2026: EXCHANGE_TOKEN received, server token: 8e2c7db1-8420-4edb-80ff-c4c54b17c958, passed token: 8e2c7db1-8420-4edb-80ff-c4c54b17c958
Thu Oct  1 02:35:22 2026: DISPATCH_HANDLER: Adding handler from function makeHandler in library libxv_system_diagram
Thu Oct  1 02:35:22 2026: SESSION_MGR: creating session with session uuid: '4861be54-b6b4-4bb0-9e84-cfd0a0ad758c' and name 'vitis-run_compile_hls'
Thu Oct  1 02:35:22 2026: KERNEL_SVC: creating session with uuid: '4861be54-b6b4-4bb0-9e84-cfd0a0ad758c' and name 'vitis-run_compile_hls'
Thu Oct  1 02:35:22 2026: GUIDANCE_SMGR: creating guidance session with uuid: '4861be54-b6b4-4bb0-9e84-cfd0a0ad758c' and name 'vitis-run_compile_hls'
Thu Oct  1 02:35:22 2026: SYSTEM_DIAGRAM: creating session with uuid: '4861be54-b6b4-4bb0-9e84-cfd0a0ad758c' and name 'vitis-run_compile_hls'
Thu Oct  1 02:35:27 2026: Dispatch Server: Accepted socket connection from client
Thu Oct  1 02:35:27 2026: Starting Socket connection
Thu Oct  1 02:35:35 2026: SESSION_MGR: closing session for UUID '4861be54-b6b4-4bb0-9e84-cfd0a0ad758c' with name 'vitis-run_compile_hls'
Thu Oct  1 02:35:35 2026: KERNEL_SVC: closing session for UUID '4861be54-b6b4-4bb0-9e84-cfd0a0ad758c' with name 'vitis-run_compile_hls'
Thu Oct  1 02:35:35 2026: GUIDANCE_SMGR: closing session for UUID '4861be54-b6b4-4bb0-9e84-cfd0a0ad758c' with name 'vitis-run_compile_hls'
Thu Oct  1 02:35:35 2026: SYSTEM_DIAGRAM: closing session for UUID '4861be54-b6b4-4bb0-9e84-cfd0a0ad758c' with name 'vitis-run_compile_hls'
Thu Oct  1 02:35:35 2026: STOP_SERVER received, server token: 8e2c7db1-8420-4edb-80ff-c4c54b17c958, passed token: 8e2c7db1-8420-4edb-80ff-c4c54b17c958
Thu Oct  1 02:35:35 2026: Socket received request to stop server.
Thu Oct  1 02:35:35 2026: Dispatch Server: do_await_stop
Thu Oct  1 02:35:35 2026: Dispatch Server: stopping mainFifo_
Thu Oct  1 02:35:35 2026: XCD main fifo: Stopping
Thu Oct  1 02:35:35 2026: XCD main fifo: do_read error code: Operation canceled
Thu Oct  1 02:35:35 2026: XCD main fifo: bytes_transferred: 0
Thu Oct  1 02:35:35 2026: SERVER: destructor for server bound to port 46615
Thu Oct  1 02:35:35 2026: XCD main fifo: Good unlink of /tmp/xcdmain8e2c7db1-8420-4edb-80ff-c4c54b17c958
Thu Oct  1 02:35:35 2026: Server exiting with status 0.
Thu Oct  1 02:35:35 2026: Closing log file.
Thu Oct  1 02:36:06 2026: Running xcd server. This server was built by gradle.
Thu Oct  1 02:36:06 2026: Server was asked to start on port: '43449'
Thu Oct  1 02:36:06 2026: Server is using token UUID: 'b4aec390-8ac0-4d61-964c-99e042c1df18'
Thu Oct  1 02:36:06 2026: SESSION_MGR: creating session with session uuid: '6d04a3e9-ade5-4ab9-8d63-1f78fcd2ec76' and name 'default'
Thu Oct  1 02:36:06 2026: Attempting to start server on port '43449'
Thu Oct  1 02:36:06 2026: XCD main fifo: created main fifo '/tmp/xcdmainb4aec390-8ac0-4d61-964c-99e042c1df18', fd read = 12
Thu Oct  1 02:36:06 2026: Running Dispatch Server
Thu Oct  1 02:36:06 2026: Version 2.2.0
Thu Oct  1 02:36:08 2026: Dispatch Server: Accepted socket connection from client
Thu Oct  1 02:36:08 2026: Starting Socket connection
Thu Oct  1 02:36:08 2026: EXCHANGE_TOKEN received, server token: b4aec390-8ac0-4d61-964c-99e042c1df18, passed token: b4aec390-8ac0-4d61-964c-99e042c1df18
Thu Oct  1 02:36:08 2026: DISPATCH_HANDLER: Adding handler from function makeHandler in library libxv_system_diagram
Thu Oct  1 02:36:08 2026: SESSION_MGR: creating session with session uuid: 'aba2bf94-9b5d-4786-86b7-73b46f248829' and name 'v++_compile_hls'
Thu Oct  1 02:36:08 2026: KERNEL_SVC: creating session with uuid: 'aba2bf94-9b5d-4786-86b7-73b46f248829' and name 'v++_compile_hls'
Thu Oct  1 02:36:08 2026: GUIDANCE_SMGR: creating guidance session with uuid: 'aba2bf94-9b5d-4786-86b7-73b46f248829' and name 'v++_compile_hls'
Thu Oct  1 02:36:08 2026: SYSTEM_DIAGRAM: creating session with uuid: 'aba2bf94-9b5d-4786-86b7-73b46f248829' and name 'v++_compile_hls'
Thu Oct  1 02:36:12 2026: Dispatch Server: Accepted socket connection from client
Thu Oct  1 02:36:12 2026: Starting Socket connection
Thu Oct  1 02:36:54 2026: SESSION_MGR: closing session for UUID 'aba2bf94-9b5d-4786-86b7-73b46f248829' with name 'v++_compile_hls'
Thu Oct  1 02:36:54 2026: KERNEL_SVC: closing session for UUID 'aba2bf94-9b5d-4786-86b7-73b46f248829' with name 'v++_compile_hls'
Thu Oct  1 02:36:54 2026: GUIDANCE_SMGR: closing session for UUID 'aba2bf94-9b5d-4786-86b7-73b46f248829' with name 'v++_compile_hls'
Thu Oct  1 02:36:54 2026: SYSTEM_DIAGRAM: closing session for UUID 'aba2bf94-9b5d-4786-86b7-73b46f248829' with name 'v++_compile_hls'
Thu Oct  1 02:36:54 2026: STOP_SERVER received, server token: b4aec390-8ac0-4d61-964c-99e042c1df18, passed token: b4aec390-8ac0-4d61-964c-99e042c1df18
Thu Oct  1 02:36:54 2026: Socket received request to stop server.
Thu Oct  1 02:36:54 2026: Dispatch Server: do_await_stop
Thu Oct  1 02:36:54 2026: Dispatch Server: stopping mainFifo_
Thu Oct  1 02:36:54 2026: XCD main fifo: Stopping
Thu Oct  1 02:36:54 2026: XCD main fifo: do_read error code: Operation canceled
Thu Oct  1 02:36:54 2026: XCD main fifo: bytes_transferred: 0
Thu Oct  1 02:36:54 2026: SERVER: destructor for server bound to port 43449
Thu Oct  1 02:36:54 2026: XCD main fifo: Good unlink of /tmp/xcdmainb4aec390-8ac0-4d61-964c-99e042c1df18
Thu Oct  1 02:36:54 2026: Server exiting with status 0.
Thu Oct  1 02:36:54 2026: Closing log file.
Thu Oct  1 02:36:57 2026: Running xcd server. This server was built by gradle.
Thu Oct  1 02:36:57 2026: Server was asked to start on port: '43165'
Thu Oct  1 02:36:57 2026: Server is using token UUID: '87c6586b-1413-41e9-963a-af029add9d56'
Thu Oct  1 02:36:57 2026: SESSION_MGR: creating session with session uuid: '6d04a3e9-ade5-4ab9-8d63-1f78fcd2ec76' and name 'default'
Thu Oct  1 02:36:57 2026: Attempting to start server on port '43165'
Thu Oct  1 02:36:57 2026: XCD main fifo: created main fifo '/tmp/xcdmain87c6586b-1413-41e9-963a-af029add9d56', fd read = 12
Thu Oct  1 02:36:57 2026: Running Dispatch Server
Thu Oct  1 02:36:57 2026: Version 2.2.0
Thu Oct  1 02:36:58 2026: Dispatch Server: Accepted socket connection from client
Thu Oct  1 02:36:58 2026: Starting Socket connection
Thu Oct  1 02:36:58 2026: EXCHANGE_TOKEN received, server token: 87c6586b-1413-41e9-963a-af029add9d56, passed token: 87c6586b-1413-41e9-963a-af029add9d56
Thu Oct  1 02:36:59 2026: DISPATCH_HANDLER: Adding handler from function makeHandler in library libxv_system_diagram
Thu Oct  1 02:36:59 2026: SESSION_MGR: creating session with session uuid: '6fbf30fb-fd82-4b60-adfe-e2a16cf8b46c' and name 'vitis-run_compile_hls'
Thu Oct  1 02:36:59 2026: KERNEL_SVC: creating session with uuid: '6fbf30fb-fd82-4b60-adfe-e2a16cf8b46c' and name 'vitis-run_compile_hls'
Thu Oct  1 02:36:59 2026: GUIDANCE_SMGR: creating guidance session with uuid: '6fbf30fb-fd82-4b60-adfe-e2a16cf8b46c' and name 'vitis-run_compile_hls'
Thu Oct  1 02:36:59 2026: SYSTEM_DIAGRAM: creating session with uuid: '6fbf30fb-fd82-4b60-adfe-e2a16cf8b46c' and name 'vitis-run_compile_hls'
Thu Oct  1 02:37:03 2026: Dispatch Server: Accepted socket connection from client
Thu Oct  1 02:37:03 2026: Starting Socket connection
Thu Oct  1 02:39:56 2026: SESSION_MGR: closing session for UUID '6fbf30fb-fd82-4b60-adfe-e2a16cf8b46c' with name 'vitis-run_compile_hls'
Thu Oct  1 02:39:56 2026: KERNEL_SVC: closing session for UUID '6fbf30fb-fd82-4b60-adfe-e2a16cf8b46c' with name 'vitis-run_compile_hls'
Thu Oct  1 02:39:56 2026: GUIDANCE_SMGR: closing session for UUID '6fbf30fb-fd82-4b60-adfe-e2a16cf8b46c' with name 'vitis-run_compile_hls'
Thu Oct  1 02:39:56 2026: SYSTEM_DIAGRAM: closing session for UUID '6fbf30fb-fd82-4b60-adfe-e2a16cf8b46c' with name 'vitis-run_compile_hls'
Thu Oct  1 02:39:56 2026: STOP_SERVER received, server token: 87c6586b-1413-41e9-963a-af029add9d56, passed token: 87c6586b-1413-41e9-963a-af029add9d56
Thu Oct  1 02:39:56 2026: Socket received request to stop server.
Thu Oct  1 02:39:56 2026: Dispatch Server: do_await_stop
Thu Oct  1 02:39:56 2026: Dispatch Server: stopping mainFifo_
Thu Oct  1 02:39:56 2026: XCD main fifo: Stopping
Thu Oct  1 02:39:56 2026: XCD main fifo: do_read error code: Operation canceled
Thu Oct  1 02:39:56 2026: XCD main fifo: bytes_transferred: 0
Thu Oct  1 02:39:56 2026: SERVER: destructor for server bound to port 43165
Thu Oct  1 02:39:56 2026: XCD main fifo: Good unlink of /tmp/xcdmain87c6586b-1413-41e9-963a-af029add9d56
Thu Oct  1 02:39:56 2026: Server exiting with status 0.
Thu Oct  1 02:39:56 2026: Closing log file.
Wed Oct  7 01:49:17 2026: Running xcd server. This server was built by gradle.
Wed Oct  7 01:49:17 2026: Server was asked to start on port: '38531'
Wed Oct  7 01:49:17 2026: Server is using token UUID: '025144e2-f9c4-4663-b3e1-6bc0b897472a'
Wed Oct  7 01:49:17 2026: SESSION_MGR: creating session with session uuid: '6d04a3e9-ade5-4ab9-8d63-1f78fcd2ec76' and name 'default'
Wed Oct  7 01:49:17 2026: Attempting to start server on port '38531'
Wed Oct  7 01:49:17 2026: XCD main fifo: created main fifo '/tmp/xcdmain025144e2-f9c4-4663-b3e1-6bc0b897472a', fd read = 13
Wed Oct  7 01:49:17 2026: Running Dispatch Server
Wed Oct  7 01:49:17 2026: Version 2.2.0
Wed Oct  7 01:49:18 2026: Dispatch Server: Accepted socket connection from client
Wed Oct  7 01:49:18 2026: Starting Socket connection
Wed Oct  7 01:49:18 2026: EXCHANGE_TOKEN received, server token: 025144e2-f9c4-4663-b3e1-6bc0b897472a, passed token: 025144e2-f9c4-4663-b3e1-6bc0b897472a
Wed Oct  7 01:49:19 2026: DISPATCH_HANDLER: Adding handler from function makeHandler in library libxv_system_diagram
Wed Oct  7 01:49:19 2026: SESSION_MGR: creating session with session uuid: 'bf2e8ae3-d572-41c3-9584-044a2ac6076b' and name 'vitis-run_compile_hls'
Wed Oct  7 01:49:19 2026: KERNEL_SVC: creating session with uuid: 'bf2e8ae3-d572-41c3-9584-044a2ac6076b' and name 'vitis-run_compile_hls'
Wed Oct  7 01:49:19 2026: GUIDANCE_SMGR: creating guidance session with uuid: 'bf2e8ae3-d572-41c3-9584-044a2ac6076b' and name 'vitis-run_compile_hls'
Wed Oct  7 01:49:19 2026: SYSTEM_DIAGRAM: creating session with uuid: 'bf2e8ae3-d572-41c3-9584-044a2ac6076b' and name 'vitis-run_compile_hls'
Wed Oct  7 01:49:24 2026: Dispatch Server: Accepted socket connection from client
Wed Oct  7 01:49:24 2026: Starting Socket connection
Wed Oct  7 01:49:30 2026: SESSION_MGR: closing session for UUID 'bf2e8ae3-d572-41c3-9584-044a2ac6076b' with name 'vitis-run_compile_hls'
Wed Oct  7 01:49:30 2026: KERNEL_SVC: closing session for UUID 'bf2e8ae3-d572-41c3-9584-044a2ac6076b' with name 'vitis-run_compile_hls'
Wed Oct  7 01:49:30 2026: GUIDANCE_SMGR: closing session for UUID 'bf2e8ae3-d572-41c3-9584-044a2ac6076b' with name 'vitis-run_compile_hls'
Wed Oct  7 01:49:30 2026: SYSTEM_DIAGRAM: closing session for UUID 'bf2e8ae3-d572-41c3-9584-044a2ac6076b' with name 'vitis-run_compile_hls'
Wed Oct  7 01:49:30 2026: STOP_SERVER received, server token: 025144e2-f9c4-4663-b3e1-6bc0b897472a, passed token: 025144e2-f9c4-4663-b3e1-6bc0b897472a
Wed Oct  7 01:49:30 2026: Socket received request to stop server.
Wed Oct  7 01:49:30 2026: Dispatch Server: do_await_stop
Wed Oct  7 01:49:30 2026: Dispatch Server: stopping mainFifo_
Wed Oct  7 01:49:30 2026: XCD main fifo: Stopping
Wed Oct  7 01:49:30 2026: XCD main fifo: do_read error code: Operation canceled
Wed Oct  7 01:49:30 2026: XCD main fifo: bytes_transferred: 0
Wed Oct  7 01:49:30 2026: SERVER: destructor for server bound to port 38531
Wed Oct  7 01:49:30 2026: XCD main fifo: Good unlink of /tmp/xcdmain025144e2-f9c4-4663-b3e1-6bc0b897472a
Wed Oct  7 01:49:30 2026: Server exiting with status 0.
Wed Oct  7 01:49:30 2026: Closing log file.
Wed Oct  7 01:50:00 2026: Running xcd server. This server was built by gradle.
Wed Oct  7 01:50:00 2026: Server was asked to start on port: '43033'
Wed Oct  7 01:50:00 2026: Server is using token UUID: 'af619eff-224f-45a0-8e61-baac3ad86c7c'
Wed Oct  7 01:50:00 2026: SESSION_MGR: creating session with session uuid: '6d04a3e9-ade5-4ab9-8d63-1f78fcd2ec76' and name 'default'
Wed Oct  7 01:50:00 2026: Attempting to start server on port '43033'
Wed Oct  7 01:50:00 2026: XCD main fifo: created main fifo '/tmp/xcdmainaf619eff-224f-45a0-8e61-baac3ad86c7c', fd read = 13
Wed Oct  7 01:50:00 2026: Running Dispatch Server
Wed Oct  7 01:50:00 2026: Version 2.2.0
Wed Oct  7 01:50:01 2026: Dispatch Server: Accepted socket connection from client
Wed Oct  7 01:50:01 2026: Starting Socket connection
Wed Oct  7 01:50:01 2026: EXCHANGE_TOKEN received, server token: af619eff-224f-45a0-8e61-baac3ad86c7c, passed token: af619eff-224f-45a0-8e61-baac3ad86c7c
Wed Oct  7 01:50:02 2026: DISPATCH_HANDLER: Adding handler from function makeHandler in library libxv_system_diagram
Wed Oct  7 01:50:02 2026: SESSION_MGR: creating session with session uuid: 'a404f739-2d8d-445c-8deb-cb38dbf04a2c' and name 'vitis-run_compile_hls'
Wed Oct  7 01:50:02 2026: KERNEL_SVC: creating session with uuid: 'a404f739-2d8d-445c-8deb-cb38dbf04a2c' and name 'vitis-run_compile_hls'
Wed Oct  7 01:50:02 2026: GUIDANCE_SMGR: creating guidance session with uuid: 'a404f739-2d8d-445c-8deb-cb38dbf04a2c' and name 'vitis-run_compile_hls'
Wed Oct  7 01:50:02 2026: SYSTEM_DIAGRAM: creating session with uuid: 'a404f739-2d8d-445c-8deb-cb38dbf04a2c' and name 'vitis-run_compile_hls'
Wed Oct  7 01:50:06 2026: Dispatch Server: Accepted socket connection from client
Wed Oct  7 01:50:06 2026: Starting Socket connection
Wed Oct  7 01:52:59 2026: SESSION_MGR: closing session for UUID 'a404f739-2d8d-445c-8deb-cb38dbf04a2c' with name 'vitis-run_compile_hls'
Wed Oct  7 01:52:59 2026: KERNEL_SVC: closing session for UUID 'a404f739-2d8d-445c-8deb-cb38dbf04a2c' with name 'vitis-run_compile_hls'
Wed Oct  7 01:52:59 2026: GUIDANCE_SMGR: closing session for UUID 'a404f739-2d8d-445c-8deb-cb38dbf04a2c' with name 'vitis-run_compile_hls'
Wed Oct  7 01:52:59 2026: SYSTEM_DIAGRAM: closing session for UUID 'a404f739-2d8d-445c-8deb-cb38dbf04a2c' with name 'vitis-run_compile_hls'
Wed Oct  7 01:52:59 2026: STOP_SERVER received, server token: af619eff-224f-45a0-8e61-baac3ad86c7c, passed token: af619eff-224f-45a0-8e61-baac3ad86c7c
Wed Oct  7 01:52:59 2026: Socket received request to stop server.
Wed Oct  7 01:52:59 2026: Dispatch Server: do_await_stop
Wed Oct  7 01:52:59 2026: Dispatch Server: stopping mainFifo_
Wed Oct  7 01:52:59 2026: XCD main fifo: Stopping
Wed Oct  7 01:52:59 2026: XCD main fifo: do_read error code: Operation canceled
Wed Oct  7 01:52:59 2026: XCD main fifo: bytes_transferred: 0
Wed Oct  7 01:52:59 2026: SERVER: destructor for server bound to port 43033
Wed Oct  7 01:52:59 2026: XCD main fifo: Good unlink of /tmp/xcdmainaf619eff-224f-45a0-8e61-baac3ad86c7c
Wed Oct  7 01:52:59 2026: Server exiting with status 0.
Wed Oct  7 01:52:59 2026: Closing log file.
