

================================================================
== Vitis HLS Report for 'gemm_Pipeline_VITIS_LOOP_33_3'
================================================================
* Date:           Thu Oct  1 02:36:21 2026

* Version:        2025.1 (Build 6135595 on May 21 2025)
* Project:        hls
* Solution:       hls (Vitis Kernel Flow Target)
* Product family: virtexuplusHBM
* Target device:  xcu50-fsvh2104-2-e


================================================================
== Performance Estimates
================================================================
+ Timing: 
    * Summary: 
    +--------+---------+----------+------------+
    |  Clock |  Target | Estimated| Uncertainty|
    +--------+---------+----------+------------+
    |ap_clk  |  3.33 ns|  2.431 ns|     0.90 ns|
    +--------+---------+----------+------------+

+ Latency: 
    * Summary: 
    +---------+---------+----------+----------+-----+-----+------------------------------------------------+
    |  Latency (cycles) |  Latency (absolute) |  Interval |                    Pipeline                    |
    |   min   |   max   |    min   |    max   | min | max |                      Type                      |
    +---------+---------+----------+----------+-----+-----+------------------------------------------------+
    |        ?|        ?|         ?|         ?|    0|    0|  loop auto-rewind stp (delay=0 clock cycles(s))|
    +---------+---------+----------+----------+-----+-----+------------------------------------------------+

    + Detail: 
        * Instance: 
        N/A

        * Loop: 
        +-------------------+---------+---------+----------+-----------+-----------+------+----------+
        |                   |  Latency (cycles) | Iteration|  Initiation Interval  | Trip |          |
        |     Loop Name     |   min   |   max   |  Latency |  achieved |   target  | Count| Pipelined|
        +-------------------+---------+---------+----------+-----------+-----------+------+----------+
        |- VITIS_LOOP_33_3  |        ?|        ?|        86|          8|          1|     ?|       yes|
        +-------------------+---------+---------+----------+-----------+-----------+------+----------+



================================================================
== Utilization Estimates
================================================================
* Summary: 
+---------------------+---------+------+---------+--------+-----+
|         Name        | BRAM_18K|  DSP |    FF   |   LUT  | URAM|
+---------------------+---------+------+---------+--------+-----+
|DSP                  |        -|     -|        -|       -|    -|
|Expression           |        -|     -|        0|     298|    -|
|FIFO                 |        -|     -|        -|       -|    -|
|Instance             |        -|     5|      461|     276|    -|
|Memory               |        -|     -|        -|       -|    -|
|Multiplexer          |        -|     -|        0|     229|    -|
|Register             |        -|     -|      477|      32|    -|
+---------------------+---------+------+---------+--------+-----+
|Total                |        0|     5|      938|     835|    0|
+---------------------+---------+------+---------+--------+-----+
|Available SLR        |     1344|  2976|   871680|  435840|  320|
+---------------------+---------+------+---------+--------+-----+
|Utilization SLR (%)  |        0|    ~0|       ~0|      ~0|    0|
+---------------------+---------+------+---------+--------+-----+
|Available            |     2688|  5952|  1743360|  871680|  640|
+---------------------+---------+------+---------+--------+-----+
|Utilization (%)      |        0|    ~0|       ~0|      ~0|    0|
+---------------------+---------+------+---------+--------+-----+

+ Detail: 
    * Instance: 
    +-----------------------------------+--------------------------------+---------+----+-----+-----+-----+
    |              Instance             |             Module             | BRAM_18K| DSP|  FF | LUT | URAM|
    +-----------------------------------+--------------------------------+---------+----+-----+-----+-----+
    |fadd_32ns_32ns_32_7_full_dsp_1_U1  |fadd_32ns_32ns_32_7_full_dsp_1  |        0|   2|  318|  198|    0|
    |fmul_32ns_32ns_32_4_max_dsp_1_U2   |fmul_32ns_32ns_32_4_max_dsp_1   |        0|   3|  143|   78|    0|
    +-----------------------------------+--------------------------------+---------+----+-----+-----+-----+
    |Total                              |                                |        0|   5|  461|  276|    0|
    +-----------------------------------+--------------------------------+---------+----+-----+-----+-----+

    * DSP: 
    N/A

    * Memory: 
    N/A

    * FIFO: 
    N/A

    * Expression: 
    +--------------------------------+----------+----+---+----+------------+------------+
    |          Variable Name         | Operation| DSP| FF| LUT| Bitwidth P0| Bitwidth P1|
    +--------------------------------+----------+----+---+----+------------+------------+
    |add_ln33_fu_200_p2              |         +|   0|  0|  38|          31|           1|
    |add_ln34_1_fu_232_p2            |         +|   0|  0|  71|          64|          64|
    |add_ln34_2_fu_214_p2            |         +|   0|  0|  69|          62|          62|
    |add_ln34_fu_219_p2              |         +|   0|  0|  69|          62|          62|
    |ap_block_pp0_stage1_11001       |       and|   0|  0|   2|           1|           1|
    |ap_block_pp0_stage1_11001_grp2  |       and|   0|  0|   2|           1|           1|
    |ap_block_pp0_stage1_11001_grp3  |       and|   0|  0|   2|           1|           1|
    |ap_block_pp0_stage2_11001       |       and|   0|  0|   2|           1|           1|
    |ap_block_state3_io_grp1         |       and|   0|  0|   2|           1|           1|
    |icmp_ln33_fu_194_p2             |      icmp|   0|  0|  39|          32|          32|
    |ap_enable_pp0                   |       xor|   0|  0|   2|           1|           2|
    +--------------------------------+----------+----+---+----+------------+------------+
    |Total                           |          |   0|  0| 298|         257|         228|
    +--------------------------------+----------+----+---+----+------------+------------+

    * Multiplexer: 
    +----------------------------------+----+-----------+-----+-----------+
    |               Name               | LUT| Input Size| Bits| Total Bits|
    +----------------------------------+----+-----------+-----+-----------+
    |acc_fu_90                         |   9|          2|   32|         64|
    |ap_NS_fsm                         |  49|          9|    1|          9|
    |ap_done_int                       |   9|          2|    1|          2|
    |ap_enable_reg_pp0_iter0           |   9|          2|    1|          2|
    |ap_enable_reg_pp0_iter1           |   9|          2|    1|          2|
    |ap_enable_reg_pp0_iter10          |   9|          2|    1|          2|
    |ap_loop_exit_ready_pp0_iter1_reg  |   9|          2|    1|          2|
    |ap_loop_exit_ready_pp0_iter2_reg  |   9|          2|    1|          2|
    |ap_loop_exit_ready_pp0_iter3_reg  |   9|          2|    1|          2|
    |ap_loop_exit_ready_pp0_iter4_reg  |   9|          2|    1|          2|
    |ap_loop_exit_ready_pp0_iter5_reg  |   9|          2|    1|          2|
    |ap_loop_exit_ready_pp0_iter6_reg  |   9|          2|    1|          2|
    |ap_loop_exit_ready_pp0_iter7_reg  |   9|          2|    1|          2|
    |ap_loop_exit_ready_pp0_iter8_reg  |   9|          2|    1|          2|
    |ap_loop_exit_ready_pp0_iter9_reg  |   9|          2|    1|          2|
    |ap_sig_allocacmp_k_1              |   9|          2|   31|         62|
    |gmem0_blk_n_R                     |   9|          2|    1|          2|
    |gmem1_blk_n_AR                    |   9|          2|    1|          2|
    |gmem1_blk_n_R                     |   9|          2|    1|          2|
    |k_fu_94                           |   9|          2|   31|         62|
    |phi_mul_fu_86                     |   9|          2|   62|        124|
    +----------------------------------+----+-----------+-----+-----------+
    |Total                             | 229|         49|  173|        353|
    +----------------------------------+----+-----------+-----+-----------+

    * Register: 
    +-------------------------------------------+----+----+-----+-----------+
    |                    Name                   | FF | LUT| Bits| Const Bits|
    +-------------------------------------------+----+----+-----+-----------+
    |acc_1_reg_370                              |  32|   0|   32|          0|
    |acc_fu_90                                  |  32|   0|   32|          0|
    |ap_CS_fsm                                  |   8|   0|    8|          0|
    |ap_block_pp0_stage1_subdone_grp0_done_reg  |   1|   0|    1|          0|
    |ap_block_pp0_stage1_subdone_grp2_done_reg  |   1|   0|    1|          0|
    |ap_block_pp0_stage1_subdone_grp3_done_reg  |   1|   0|    1|          0|
    |ap_block_pp0_stage2_subdone_grp0_done_reg  |   1|   0|    1|          0|
    |ap_done_reg                                |   1|   0|    1|          0|
    |ap_enable_reg_pp0_iter0_reg                |   1|   0|    1|          0|
    |ap_enable_reg_pp0_iter1                    |   1|   0|    1|          0|
    |ap_enable_reg_pp0_iter10                   |   1|   0|    1|          0|
    |ap_enable_reg_pp0_iter2                    |   1|   0|    1|          0|
    |ap_enable_reg_pp0_iter3                    |   1|   0|    1|          0|
    |ap_enable_reg_pp0_iter4                    |   1|   0|    1|          0|
    |ap_enable_reg_pp0_iter5                    |   1|   0|    1|          0|
    |ap_enable_reg_pp0_iter6                    |   1|   0|    1|          0|
    |ap_enable_reg_pp0_iter7                    |   1|   0|    1|          0|
    |ap_enable_reg_pp0_iter8                    |   1|   0|    1|          0|
    |ap_enable_reg_pp0_iter9                    |   1|   0|    1|          0|
    |ap_loop_exit_ready_pp0_iter1_reg           |   1|   0|    1|          0|
    |ap_loop_exit_ready_pp0_iter2_reg           |   1|   0|    1|          0|
    |ap_loop_exit_ready_pp0_iter3_reg           |   1|   0|    1|          0|
    |ap_loop_exit_ready_pp0_iter4_reg           |   1|   0|    1|          0|
    |ap_loop_exit_ready_pp0_iter5_reg           |   1|   0|    1|          0|
    |ap_loop_exit_ready_pp0_iter6_reg           |   1|   0|    1|          0|
    |ap_loop_exit_ready_pp0_iter7_reg           |   1|   0|    1|          0|
    |ap_loop_exit_ready_pp0_iter8_reg           |   1|   0|    1|          0|
    |ap_loop_exit_ready_pp0_iter9_reg           |   1|   0|    1|          0|
    |gmem0_addr_read_reg_340                    |  32|   0|   32|          0|
    |gmem1_addr_read_reg_345                    |  32|   0|   32|          0|
    |gmem1_addr_reg_334                         |  64|   0|   64|          0|
    |icmp_ln33_reg_330                          |   1|   0|    1|          0|
    |k_fu_94                                    |  31|   0|   31|          0|
    |mul_reg_360                                |  32|   0|   32|          0|
    |phi_mul_fu_86                              |  62|   0|   62|          0|
    |sext_ln30_cast_reg_320                     |  31|   0|   62|         31|
    |zext_ln31_cast_reg_315                     |  31|   0|   62|         31|
    |icmp_ln33_reg_330                          |  64|  32|    1|          0|
    +-------------------------------------------+----+----+-----+-----------+
    |Total                                      | 477|  32|  476|         62|
    +-------------------------------------------+----+----+-----+-----------+



================================================================
== Interface
================================================================
* Summary: 
+------------------------+-----+-----+------------+-------------------------------+--------------+
|        RTL Ports       | Dir | Bits|  Protocol  |         Source Object         |    C Type    |
+------------------------+-----+-----+------------+-------------------------------+--------------+
|ap_clk                  |   in|    1|  ap_ctrl_hs|  gemm_Pipeline_VITIS_LOOP_33_3|  return value|
|ap_rst                  |   in|    1|  ap_ctrl_hs|  gemm_Pipeline_VITIS_LOOP_33_3|  return value|
|ap_start                |   in|    1|  ap_ctrl_hs|  gemm_Pipeline_VITIS_LOOP_33_3|  return value|
|ap_done                 |  out|    1|  ap_ctrl_hs|  gemm_Pipeline_VITIS_LOOP_33_3|  return value|
|ap_idle                 |  out|    1|  ap_ctrl_hs|  gemm_Pipeline_VITIS_LOOP_33_3|  return value|
|ap_ready                |  out|    1|  ap_ctrl_hs|  gemm_Pipeline_VITIS_LOOP_33_3|  return value|
|m_axi_gmem1_0_AWVALID   |  out|    1|       m_axi|                          gmem1|       pointer|
|m_axi_gmem1_0_AWREADY   |   in|    1|       m_axi|                          gmem1|       pointer|
|m_axi_gmem1_0_AWADDR    |  out|   64|       m_axi|                          gmem1|       pointer|
|m_axi_gmem1_0_AWID      |  out|    1|       m_axi|                          gmem1|       pointer|
|m_axi_gmem1_0_AWLEN     |  out|   32|       m_axi|                          gmem1|       pointer|
|m_axi_gmem1_0_AWSIZE    |  out|    3|       m_axi|                          gmem1|       pointer|
|m_axi_gmem1_0_AWBURST   |  out|    2|       m_axi|                          gmem1|       pointer|
|m_axi_gmem1_0_AWLOCK    |  out|    2|       m_axi|                          gmem1|       pointer|
|m_axi_gmem1_0_AWCACHE   |  out|    4|       m_axi|                          gmem1|       pointer|
|m_axi_gmem1_0_AWPROT    |  out|    3|       m_axi|                          gmem1|       pointer|
|m_axi_gmem1_0_AWQOS     |  out|    4|       m_axi|                          gmem1|       pointer|
|m_axi_gmem1_0_AWREGION  |  out|    4|       m_axi|                          gmem1|       pointer|
|m_axi_gmem1_0_AWUSER    |  out|    1|       m_axi|                          gmem1|       pointer|
|m_axi_gmem1_0_WVALID    |  out|    1|       m_axi|                          gmem1|       pointer|
|m_axi_gmem1_0_WREADY    |   in|    1|       m_axi|                          gmem1|       pointer|
|m_axi_gmem1_0_WDATA     |  out|   32|       m_axi|                          gmem1|       pointer|
|m_axi_gmem1_0_WSTRB     |  out|    4|       m_axi|                          gmem1|       pointer|
|m_axi_gmem1_0_WLAST     |  out|    1|       m_axi|                          gmem1|       pointer|
|m_axi_gmem1_0_WID       |  out|    1|       m_axi|                          gmem1|       pointer|
|m_axi_gmem1_0_WUSER     |  out|    1|       m_axi|                          gmem1|       pointer|
|m_axi_gmem1_0_ARVALID   |  out|    1|       m_axi|                          gmem1|       pointer|
|m_axi_gmem1_0_ARREADY   |   in|    1|       m_axi|                          gmem1|       pointer|
|m_axi_gmem1_0_ARADDR    |  out|   64|       m_axi|                          gmem1|       pointer|
|m_axi_gmem1_0_ARID      |  out|    1|       m_axi|                          gmem1|       pointer|
|m_axi_gmem1_0_ARLEN     |  out|   32|       m_axi|                          gmem1|       pointer|
|m_axi_gmem1_0_ARSIZE    |  out|    3|       m_axi|                          gmem1|       pointer|
|m_axi_gmem1_0_ARBURST   |  out|    2|       m_axi|                          gmem1|       pointer|
|m_axi_gmem1_0_ARLOCK    |  out|    2|       m_axi|                          gmem1|       pointer|
|m_axi_gmem1_0_ARCACHE   |  out|    4|       m_axi|                          gmem1|       pointer|
|m_axi_gmem1_0_ARPROT    |  out|    3|       m_axi|                          gmem1|       pointer|
|m_axi_gmem1_0_ARQOS     |  out|    4|       m_axi|                          gmem1|       pointer|
|m_axi_gmem1_0_ARREGION  |  out|    4|       m_axi|                          gmem1|       pointer|
|m_axi_gmem1_0_ARUSER    |  out|    1|       m_axi|                          gmem1|       pointer|
|m_axi_gmem1_0_RVALID    |   in|    1|       m_axi|                          gmem1|       pointer|
|m_axi_gmem1_0_RREADY    |  out|    1|       m_axi|                          gmem1|       pointer|
|m_axi_gmem1_0_RDATA     |   in|   32|       m_axi|                          gmem1|       pointer|
|m_axi_gmem1_0_RLAST     |   in|    1|       m_axi|                          gmem1|       pointer|
|m_axi_gmem1_0_RID       |   in|    1|       m_axi|                          gmem1|       pointer|
|m_axi_gmem1_0_RFIFONUM  |   in|    9|       m_axi|                          gmem1|       pointer|
|m_axi_gmem1_0_RUSER     |   in|    1|       m_axi|                          gmem1|       pointer|
|m_axi_gmem1_0_RRESP     |   in|    2|       m_axi|                          gmem1|       pointer|
|m_axi_gmem1_0_BVALID    |   in|    1|       m_axi|                          gmem1|       pointer|
|m_axi_gmem1_0_BREADY    |  out|    1|       m_axi|                          gmem1|       pointer|
|m_axi_gmem1_0_BRESP     |   in|    2|       m_axi|                          gmem1|       pointer|
|m_axi_gmem1_0_BID       |   in|    1|       m_axi|                          gmem1|       pointer|
|m_axi_gmem1_0_BUSER     |   in|    1|       m_axi|                          gmem1|       pointer|
|m_axi_gmem0_0_AWVALID   |  out|    1|       m_axi|                          gmem0|       pointer|
|m_axi_gmem0_0_AWREADY   |   in|    1|       m_axi|                          gmem0|       pointer|
|m_axi_gmem0_0_AWADDR    |  out|   64|       m_axi|                          gmem0|       pointer|
|m_axi_gmem0_0_AWID      |  out|    1|       m_axi|                          gmem0|       pointer|
|m_axi_gmem0_0_AWLEN     |  out|   32|       m_axi|                          gmem0|       pointer|
|m_axi_gmem0_0_AWSIZE    |  out|    3|       m_axi|                          gmem0|       pointer|
|m_axi_gmem0_0_AWBURST   |  out|    2|       m_axi|                          gmem0|       pointer|
|m_axi_gmem0_0_AWLOCK    |  out|    2|       m_axi|                          gmem0|       pointer|
|m_axi_gmem0_0_AWCACHE   |  out|    4|       m_axi|                          gmem0|       pointer|
|m_axi_gmem0_0_AWPROT    |  out|    3|       m_axi|                          gmem0|       pointer|
|m_axi_gmem0_0_AWQOS     |  out|    4|       m_axi|                          gmem0|       pointer|
|m_axi_gmem0_0_AWREGION  |  out|    4|       m_axi|                          gmem0|       pointer|
|m_axi_gmem0_0_AWUSER    |  out|    1|       m_axi|                          gmem0|       pointer|
|m_axi_gmem0_0_WVALID    |  out|    1|       m_axi|                          gmem0|       pointer|
|m_axi_gmem0_0_WREADY    |   in|    1|       m_axi|                          gmem0|       pointer|
|m_axi_gmem0_0_WDATA     |  out|   32|       m_axi|                          gmem0|       pointer|
|m_axi_gmem0_0_WSTRB     |  out|    4|       m_axi|                          gmem0|       pointer|
|m_axi_gmem0_0_WLAST     |  out|    1|       m_axi|                          gmem0|       pointer|
|m_axi_gmem0_0_WID       |  out|    1|       m_axi|                          gmem0|       pointer|
|m_axi_gmem0_0_WUSER     |  out|    1|       m_axi|                          gmem0|       pointer|
|m_axi_gmem0_0_ARVALID   |  out|    1|       m_axi|                          gmem0|       pointer|
|m_axi_gmem0_0_ARREADY   |   in|    1|       m_axi|                          gmem0|       pointer|
|m_axi_gmem0_0_ARADDR    |  out|   64|       m_axi|                          gmem0|       pointer|
|m_axi_gmem0_0_ARID      |  out|    1|       m_axi|                          gmem0|       pointer|
|m_axi_gmem0_0_ARLEN     |  out|   32|       m_axi|                          gmem0|       pointer|
|m_axi_gmem0_0_ARSIZE    |  out|    3|       m_axi|                          gmem0|       pointer|
|m_axi_gmem0_0_ARBURST   |  out|    2|       m_axi|                          gmem0|       pointer|
|m_axi_gmem0_0_ARLOCK    |  out|    2|       m_axi|                          gmem0|       pointer|
|m_axi_gmem0_0_ARCACHE   |  out|    4|       m_axi|                          gmem0|       pointer|
|m_axi_gmem0_0_ARPROT    |  out|    3|       m_axi|                          gmem0|       pointer|
|m_axi_gmem0_0_ARQOS     |  out|    4|       m_axi|                          gmem0|       pointer|
|m_axi_gmem0_0_ARREGION  |  out|    4|       m_axi|                          gmem0|       pointer|
|m_axi_gmem0_0_ARUSER    |  out|    1|       m_axi|                          gmem0|       pointer|
|m_axi_gmem0_0_RVALID    |   in|    1|       m_axi|                          gmem0|       pointer|
|m_axi_gmem0_0_RREADY    |  out|    1|       m_axi|                          gmem0|       pointer|
|m_axi_gmem0_0_RDATA     |   in|   32|       m_axi|                          gmem0|       pointer|
|m_axi_gmem0_0_RLAST     |   in|    1|       m_axi|                          gmem0|       pointer|
|m_axi_gmem0_0_RID       |   in|    1|       m_axi|                          gmem0|       pointer|
|m_axi_gmem0_0_RFIFONUM  |   in|    9|       m_axi|                          gmem0|       pointer|
|m_axi_gmem0_0_RUSER     |   in|    1|       m_axi|                          gmem0|       pointer|
|m_axi_gmem0_0_RRESP     |   in|    2|       m_axi|                          gmem0|       pointer|
|m_axi_gmem0_0_BVALID    |   in|    1|       m_axi|                          gmem0|       pointer|
|m_axi_gmem0_0_BREADY    |  out|    1|       m_axi|                          gmem0|       pointer|
|m_axi_gmem0_0_BRESP     |   in|    2|       m_axi|                          gmem0|       pointer|
|m_axi_gmem0_0_BID       |   in|    1|       m_axi|                          gmem0|       pointer|
|m_axi_gmem0_0_BUSER     |   in|    1|       m_axi|                          gmem0|       pointer|
|K                       |   in|   32|     ap_none|                              K|        scalar|
|p_cast_cast             |   in|   62|     ap_none|                    p_cast_cast|        scalar|
|sext_ln30               |   in|   31|     ap_none|                      sext_ln30|        scalar|
|zext_ln31               |   in|   31|     ap_none|                      zext_ln31|        scalar|
|B                       |   in|   64|     ap_none|                              B|        scalar|
|acc_out                 |  out|   32|      ap_vld|                        acc_out|       pointer|
|acc_out_ap_vld          |  out|    1|      ap_vld|                        acc_out|       pointer|
+------------------------+-----+-----+------------+-------------------------------+--------------+

