INFO: [v++ 60-1306] Additional information associated with this v++ link can be found at:
	Reports: /home/cs2401.03/mini1-gemm/build/hw/_x/reports/link
	Log files: /home/cs2401.03/mini1-gemm/build/hw/_x/logs/link
INFO: [v++ 60-1548] Creating build summary session with primary output /home/cs2401.03/mini1-gemm/build/hw/gemm.xclbin.link_summary, at Thu Oct  1 02:57:13 2026
INFO: [v++ 60-1315] Creating rulecheck session with output '/home/cs2401.03/mini1-gemm/build/hw/_x/reports/link/v++_link_gemm_guidance.html', at Thu Oct  1 02:57:14 2026
INFO: [v++ 60-895]   Target platform: /home/Xilinx/opt/xilinx/platforms/xilinx_u50_gen3x16_xdma_5_202210_1/xilinx_u50_gen3x16_xdma_5_202210_1.xpfm
INFO: [v++ 60-1578]   This platform contains Xilinx Shell Archive '/home/Xilinx/opt/xilinx/platforms/xilinx_u50_gen3x16_xdma_5_202210_1/hw/hw.xsa'
INFO: [v++ 74-78] Compiler Version string: 2025.1
INFO: [v++ 60-1302] Platform 'xilinx_u50_gen3x16_xdma_5_202210_1.xpfm' has been explicitly enabled for this release.
INFO: [v++ 60-629] Linking for hardware target
INFO: [v++ 60-423]   Target device: xilinx_u50_gen3x16_xdma_5_202210_1
INFO: [v++ 60-1332] Run 'run_link' status: Not started
INFO: [v++ 60-1443] [02:57:19] Run run_link: Step system_link: Started
INFO: [v++ 60-1453] Command Line: system_link --xo /home/cs2401.03/mini1-gemm/build/hls/gemm.xo --xpfm /home/Xilinx/opt/xilinx/platforms/xilinx_u50_gen3x16_xdma_5_202210_1/xilinx_u50_gen3x16_xdma_5_202210_1.xpfm --target hw --output_dir /home/cs2401.03/mini1-gemm/build/hw/_x/link/int --temp_dir /home/cs2401.03/mini1-gemm/build/hw/_x/link/sys_link
INFO: [v++ 60-1454] Run Directory: /home/cs2401.03/mini1-gemm/build/hw/_x/link/run_link
INFO: [SYSTEM_LINK 82-70] Extracting xo v3 file /home/cs2401.03/mini1-gemm/build/hls/gemm.xo
INFO: [SYSTEM_LINK 82-53] Creating IP database /home/cs2401.03/mini1-gemm/build/hw/_x/link/sys_link/_sysl/.cdb/xd_ip_db.xml
INFO: [SYSTEM_LINK 82-38] [02:57:21] build_xd_ip_db started: /home/Xilinx/2025.1/Vitis/bin/build_xd_ip_db -ip_search 0  -sds-pf /home/cs2401.03/mini1-gemm/build/hw/_x/link/sys_link/hw.hpfm -clkid 0 -ip /home/cs2401.03/mini1-gemm/build/hw/_x/link/sys_link/iprepo/xilinx_com_hls_gemm_1_0,gemm -o /home/cs2401.03/mini1-gemm/build/hw/_x/link/sys_link/_sysl/.cdb/xd_ip_db.xml
INFO: [SYSTEM_LINK 82-37] [02:57:22] build_xd_ip_db finished successfully
Time (s): cpu = 00:00:00.17 ; elapsed = 00:00:00.28 . Memory (MB): peak = 713.254 ; gain = 0.000 ; free physical = 182420 ; free virtual = 484822
INFO: [SYSTEM_LINK 82-51] Create system connectivity graph
INFO: [SYSTEM_LINK 82-102] Applying explicit connections to the system connectivity graph: /home/cs2401.03/mini1-gemm/build/hw/_x/link/sys_link/cfgraph/cfgen_cfgraph.xml
INFO: [SYSTEM_LINK 82-38] [02:57:22] cfgen started: /home/Xilinx/2025.1/Vitis/bin/cfgen  -dpa_mem_offload false -dpa_aie_mem_offload false -dmclkid 0 -r /home/cs2401.03/mini1-gemm/build/hw/_x/link/sys_link/_sysl/.cdb/xd_ip_db.xml -o /home/cs2401.03/mini1-gemm/build/hw/_x/link/sys_link/cfgraph/cfgen_cfgraph.xml
INFO: [CFGEN 83-0] Kernel Specs: 
INFO: [CFGEN 83-0]   kernel: gemm, num: 1  {gemm_1}
INFO: [CFGEN 83-2226] Inferring mapping for argument gemm_1.A to HBM[0]
INFO: [CFGEN 83-2226] Inferring mapping for argument gemm_1.B to HBM[0]
INFO: [CFGEN 83-2226] Inferring mapping for argument gemm_1.C to HBM[0]
INFO: [SYSTEM_LINK 82-37] [02:57:25] cfgen finished successfully
Time (s): cpu = 00:00:03 ; elapsed = 00:00:03 . Memory (MB): peak = 713.254 ; gain = 0.000 ; free physical = 182403 ; free virtual = 484822
INFO: [SYSTEM_LINK 82-52] Create top-level block diagram
INFO: [SYSTEM_LINK 82-38] [02:57:25] cf2bd started: /home/Xilinx/2025.1/Vitis/bin/cf2bd  --linux --trace_buffer 1024 --input_file /home/cs2401.03/mini1-gemm/build/hw/_x/link/sys_link/cfgraph/cfgen_cfgraph.xml --ip_db /home/cs2401.03/mini1-gemm/build/hw/_x/link/sys_link/_sysl/.cdb/xd_ip_db.xml --cf_name dr --working_dir /home/cs2401.03/mini1-gemm/build/hw/_x/link/sys_link/_sysl/.xsd --temp_dir /home/cs2401.03/mini1-gemm/build/hw/_x/link/sys_link --output_dir /home/cs2401.03/mini1-gemm/build/hw/_x/link/int --target_bd ulp.bd
INFO: [CF2BD 82-31] Launching cf2xd: cf2xd -linux -trace-buffer 1024 -i /home/cs2401.03/mini1-gemm/build/hw/_x/link/sys_link/cfgraph/cfgen_cfgraph.xml -r /home/cs2401.03/mini1-gemm/build/hw/_x/link/sys_link/_sysl/.cdb/xd_ip_db.xml -o dr.xml
INFO: [CF2BD 82-28] cf2xd finished successfully
INFO: [CF2BD 82-31] Launching cf_xsd: cf_xsd -disable-address-gen -bd ulp.bd -dn dr -dp /home/cs2401.03/mini1-gemm/build/hw/_x/link/sys_link/_sysl/.xsd
INFO: [CF2BD 82-28] cf_xsd finished successfully
INFO: [SYSTEM_LINK 82-37] [02:57:27] cf2bd finished successfully
Time (s): cpu = 00:00:02 ; elapsed = 00:00:03 . Memory (MB): peak = 713.254 ; gain = 0.000 ; free physical = 182384 ; free virtual = 484821
INFO: [v++ 60-1441] [02:57:27] Run run_link: Step system_link: Completed
Time (s): cpu = 00:00:08 ; elapsed = 00:00:09 . Memory (MB): peak = 731.793 ; gain = 0.000 ; free physical = 182516 ; free virtual = 484934
INFO: [v++ 60-1443] [02:57:27] Run run_link: Step cf2sw: Started
INFO: [v++ 60-1453] Command Line: cf2sw -sdsl /home/cs2401.03/mini1-gemm/build/hw/_x/link/int/sdsl.dat -rtd /home/cs2401.03/mini1-gemm/build/hw/_x/link/int/cf2sw.rtd -nofilter /home/cs2401.03/mini1-gemm/build/hw/_x/link/int/cf2sw_full.rtd -xclbin /home/cs2401.03/mini1-gemm/build/hw/_x/link/int/xclbin_orig.xml -o /home/cs2401.03/mini1-gemm/build/hw/_x/link/int/xclbin_orig.1.xml
INFO: [v++ 60-1454] Run Directory: /home/cs2401.03/mini1-gemm/build/hw/_x/link/run_link
INFO: [v++ 60-1441] [02:57:30] Run run_link: Step cf2sw: Completed
Time (s): cpu = 00:00:03 ; elapsed = 00:00:03 . Memory (MB): peak = 731.793 ; gain = 0.000 ; free physical = 182483 ; free virtual = 484933
INFO: [v++ 60-1443] [02:57:30] Run run_link: Step rtd2_system_diagram: Started
INFO: [v++ 60-1453] Command Line: rtd2SystemDiagram
INFO: [v++ 60-1454] Run Directory: /home/cs2401.03/mini1-gemm/build/hw/_x/link/run_link
INFO: [v++ 60-1441] [02:57:30] Run run_link: Step rtd2_system_diagram: Completed
Time (s): cpu = 00:00:00 ; elapsed = 00:00:00.16 . Memory (MB): peak = 731.793 ; gain = 0.000 ; free physical = 182469 ; free virtual = 484920
INFO: [v++ 60-1443] [02:57:30] Run run_link: Step vpl: Started
INFO: [v++ 60-1453] Command Line: vpl -t hw -f xilinx_u50_gen3x16_xdma_5_202210_1 --remote_ip_cache /home/cs2401.03/mini1-gemm/build/hw/.ipcache --output_dir /home/cs2401.03/mini1-gemm/build/hw/_x/link/int --log_dir /home/cs2401.03/mini1-gemm/build/hw/_x/logs/link --report_dir /home/cs2401.03/mini1-gemm/build/hw/_x/reports/link --config /home/cs2401.03/mini1-gemm/build/hw/_x/link/int/vplConfig.ini -k /home/cs2401.03/mini1-gemm/build/hw/_x/link/int/kernel_info.dat --webtalk_flag Vitis --temp_dir /home/cs2401.03/mini1-gemm/build/hw/_x/link --no-info --iprepo /home/cs2401.03/mini1-gemm/build/hw/_x/link/int/xo/ip_repo/xilinx_com_hls_gemm_1_0 --messageDb /home/cs2401.03/mini1-gemm/build/hw/_x/link/run_link/vpl.pb /home/cs2401.03/mini1-gemm/build/hw/_x/link/int/dr.bd.tcl
INFO: [v++ 60-1454] Run Directory: /home/cs2401.03/mini1-gemm/build/hw/_x/link/run_link

****** vpl v2025.1 (64-bit)
  **** SW Build 6137779 on 2025-05-21-18:10:03
  **** Start of session at: Thu Oct  1 02:57:32 2026
    ** Copyright 1986-2022 Xilinx, Inc. All Rights Reserved.
    ** Copyright 2022-2025 Advanced Micro Devices, Inc. All Rights Reserved.

INFO: [VPL 60-839] Read in kernel information from file '/home/cs2401.03/mini1-gemm/build/hw/_x/link/int/kernel_info.dat'.
INFO: [VPL 74-78] Compiler Version string: 2025.1
INFO: [VPL 60-423]   Target device: xilinx_u50_gen3x16_xdma_5_202210_1
INFO: [VPL 60-1032] Extracting hardware platform to /home/cs2401.03/mini1-gemm/build/hw/_x/link/vivado/vpl/.local/hw_platform
[02:57:44] Run vpl: Step create_project: Started
Creating Vivado project.
[02:57:46] Run vpl: Step create_project: Completed
[02:57:46] Run vpl: Step create_bd: Started
[02:58:12] Run vpl: Step create_bd: Completed
[02:58:12] Run vpl: Step update_bd: Started
[02:58:13] Run vpl: Step update_bd: Completed
[02:58:13] Run vpl: Step generate_target: Started
[02:58:59] Run vpl: Step generate_target: Completed
[02:58:59] Run vpl: Step config_hw_runs: Started
[02:59:24] Run vpl: Step config_hw_runs: Completed
[02:59:24] Run vpl: Step synth: Started
[03:00:02] Block-level synthesis in progress, 0 of 93 jobs complete, 8 jobs running.
[03:00:36] Block-level synthesis in progress, 0 of 93 jobs complete, 8 jobs running.
[03:01:06] Block-level synthesis in progress, 6 of 93 jobs complete, 2 jobs running.
[03:01:37] Block-level synthesis in progress, 8 of 93 jobs complete, 6 jobs running.
[03:02:08] Block-level synthesis in progress, 12 of 93 jobs complete, 6 jobs running.
[03:02:38] Block-level synthesis in progress, 18 of 93 jobs complete, 4 jobs running.
[03:03:09] Block-level synthesis in progress, 19 of 93 jobs complete, 7 jobs running.
[03:03:42] Block-level synthesis in progress, 21 of 93 jobs complete, 7 jobs running.
[03:04:12] Block-level synthesis in progress, 26 of 93 jobs complete, 4 jobs running.
[03:04:43] Block-level synthesis in progress, 28 of 93 jobs complete, 6 jobs running.
[03:05:14] Block-level synthesis in progress, 30 of 93 jobs complete, 6 jobs running.
[03:05:45] Block-level synthesis in progress, 35 of 93 jobs complete, 3 jobs running.
[03:06:15] Block-level synthesis in progress, 40 of 93 jobs complete, 3 jobs running.
[03:06:45] Block-level synthesis in progress, 47 of 93 jobs complete, 2 jobs running.
[03:07:16] Block-level synthesis in progress, 52 of 93 jobs complete, 4 jobs running.
[03:07:49] Block-level synthesis in progress, 52 of 93 jobs complete, 8 jobs running.
[03:08:20] Block-level synthesis in progress, 52 of 93 jobs complete, 8 jobs running.
[03:08:51] Block-level synthesis in progress, 59 of 93 jobs complete, 2 jobs running.
[03:09:25] Block-level synthesis in progress, 60 of 93 jobs complete, 7 jobs running.
[03:09:55] Block-level synthesis in progress, 61 of 93 jobs complete, 7 jobs running.
[03:10:26] Block-level synthesis in progress, 67 of 93 jobs complete, 2 jobs running.
[03:10:57] Block-level synthesis in progress, 68 of 93 jobs complete, 7 jobs running.
[03:11:28] Block-level synthesis in progress, 70 of 93 jobs complete, 6 jobs running.
[03:11:58] Block-level synthesis in progress, 75 of 93 jobs complete, 3 jobs running.
[03:12:29] Block-level synthesis in progress, 76 of 93 jobs complete, 7 jobs running.
[03:13:02] Block-level synthesis in progress, 77 of 93 jobs complete, 7 jobs running.
[03:13:32] Block-level synthesis in progress, 80 of 93 jobs complete, 5 jobs running.
[03:14:03] Block-level synthesis in progress, 85 of 93 jobs complete, 5 jobs running.
[03:14:34] Block-level synthesis in progress, 89 of 93 jobs complete, 2 jobs running.
[03:15:04] Block-level synthesis in progress, 89 of 93 jobs complete, 2 jobs running.
[03:15:35] Block-level synthesis in progress, 91 of 93 jobs complete, 0 jobs running.
[03:16:05] Block-level synthesis in progress, 91 of 93 jobs complete, 1 job running.
[03:16:36] Block-level synthesis in progress, 92 of 93 jobs complete, 0 jobs running.
[03:17:06] Block-level synthesis in progress, 92 of 93 jobs complete, 1 job running.
[03:17:36] Block-level synthesis in progress, 92 of 93 jobs complete, 1 job running.
[03:18:07] Run vpl: Step synth: Completed
[03:18:07] Run vpl: Step impl: Started
[03:23:44] Finished 2nd of 6 tasks (FPGA linking synthesized kernels to platform). Elapsed time: 00h 26m 12s 

[03:23:44] Starting logic optimization..
[03:23:44] Phase 1 Initialization
[03:23:44] Phase 1.1 Core Generation And Design Setup
[03:24:15] Phase 1.2 Setup Constraints And Sort Netlist
[03:24:15] Phase 2 Timer Update And Timing Data Collection
[03:24:15] Phase 2.1 Timer Update
[03:24:15] Phase 2.2 Timing Data Collection
[03:24:15] Phase 3 Retarget
[03:24:15] Phase 4 Constant propagation
[03:24:15] Phase 5 Sweep
[03:24:45] Finished 3rd of 6 tasks (FPGA logic optimization). Elapsed time: 00h 01m 01s 

[03:24:45] Starting logic placement..
[03:24:45] Phase 6 BUFG optimization
[03:24:45] Phase 7 Shift Register Optimization
[03:24:45] Phase 8 Post Processing Netlist
[03:24:45] Phase 9 Finalization
[03:24:45] Phase 9.1 Finalizing Design Cores and Updating Shapes
[03:24:45] Phase 9.2 Verifying Netlist Connectivity
[03:25:16] Phase 1 Placer Initialization
[03:25:16] Phase 1.1 Placer Initialization Netlist Sorting
[03:27:48] Phase 1.2 IO Placement/ Clock Placement/ Build Placer Device
[03:28:19] Phase 1.3 Build Placer Netlist Model
[03:28:50] Phase 1.4 Constrain Clocks/Macros
[03:29:20] Phase 2 Global Placement
[03:29:20] Phase 2.1 Floorplanning
[03:29:20] Phase 2.1.1 Partition Driven Placement
[03:29:20] Phase 2.1.1.1 PBP: Partition Driven Placement
[03:29:51] Phase 2.1.1.2 PBP: Clock Region Placement
[03:29:51] Phase 2.1.1.3 PBP: Compute Congestion
[03:29:51] Phase 2.1.1.4 PBP: UpdateTiming
[03:30:22] Phase 2.1.1.5 PBP: Add part constraints
[03:30:22] Phase 2.2 Physical Synthesis After Floorplan
[03:30:22] Phase 2.3 Update Timing before SLR Path Opt
[03:30:22] Phase 2.4 Post-Processing in Floorplanning
[03:30:22] Phase 2.5 Global Place Phase1
[03:33:58] Phase 2.6 Global Place Phase2
[03:33:58] Phase 2.6.1 UpdateTiming Before Physical Synthesis
[03:34:31] Phase 2.6.2 Physical Synthesis In Placer
[03:35:33] Phase 3 Detail Placement
[03:36:03] Phase 3.1 Commit Multi Column Macros
[03:36:03] Phase 3.2 Commit Most Macros & LUTRAMs
[03:36:34] Phase 3.3 Small Shape DP
[03:36:34] Phase 3.3.1 Small Shape Clustering
[03:36:34] Phase 3.3.2 Slice Area Swap
[03:36:34] Phase 3.3.2.1 Slice Area Swap Initial
[03:37:05] Phase 3.4 Place Remaining
[03:37:05] Phase 3.5 Re-assign LUT pins
[03:37:05] Phase 3.6 Pipeline Register Optimization
[03:37:05] Phase 3.7 Fast Optimization
[03:38:08] Phase 4 Post Placement Optimization and Clean-Up
[03:38:08] Phase 4.1 Post Commit Optimization
[03:38:39] Phase 4.1.1 Post Placement Optimization
[03:38:39] Phase 4.1.1.1 BUFG Replication
[03:38:39] Phase 4.1.1.2 Post Placement Timing Optimization
[03:39:09] Phase 4.1.1.3 Replication
[03:39:40] Phase 4.2 Post Placement Cleanup
[03:39:40] Phase 4.3 Placer Reporting
[03:39:40] Phase 4.3.1 Print Estimated Congestion
[03:39:40] Phase 4.4 Final Placement Cleanup
[03:41:42] Finished 4th of 6 tasks (FPGA logic placement). Elapsed time: 00h 16m 56s 

[03:41:42] Starting logic routing..
[03:41:42] Phase 1 Build RT Design
[03:42:13] Phase 2 Router Initialization
[03:42:13] Phase 2.1 Fix Topology Constraints
[03:42:13] Phase 2.2 Pre Route Cleanup
[03:42:43] Phase 2.3 Global Clock Net Routing
[03:42:43] Phase 2.4 Update Timing
[03:43:14] Phase 2.5 Update Timing for Bus Skew
[03:43:14] Phase 2.5.1 Update Timing
[03:43:45] Phase 2.6 Soft Constraint Pins - Fast Budgeting
[03:43:45] Phase 3 Global Routing
[03:43:45] Phase 4 Initial Routing
[03:43:45] Phase 4.1 Initial Net Routing Pass
[03:44:15] Phase 5 Rip-up And Reroute
[03:44:15] Phase 5.1 Global Iteration 0
[03:45:47] Phase 5.2 Global Iteration 1
[03:46:18] Phase 6 Delay and Skew Optimization
[03:46:18] Phase 6.1 Delay CleanUp
[03:46:18] Phase 6.2 Clock Skew Optimization
[03:46:18] Phase 7 Post Hold Fix
[03:46:18] Phase 7.1 Hold Fix Iter
[03:46:48] Phase 7.2 Non Free Resource Hold Fix Iter
[03:46:48] Phase 8 Leaf Clock Prog Delay Opt
[03:46:48] Phase 9 Route finalize
[03:46:48] Phase 10 Verifying routed nets
[03:47:19] Phase 11 Depositing Routes
[03:47:19] Phase 12 Resolve XTalk
[03:47:19] Phase 13 Post Process Routing
[03:47:19] Phase 14 Post Router Timing
[03:47:19] Phase 14.1 Update Timing
[03:47:53] Phase 15 Post-Route Event Processing
[03:47:53] Finished 5th of 6 tasks (FPGA routing). Elapsed time: 00h 06m 11s 

[03:47:53] Starting bitstream generation..
[03:53:31] Creating bitmap...
[03:56:27] Writing bitstream ./level0_i_ulp_my_rm_partial.bit...
[03:56:27] Finished 6th of 6 tasks (FPGA bitstream generation). Elapsed time: 00h 08m 34s 
Check VPL, containing 12 checks, has run: 0 errors, 2 advisory violations
ADVISORY: [AUTO-FREQ-SCALING-08] For clock hbm_aclk, the auto scaled frequency 480.0 MHz exceeds the original specified frequency. The compiler will select the original specified frequency of 450.0 MHz.
ADVISORY: [AUTO-FREQ-SCALING-08] For clock clk_kernel_00_unbuffered_net, the auto scaled frequency 359.3 MHz exceeds the original specified frequency. The compiler will select the original specified frequency of 300.0 MHz.
[03:56:27] Run vpl: Step impl: Completed
[03:56:28] Run vpl: FINISHED. Run Status: impl Complete!
INFO: [v++ 60-1441] [03:56:29] Run run_link: Step vpl: Completed
Time (s): cpu = 00:00:30 ; elapsed = 00:58:58 . Memory (MB): peak = 731.793 ; gain = 0.000 ; free physical = 162236 ; free virtual = 465846
INFO: [v++ 60-1443] [03:56:29] Run run_link: Step rtdgen: Started
INFO: [v++ 60-1453] Command Line: rtdgen
INFO: [v++ 60-1454] Run Directory: /home/cs2401.03/mini1-gemm/build/hw/_x/link/run_link
INFO: [v++ 60-991] clock name 'ulp_ucs/aclk_kernel_01' (clock ID '1') is being mapped to clock name 'KERNEL_CLK' in the xclbin
INFO: [v++ 60-991] clock name 'ulp_ucs/aclk_kernel_00' (clock ID '0') is being mapped to clock name 'DATA_CLK' in the xclbin
INFO: [v++ 60-991] clock name 'hbm_aclk' (clock ID '') is being mapped to clock name 'hbm_aclk' in the xclbin
INFO: [v++ 60-1230] The compiler selected the following frequencies for the runtime controllable kernel clock(s) and scalable system clock(s): System (SYSTEM) clock: hbm_aclk = 450, Kernel (KERNEL) clock: ulp_ucs/aclk_kernel_01 = 500, Kernel (DATA) clock: ulp_ucs/aclk_kernel_00 = 300
INFO: [v++ 60-1453] Command Line: cf2sw -a /home/cs2401.03/mini1-gemm/build/hw/_x/link/int/address_map.xml -sdsl /home/cs2401.03/mini1-gemm/build/hw/_x/link/int/sdsl.dat -xclbin /home/cs2401.03/mini1-gemm/build/hw/_x/link/int/xclbin_orig.xml -rtd /home/cs2401.03/mini1-gemm/build/hw/_x/link/int/gemm.rtd -o /home/cs2401.03/mini1-gemm/build/hw/_x/link/int/gemm.xml
INFO: [v++ 60-1652] Cf2sw returned exit code: 0
INFO: [v++ 60-1441] [03:56:31] Run run_link: Step rtdgen: Completed
Time (s): cpu = 00:00:02 ; elapsed = 00:00:02 . Memory (MB): peak = 731.793 ; gain = 0.000 ; free physical = 162233 ; free virtual = 465842
INFO: [v++ 60-1443] [03:56:31] Run run_link: Step xclbinutil: Started
INFO: [v++ 60-1453] Command Line: xclbinutil --add-section BITSTREAM:RAW:/home/cs2401.03/mini1-gemm/build/hw/_x/link/int/partial.bit --force --target hw --key-value SYS:dfx_enable:true --add-section :JSON:/home/cs2401.03/mini1-gemm/build/hw/_x/link/int/gemm.rtd --append-section :JSON:/home/cs2401.03/mini1-gemm/build/hw/_x/link/int/appendSection.rtd --add-section CLOCK_FREQ_TOPOLOGY:JSON:/home/cs2401.03/mini1-gemm/build/hw/_x/link/int/gemm_xml.rtd --add-section BUILD_METADATA:JSON:/home/cs2401.03/mini1-gemm/build/hw/_x/link/int/gemm_build.rtd --add-section EMBEDDED_METADATA:RAW:/home/cs2401.03/mini1-gemm/build/hw/_x/link/int/gemm.xml --add-section SYSTEM_METADATA:RAW:/home/cs2401.03/mini1-gemm/build/hw/_x/link/int/systemDiagramModelSlrBaseAddress.json --key-value SYS:PlatformVBNV:xilinx_u50_gen3x16_xdma_5_202210_1 --output /home/cs2401.03/mini1-gemm/build/hw/gemm.xclbin
INFO: [v++ 60-1454] Run Directory: /home/cs2401.03/mini1-gemm/build/hw/_x/link/run_link
XRT Build Version: 2.14.384 (2022.2)
       Build Date: 2022-12-09 08:55:04
          Hash ID: 090bb050d570d2b668477c3bd0f979dc3a34b9db
Creating a default 'in-memory' xclbin image.

Section: 'BITSTREAM'(0) was successfully added.
Size   : 31023712 bytes
Format : RAW
File   : '/home/cs2401.03/mini1-gemm/build/hw/_x/link/int/partial.bit'

Section: 'MEM_TOPOLOGY'(6) was successfully added.
Format : JSON
File   : 'mem_topology'

Section: 'IP_LAYOUT'(8) was successfully added.
Format : JSON
File   : 'ip_layout'

Section: 'CONNECTIVITY'(7) was successfully added.
Format : JSON
File   : 'connectivity'

Section: 'CLOCK_FREQ_TOPOLOGY'(11) was successfully added.
Size   : 410 bytes
Format : JSON
File   : '/home/cs2401.03/mini1-gemm/build/hw/_x/link/int/gemm_xml.rtd'

Section: 'BUILD_METADATA'(14) was successfully added.
Size   : 2575 bytes
Format : JSON
File   : '/home/cs2401.03/mini1-gemm/build/hw/_x/link/int/gemm_build.rtd'

Section: 'EMBEDDED_METADATA'(2) was successfully added.
Size   : 3816 bytes
Format : RAW
File   : '/home/cs2401.03/mini1-gemm/build/hw/_x/link/int/gemm.xml'

Section: 'SYSTEM_METADATA'(22) was successfully added.
Size   : 24475 bytes
Format : RAW
File   : '/home/cs2401.03/mini1-gemm/build/hw/_x/link/int/systemDiagramModelSlrBaseAddress.json'

Section: 'PARTITION_METADATA'(20) was successfully appended to.
Format : JSON
File   : 'partition_metadata'

Section: 'IP_LAYOUT'(8) was successfully appended to.
Format : JSON
File   : 'ip_layout'
Successfully wrote (31081703 bytes) to the output file: /home/cs2401.03/mini1-gemm/build/hw/gemm.xclbin
Leaving xclbinutil.
INFO: [v++ 60-1441] [03:56:32] Run run_link: Step xclbinutil: Completed
Time (s): cpu = 00:00:00.08 ; elapsed = 00:00:00.67 . Memory (MB): peak = 731.793 ; gain = 0.000 ; free physical = 162204 ; free virtual = 465842
INFO: [v++ 60-1443] [03:56:32] Run run_link: Step xclbinutilinfo: Started
INFO: [v++ 60-1453] Command Line: xclbinutil --quiet --force --info /home/cs2401.03/mini1-gemm/build/hw/gemm.xclbin.info --input /home/cs2401.03/mini1-gemm/build/hw/gemm.xclbin
INFO: [v++ 60-1454] Run Directory: /home/cs2401.03/mini1-gemm/build/hw/_x/link/run_link
INFO: [v++ 60-1441] [03:56:32] Run run_link: Step xclbinutilinfo: Completed
Time (s): cpu = 00:00:00.25 ; elapsed = 00:00:00.31 . Memory (MB): peak = 731.793 ; gain = 0.000 ; free physical = 162204 ; free virtual = 465843
INFO: [v++ 60-586] Created /home/cs2401.03/mini1-gemm/build/hw/gemm.ltx
INFO: [v++ 60-586] Created gemm.xclbin
INFO: [v++ 60-1307] Run completed. Additional information can be found in:
	Guidance: /home/cs2401.03/mini1-gemm/build/hw/_x/reports/link/v++_link_gemm_guidance.html
	Timing Report: /home/cs2401.03/mini1-gemm/build/hw/_x/reports/link/imp/impl_1_hw_bb_locked_timing_summary_routed.rpt
	Vivado Log: /home/cs2401.03/mini1-gemm/build/hw/_x/logs/link/vivado.log
	Steps Log File: /home/cs2401.03/mini1-gemm/build/hw/_x/logs/link/link.steps.log

INFO: [v++ 60-2343] Use the Vitis Unified IDE to visualize and navigate the reports. Run the following command. 
    vitis --analyze /home/cs2401.03/mini1-gemm/build/hw/gemm.xclbin.link_summary 
INFO: [v++ 60-791] Total elapsed time: 0h 59m 22s
INFO: [v++ 60-1653] Closing dispatch client.
