INFO: [v++ 60-1306] Additional information associated with this v++ link can be found at:
	Reports: /home/cs2401.03/mini1-gemm/build/hw/_x/reports/link
	Log files: /home/cs2401.03/mini1-gemm/build/hw/_x/logs/link
INFO: [v++ 60-1548] Creating build summary session with primary output /home/cs2401.03/mini1-gemm/build/hw/gemm.xclbin.link_summary, at Thu Oct  1 02:40:42 2026
INFO: [v++ 60-1315] Creating rulecheck session with output '/home/cs2401.03/mini1-gemm/build/hw/_x/reports/link/v++_link_gemm_guidance.html', at Thu Oct  1 02:40:42 2026
INFO: [v++ 60-895]   Target platform: /home/Xilinx/opt/xilinx/platforms/xilinx_u50_gen3x16_xdma_5_202210_1/xilinx_u50_gen3x16_xdma_5_202210_1.xpfm
INFO: [v++ 60-1578]   This platform contains Xilinx Shell Archive '/home/Xilinx/opt/xilinx/platforms/xilinx_u50_gen3x16_xdma_5_202210_1/hw/hw.xsa'
INFO: [v++ 74-78] Compiler Version string: 2025.1
INFO: [v++ 60-1302] Platform 'xilinx_u50_gen3x16_xdma_5_202210_1.xpfm' has been explicitly enabled for this release.
INFO: [v++ 60-629] Linking for hardware target
INFO: [v++ 60-423]   Target device: xilinx_u50_gen3x16_xdma_5_202210_1
INFO: [v++ 60-1332] Run 'run_link' status: Not started
INFO: [v++ 60-1443] [02:40:46] Run run_link: Step system_link: Started
INFO: [v++ 60-1453] Command Line: system_link --xo /home/cs2401.03/mini1-gemm/build/hls/gemm.xo --xpfm /home/Xilinx/opt/xilinx/platforms/xilinx_u50_gen3x16_xdma_5_202210_1/xilinx_u50_gen3x16_xdma_5_202210_1.xpfm --target hw --output_dir /home/cs2401.03/mini1-gemm/build/hw/_x/link/int --temp_dir /home/cs2401.03/mini1-gemm/build/hw/_x/link/sys_link
INFO: [v++ 60-1454] Run Directory: /home/cs2401.03/mini1-gemm/build/hw/_x/link/run_link
INFO: [SYSTEM_LINK 82-70] Extracting xo v3 file /home/cs2401.03/mini1-gemm/build/hls/gemm.xo
INFO: [SYSTEM_LINK 82-53] Creating IP database /home/cs2401.03/mini1-gemm/build/hw/_x/link/sys_link/_sysl/.cdb/xd_ip_db.xml
INFO: [SYSTEM_LINK 82-38] [02:40:48] build_xd_ip_db started: /home/Xilinx/2025.1/Vitis/bin/build_xd_ip_db -ip_search 0  -sds-pf /home/cs2401.03/mini1-gemm/build/hw/_x/link/sys_link/hw.hpfm -clkid 0 -ip /home/cs2401.03/mini1-gemm/build/hw/_x/link/sys_link/iprepo/xilinx_com_hls_gemm_1_0,gemm -o /home/cs2401.03/mini1-gemm/build/hw/_x/link/sys_link/_sysl/.cdb/xd_ip_db.xml
INFO: [SYSTEM_LINK 82-37] [02:40:49] build_xd_ip_db finished successfully
Time (s): cpu = 00:00:00.18 ; elapsed = 00:00:00.31 . Memory (MB): peak = 713.254 ; gain = 0.000 ; free physical = 161098 ; free virtual = 460533
INFO: [SYSTEM_LINK 82-51] Create system connectivity graph
INFO: [SYSTEM_LINK 82-102] Applying explicit connections to the system connectivity graph: /home/cs2401.03/mini1-gemm/build/hw/_x/link/sys_link/cfgraph/cfgen_cfgraph.xml
INFO: [SYSTEM_LINK 82-38] [02:40:49] cfgen started: /home/Xilinx/2025.1/Vitis/bin/cfgen  -dpa_mem_offload false -dpa_aie_mem_offload false -dmclkid 0 -r /home/cs2401.03/mini1-gemm/build/hw/_x/link/sys_link/_sysl/.cdb/xd_ip_db.xml -o /home/cs2401.03/mini1-gemm/build/hw/_x/link/sys_link/cfgraph/cfgen_cfgraph.xml
INFO: [CFGEN 83-0] Kernel Specs: 
INFO: [CFGEN 83-0]   kernel: gemm, num: 1  {gemm_1}
INFO: [CFGEN 83-2226] Inferring mapping for argument gemm_1.A to HBM[0]
INFO: [CFGEN 83-2226] Inferring mapping for argument gemm_1.B to HBM[0]
INFO: [CFGEN 83-2226] Inferring mapping for argument gemm_1.C to HBM[0]
INFO: [SYSTEM_LINK 82-37] [02:40:52] cfgen finished successfully
Time (s): cpu = 00:00:03 ; elapsed = 00:00:03 . Memory (MB): peak = 713.254 ; gain = 0.000 ; free physical = 162791 ; free virtual = 462226
INFO: [SYSTEM_LINK 82-52] Create top-level block diagram
INFO: [SYSTEM_LINK 82-38] [02:40:52] cf2bd started: /home/Xilinx/2025.1/Vitis/bin/cf2bd  --linux --trace_buffer 1024 --input_file /home/cs2401.03/mini1-gemm/build/hw/_x/link/sys_link/cfgraph/cfgen_cfgraph.xml --ip_db /home/cs2401.03/mini1-gemm/build/hw/_x/link/sys_link/_sysl/.cdb/xd_ip_db.xml --cf_name dr --working_dir /home/cs2401.03/mini1-gemm/build/hw/_x/link/sys_link/_sysl/.xsd --temp_dir /home/cs2401.03/mini1-gemm/build/hw/_x/link/sys_link --output_dir /home/cs2401.03/mini1-gemm/build/hw/_x/link/int --target_bd ulp.bd
INFO: [CF2BD 82-31] Launching cf2xd: cf2xd -linux -trace-buffer 1024 -i /home/cs2401.03/mini1-gemm/build/hw/_x/link/sys_link/cfgraph/cfgen_cfgraph.xml -r /home/cs2401.03/mini1-gemm/build/hw/_x/link/sys_link/_sysl/.cdb/xd_ip_db.xml -o dr.xml
INFO: [CF2BD 82-28] cf2xd finished successfully
INFO: [CF2BD 82-31] Launching cf_xsd: cf_xsd -disable-address-gen -bd ulp.bd -dn dr -dp /home/cs2401.03/mini1-gemm/build/hw/_x/link/sys_link/_sysl/.xsd
INFO: [CF2BD 82-28] cf_xsd finished successfully
INFO: [SYSTEM_LINK 82-37] [02:40:54] cf2bd finished successfully
Time (s): cpu = 00:00:02 ; elapsed = 00:00:03 . Memory (MB): peak = 713.254 ; gain = 0.000 ; free physical = 161515 ; free virtual = 460952
INFO: [v++ 60-1441] [02:40:55] Run run_link: Step system_link: Completed
Time (s): cpu = 00:00:08 ; elapsed = 00:00:09 . Memory (MB): peak = 731.590 ; gain = 0.000 ; free physical = 162482 ; free virtual = 461899
INFO: [v++ 60-1443] [02:40:55] Run run_link: Step cf2sw: Started
INFO: [v++ 60-1453] Command Line: cf2sw -sdsl /home/cs2401.03/mini1-gemm/build/hw/_x/link/int/sdsl.dat -rtd /home/cs2401.03/mini1-gemm/build/hw/_x/link/int/cf2sw.rtd -nofilter /home/cs2401.03/mini1-gemm/build/hw/_x/link/int/cf2sw_full.rtd -xclbin /home/cs2401.03/mini1-gemm/build/hw/_x/link/int/xclbin_orig.xml -o /home/cs2401.03/mini1-gemm/build/hw/_x/link/int/xclbin_orig.1.xml
INFO: [v++ 60-1454] Run Directory: /home/cs2401.03/mini1-gemm/build/hw/_x/link/run_link
INFO: [v++ 60-1441] [02:40:57] Run run_link: Step cf2sw: Completed
Time (s): cpu = 00:00:03 ; elapsed = 00:00:03 . Memory (MB): peak = 731.590 ; gain = 0.000 ; free physical = 164156 ; free virtual = 463573
INFO: [v++ 60-1443] [02:40:57] Run run_link: Step rtd2_system_diagram: Started
INFO: [v++ 60-1453] Command Line: rtd2SystemDiagram
INFO: [v++ 60-1454] Run Directory: /home/cs2401.03/mini1-gemm/build/hw/_x/link/run_link
INFO: [v++ 60-1441] [02:40:57] Run run_link: Step rtd2_system_diagram: Completed
Time (s): cpu = 00:00:00 ; elapsed = 00:00:00.2 . Memory (MB): peak = 731.590 ; gain = 0.000 ; free physical = 164131 ; free virtual = 463554
INFO: [v++ 60-1443] [02:40:57] Run run_link: Step vpl: Started
INFO: [v++ 60-1453] Command Line: vpl -t hw -f xilinx_u50_gen3x16_xdma_5_202210_1 --remote_ip_cache /home/cs2401.03/mini1-gemm/build/hw/.ipcache --output_dir /home/cs2401.03/mini1-gemm/build/hw/_x/link/int --log_dir /home/cs2401.03/mini1-gemm/build/hw/_x/logs/link --report_dir /home/cs2401.03/mini1-gemm/build/hw/_x/reports/link --config /home/cs2401.03/mini1-gemm/build/hw/_x/link/int/vplConfig.ini -k /home/cs2401.03/mini1-gemm/build/hw/_x/link/int/kernel_info.dat --webtalk_flag Vitis --temp_dir /home/cs2401.03/mini1-gemm/build/hw/_x/link --no-info --iprepo /home/cs2401.03/mini1-gemm/build/hw/_x/link/int/xo/ip_repo/xilinx_com_hls_gemm_1_0 --messageDb /home/cs2401.03/mini1-gemm/build/hw/_x/link/run_link/vpl.pb /home/cs2401.03/mini1-gemm/build/hw/_x/link/int/dr.bd.tcl
INFO: [v++ 60-1454] Run Directory: /home/cs2401.03/mini1-gemm/build/hw/_x/link/run_link

****** vpl v2025.1 (64-bit)
  **** SW Build 6137779 on 2025-05-21-18:10:03
  **** Start of session at: Thu Oct  1 02:40:59 2026
    ** Copyright 1986-2022 Xilinx, Inc. All Rights Reserved.
    ** Copyright 2022-2025 Advanced Micro Devices, Inc. All Rights Reserved.

INFO: [VPL 60-839] Read in kernel information from file '/home/cs2401.03/mini1-gemm/build/hw/_x/link/int/kernel_info.dat'.
INFO: [VPL 74-78] Compiler Version string: 2025.1
INFO: [VPL 60-423]   Target device: xilinx_u50_gen3x16_xdma_5_202210_1
INFO: [VPL 60-1032] Extracting hardware platform to /home/cs2401.03/mini1-gemm/build/hw/_x/link/vivado/vpl/.local/hw_platform
[02:41:12] Run vpl: Step create_project: Started
Creating Vivado project.
[02:41:15] Run vpl: Step create_project: Completed
[02:41:15] Run vpl: Step create_bd: Started
[02:41:40] Run vpl: Step create_bd: Completed
[02:41:40] Run vpl: Step update_bd: Started
[02:41:41] Run vpl: Step update_bd: Completed
[02:41:41] Run vpl: Step generate_target: Started
[02:42:25] Run vpl: Step generate_target: Completed
[02:42:25] Run vpl: Step config_hw_runs: Started
[02:43:03] Run vpl: Step config_hw_runs: Completed
[02:43:03] Run vpl: Step synth: Started
[02:43:36] Block-level synthesis in progress, 0 of 117 jobs complete, 8 jobs running.
[02:44:16] Block-level synthesis in progress, 0 of 117 jobs complete, 8 jobs running.
[02:44:46] Block-level synthesis in progress, 3 of 117 jobs complete, 5 jobs running.
[02:45:17] Block-level synthesis in progress, 7 of 117 jobs complete, 7 jobs running.
[02:45:49] Block-level synthesis in progress, 9 of 117 jobs complete, 6 jobs running.
[02:46:24] Block-level synthesis in progress, 9 of 117 jobs complete, 8 jobs running.
[02:46:55] Block-level synthesis in progress, 15 of 117 jobs complete, 2 jobs running.
[02:47:10] Block-level synthesis in progress, 17 of 117 jobs complete, 4 jobs running.
[02:47:40] Block-level synthesis in progress, 17 of 117 jobs complete, 6 jobs running.
[02:48:25] Run vpl: Step create_project: RUNNING...
[02:49:40] Run vpl: Step create_project: RUNNING...
[02:50:55] Run vpl: Step create_project: RUNNING...
[02:52:10] Run vpl: Step create_project: RUNNING...
[02:53:25] Run vpl: Step create_project: RUNNING...
/home/Xilinx/2025.1/Vitis/bin/loader: line 454: 2223250 Segmentation fault      (core dumped) "$RDI_PROG" "$@"
segfault in /home/Xilinx/2025.1/Vitis/bin/unwrapped/lnx64.o/vpl -exec vpl -t hw -f xilinx_u50_gen3x16_xdma_5_202210_1 --remote_ip_cache /home/cs2401.03/mini1-gemm/build/hw/.ipcache --output_dir /home/cs2401.03/mini1-gemm/build/hw/_x/link/int --log_dir /home/cs2401.03/mini1-gemm/build/hw/_x/logs/link --report_dir /home/cs2401.03/mini1-gemm/build/hw/_x/reports/link --config /home/cs2401.03/mini1-gemm/build/hw/_x/link/int/vplConfig.ini -k /home/cs2401.03/mini1-gemm/build/hw/_x/link/int/kernel_info.dat --webtalk_flag Vitis --temp_dir /home/cs2401.03/mini1-gemm/build/hw/_x/link --no-info --iprepo /home/cs2401.03/mini1-gemm/build/hw/_x/link/int/xo/ip_repo/xilinx_com_hls_gemm_1_0 --messageDb /home/cs2401.03/mini1-gemm/build/hw/_x/link/run_link/vpl.pb /home/cs2401.03/mini1-gemm/build/hw/_x/link/int/dr.bd.tcl, exiting...
INFO: [v++ 60-1442] [02:54:12] Run run_link: Step vpl: Failed
Time (s): cpu = 00:00:08 ; elapsed = 00:13:14 . Memory (MB): peak = 731.590 ; gain = 0.000 ; free physical = 179955 ; free virtual = 482681
INFO: [v++ 60-586] Created gemm.xclbin
INFO: [v++ 60-1307] Run completed. Additional information can be found in:
	Guidance: /home/cs2401.03/mini1-gemm/build/hw/_x/reports/link/v++_link_gemm_guidance.html

INFO: [v++ 60-2343] Use the Vitis Unified IDE to visualize and navigate the reports. Run the following command. 
    vitis --analyze /home/cs2401.03/mini1-gemm/build/hw/gemm.xclbin.link_summary 
INFO: [v++ 60-791] Total elapsed time: 0h 13m 33s
INFO: [v++ 60-1653] Closing dispatch client.
