Thu Oct  1 02:40:40 2026: Running xcd server. This server was built by gradle.
Thu Oct  1 02:40:40 2026: Server was asked to start on port: '33197'
Thu Oct  1 02:40:40 2026: Server is using token UUID: 'bbf4152c-e141-45cd-9ab8-c55d4847aa4f'
Thu Oct  1 02:40:40 2026: SESSION_MGR: creating session with session uuid: '6d04a3e9-ade5-4ab9-8d63-1f78fcd2ec76' and name 'default'
Thu Oct  1 02:40:40 2026: Attempting to start server on port '33197'
Thu Oct  1 02:40:40 2026: XCD main fifo: created main fifo '/tmp/xcdmainbbf4152c-e141-45cd-9ab8-c55d4847aa4f', fd read = 12
Thu Oct  1 02:40:40 2026: Running Dispatch Server
Thu Oct  1 02:40:40 2026: Version 2.2.0
Thu Oct  1 02:40:41 2026: Dispatch Server: Accepted socket connection from client
Thu Oct  1 02:40:41 2026: Starting Socket connection
Thu Oct  1 02:40:41 2026: EXCHANGE_TOKEN received, server token: bbf4152c-e141-45cd-9ab8-c55d4847aa4f, passed token: bbf4152c-e141-45cd-9ab8-c55d4847aa4f
Thu Oct  1 02:40:42 2026: DISPATCH_HANDLER: Adding handler from function makeHandler in library libxv_system_diagram
Thu Oct  1 02:40:42 2026: SESSION_MGR: creating session with session uuid: 'd13f2999-03de-495e-99f2-a7916c31f768' and name 'v++_link_gemm'
Thu Oct  1 02:40:42 2026: KERNEL_SVC: creating session with uuid: 'd13f2999-03de-495e-99f2-a7916c31f768' and name 'v++_link_gemm'
Thu Oct  1 02:40:42 2026: GUIDANCE_SMGR: creating guidance session with uuid: 'd13f2999-03de-495e-99f2-a7916c31f768' and name 'v++_link_gemm'
Thu Oct  1 02:40:42 2026: SYSTEM_DIAGRAM: creating session with uuid: 'd13f2999-03de-495e-99f2-a7916c31f768' and name 'v++_link_gemm'
Thu Oct  1 02:40:59 2026: Dispatch Server: Accepted socket connection from client
Thu Oct  1 02:40:59 2026: Starting Socket connection
Thu Oct  1 02:41:12 2026: Dispatch Server: Accepted socket connection from client
Thu Oct  1 02:41:12 2026: Starting Socket connection
Thu Oct  1 02:43:21 2026: Dispatch Server: Accepted socket connection from client
Thu Oct  1 02:43:21 2026: Starting Socket connection
Thu Oct  1 02:43:21 2026: Dispatch Server: Accepted socket connection from client
Thu Oct  1 02:43:21 2026: Starting Socket connection
Thu Oct  1 02:43:21 2026: Dispatch Server: Accepted socket connection from client
Thu Oct  1 02:43:21 2026: Starting Socket connection
Thu Oct  1 02:43:21 2026: Dispatch Server: Accepted socket connection from client
Thu Oct  1 02:43:21 2026: Starting Socket connection
Thu Oct  1 02:43:21 2026: Dispatch Server: Accepted socket connection from client
Thu Oct  1 02:43:21 2026: Starting Socket connection
Thu Oct  1 02:43:21 2026: Dispatch Server: Accepted socket connection from client
Thu Oct  1 02:43:21 2026: Starting Socket connection
Thu Oct  1 02:43:21 2026: Dispatch Server: Accepted socket connection from client
Thu Oct  1 02:43:21 2026: Starting Socket connection
Thu Oct  1 02:43:26 2026: Dispatch Server: Accepted socket connection from client
Thu Oct  1 02:43:26 2026: Starting Socket connection
Thu Oct  1 02:45:10 2026: Dispatch Server: Accepted socket connection from client
Thu Oct  1 02:45:10 2026: Starting Socket connection
Thu Oct  1 02:45:11 2026: Dispatch Server: Accepted socket connection from client
Thu Oct  1 02:45:11 2026: Starting Socket connection
Thu Oct  1 02:45:11 2026: Dispatch Server: Accepted socket connection from client
Thu Oct  1 02:45:11 2026: Starting Socket connection
Thu Oct  1 02:45:16 2026: Dispatch Server: Accepted socket connection from client
Thu Oct  1 02:45:16 2026: Starting Socket connection
Thu Oct  1 02:45:17 2026: Dispatch Server: Accepted socket connection from client
Thu Oct  1 02:45:17 2026: Starting Socket connection
Thu Oct  1 02:45:17 2026: Dispatch Server: Accepted socket connection from client
Thu Oct  1 02:45:17 2026: Starting Socket connection
Thu Oct  1 02:45:18 2026: Dispatch Server: Accepted socket connection from client
Thu Oct  1 02:45:18 2026: Starting Socket connection
Thu Oct  1 02:46:03 2026: Dispatch Server: Accepted socket connection from client
Thu Oct  1 02:46:03 2026: Starting Socket connection
Thu Oct  1 02:46:03 2026: Dispatch Server: Accepted socket connection from client
Thu Oct  1 02:46:03 2026: Starting Socket connection
Thu Oct  1 02:46:58 2026: Dispatch Server: Accepted socket connection from client
Thu Oct  1 02:46:58 2026: Starting Socket connection
Thu Oct  1 02:46:59 2026: Dispatch Server: Accepted socket connection from client
Thu Oct  1 02:46:59 2026: Starting Socket connection
Thu Oct  1 02:47:02 2026: Dispatch Server: Accepted socket connection from client
Thu Oct  1 02:47:02 2026: Starting Socket connection
Thu Oct  1 02:47:08 2026: Dispatch Server: Accepted socket connection from client
Thu Oct  1 02:47:08 2026: Starting Socket connection
Thu Oct  1 02:47:15 2026: Dispatch Server: Accepted socket connection from client
Thu Oct  1 02:47:15 2026: Starting Socket connection
Thu Oct  1 02:47:16 2026: Dispatch Server: Accepted socket connection from client
Thu Oct  1 02:47:16 2026: Starting Socket connection
Thu Oct  1 02:54:12 2026: SESSION_MGR: closing session for UUID 'd13f2999-03de-495e-99f2-a7916c31f768' with name 'v++_link_gemm'
Thu Oct  1 02:54:12 2026: KERNEL_SVC: closing session for UUID 'd13f2999-03de-495e-99f2-a7916c31f768' with name 'v++_link_gemm'
Thu Oct  1 02:54:12 2026: GUIDANCE_SMGR: closing session for UUID 'd13f2999-03de-495e-99f2-a7916c31f768' with name 'v++_link_gemm'
Thu Oct  1 02:54:12 2026: SYSTEM_DIAGRAM: closing session for UUID 'd13f2999-03de-495e-99f2-a7916c31f768' with name 'v++_link_gemm'
Thu Oct  1 02:54:12 2026: STOP_SERVER received, server token: bbf4152c-e141-45cd-9ab8-c55d4847aa4f, passed token: bbf4152c-e141-45cd-9ab8-c55d4847aa4f
Thu Oct  1 02:54:12 2026: DISPATCH_HANDLER: 3 connections are active. Stop request denied.
Thu Oct  1 02:57:12 2026: Running xcd server. This server was built by gradle.
Thu Oct  1 02:57:12 2026: Server was asked to start on port: '41687'
Thu Oct  1 02:57:12 2026: Server is using token UUID: '164903cb-c933-4028-b127-9015c7e20be5'
Thu Oct  1 02:57:12 2026: SESSION_MGR: creating session with session uuid: '6d04a3e9-ade5-4ab9-8d63-1f78fcd2ec76' and name 'default'
Thu Oct  1 02:57:12 2026: Attempting to start server on port '41687'
Thu Oct  1 02:57:12 2026: XCD main fifo: created main fifo '/tmp/xcdmain164903cb-c933-4028-b127-9015c7e20be5', fd read = 12
Thu Oct  1 02:57:12 2026: Running Dispatch Server
Thu Oct  1 02:57:12 2026: Version 2.2.0
Thu Oct  1 02:57:13 2026: Dispatch Server: Accepted socket connection from client
Thu Oct  1 02:57:13 2026: Starting Socket connection
Thu Oct  1 02:57:13 2026: EXCHANGE_TOKEN received, server token: 164903cb-c933-4028-b127-9015c7e20be5, passed token: 164903cb-c933-4028-b127-9015c7e20be5
Thu Oct  1 02:57:13 2026: DISPATCH_HANDLER: Adding handler from function makeHandler in library libxv_system_diagram
Thu Oct  1 02:57:13 2026: SESSION_MGR: creating session with session uuid: '498d86b3-031d-4d38-b333-1e87b7a92b68' and name 'v++_link_gemm'
Thu Oct  1 02:57:13 2026: KERNEL_SVC: creating session with uuid: '498d86b3-031d-4d38-b333-1e87b7a92b68' and name 'v++_link_gemm'
Thu Oct  1 02:57:13 2026: GUIDANCE_SMGR: creating guidance session with uuid: '498d86b3-031d-4d38-b333-1e87b7a92b68' and name 'v++_link_gemm'
Thu Oct  1 02:57:13 2026: SYSTEM_DIAGRAM: creating session with uuid: '498d86b3-031d-4d38-b333-1e87b7a92b68' and name 'v++_link_gemm'
Thu Oct  1 02:57:32 2026: Dispatch Server: Accepted socket connection from client
Thu Oct  1 02:57:32 2026: Starting Socket connection
Thu Oct  1 02:57:44 2026: Dispatch Server: Accepted socket connection from client
Thu Oct  1 02:57:44 2026: Starting Socket connection
Thu Oct  1 02:59:40 2026: Dispatch Server: Accepted socket connection from client
Thu Oct  1 02:59:40 2026: Starting Socket connection
Thu Oct  1 02:59:40 2026: Dispatch Server: Accepted socket connection from client
Thu Oct  1 02:59:40 2026: Starting Socket connection
Thu Oct  1 02:59:40 2026: Dispatch Server: Accepted socket connection from client
Thu Oct  1 02:59:40 2026: Starting Socket connection
Thu Oct  1 02:59:40 2026: Dispatch Server: Accepted socket connection from client
Thu Oct  1 02:59:40 2026: Starting Socket connection
Thu Oct  1 02:59:40 2026: Dispatch Server: Accepted socket connection from client
Thu Oct  1 02:59:40 2026: Starting Socket connection
Thu Oct  1 02:59:41 2026: Dispatch Server: Accepted socket connection from client
Thu Oct  1 02:59:41 2026: Starting Socket connection
Thu Oct  1 02:59:41 2026: Dispatch Server: Accepted socket connection from client
Thu Oct  1 02:59:41 2026: Starting Socket connection
Thu Oct  1 02:59:41 2026: Dispatch Server: Accepted socket connection from client
Thu Oct  1 02:59:41 2026: Starting Socket connection
Thu Oct  1 03:01:19 2026: Dispatch Server: Accepted socket connection from client
Thu Oct  1 03:01:19 2026: Starting Socket connection
Thu Oct  1 03:01:19 2026: Dispatch Server: Accepted socket connection from client
Thu Oct  1 03:01:19 2026: Starting Socket connection
Thu Oct  1 03:01:28 2026: Dispatch Server: Accepted socket connection from client
Thu Oct  1 03:01:28 2026: Starting Socket connection
Thu Oct  1 03:01:29 2026: Dispatch Server: Accepted socket connection from client
Thu Oct  1 03:01:29 2026: Starting Socket connection
Thu Oct  1 03:01:30 2026: Dispatch Server: Accepted socket connection from client
Thu Oct  1 03:01:30 2026: Starting Socket connection
Thu Oct  1 03:01:32 2026: Dispatch Server: Accepted socket connection from client
Thu Oct  1 03:01:32 2026: Starting Socket connection
Thu Oct  1 03:01:58 2026: Dispatch Server: Accepted socket connection from client
Thu Oct  1 03:01:58 2026: Starting Socket connection
Thu Oct  1 03:01:59 2026: Dispatch Server: Accepted socket connection from client
Thu Oct  1 03:01:59 2026: Starting Socket connection
Thu Oct  1 03:02:06 2026: Dispatch Server: Accepted socket connection from client
Thu Oct  1 03:02:06 2026: Starting Socket connection
Thu Oct  1 03:02:08 2026: Dispatch Server: Accepted socket connection from client
Thu Oct  1 03:02:08 2026: Starting Socket connection
Thu Oct  1 03:02:13 2026: Dispatch Server: Accepted socket connection from client
Thu Oct  1 03:02:13 2026: Starting Socket connection
Thu Oct  1 03:02:14 2026: Dispatch Server: Accepted socket connection from client
Thu Oct  1 03:02:14 2026: Starting Socket connection
Thu Oct  1 03:02:36 2026: Dispatch Server: Accepted socket connection from client
Thu Oct  1 03:02:36 2026: Starting Socket connection
Thu Oct  1 03:02:37 2026: Dispatch Server: Accepted socket connection from client
Thu Oct  1 03:02:37 2026: Starting Socket connection
Thu Oct  1 03:02:47 2026: Dispatch Server: Accepted socket connection from client
Thu Oct  1 03:02:47 2026: Starting Socket connection
Thu Oct  1 03:02:47 2026: Dispatch Server: Accepted socket connection from client
Thu Oct  1 03:02:47 2026: Starting Socket connection
Thu Oct  1 03:02:49 2026: Dispatch Server: Accepted socket connection from client
Thu Oct  1 03:02:49 2026: Starting Socket connection
Thu Oct  1 03:02:55 2026: Dispatch Server: Accepted socket connection from client
Thu Oct  1 03:02:55 2026: Starting Socket connection
Thu Oct  1 03:03:35 2026: Dispatch Server: Accepted socket connection from client
Thu Oct  1 03:03:35 2026: Starting Socket connection
Thu Oct  1 03:03:37 2026: Dispatch Server: Accepted socket connection from client
Thu Oct  1 03:03:37 2026: Starting Socket connection
Thu Oct  1 03:03:46 2026: Dispatch Server: Accepted socket connection from client
Thu Oct  1 03:03:46 2026: Starting Socket connection
Thu Oct  1 03:04:12 2026: Dispatch Server: Accepted socket connection from client
Thu Oct  1 03:04:12 2026: Starting Socket connection
Thu Oct  1 03:04:14 2026: Dispatch Server: Accepted socket connection from client
Thu Oct  1 03:04:14 2026: Starting Socket connection
Thu Oct  1 03:04:19 2026: Dispatch Server: Accepted socket connection from client
Thu Oct  1 03:04:19 2026: Starting Socket connection
Thu Oct  1 03:04:25 2026: Dispatch Server: Accepted socket connection from client
Thu Oct  1 03:04:25 2026: Starting Socket connection
Thu Oct  1 03:04:28 2026: Dispatch Server: Accepted socket connection from client
Thu Oct  1 03:04:28 2026: Starting Socket connection
Thu Oct  1 03:05:00 2026: Dispatch Server: Accepted socket connection from client
Thu Oct  1 03:05:00 2026: Starting Socket connection
Thu Oct  1 03:05:05 2026: Dispatch Server: Accepted socket connection from client
Thu Oct  1 03:05:05 2026: Starting Socket connection
Thu Oct  1 03:05:17 2026: Dispatch Server: Accepted socket connection from client
Thu Oct  1 03:05:17 2026: Starting Socket connection
Thu Oct  1 03:05:39 2026: Dispatch Server: Accepted socket connection from client
Thu Oct  1 03:05:39 2026: Starting Socket connection
Thu Oct  1 03:05:46 2026: Dispatch Server: Accepted socket connection from client
Thu Oct  1 03:05:46 2026: Starting Socket connection
Thu Oct  1 03:05:49 2026: Dispatch Server: Accepted socket connection from client
Thu Oct  1 03:05:49 2026: Starting Socket connection
Thu Oct  1 03:05:52 2026: Dispatch Server: Accepted socket connection from client
Thu Oct  1 03:05:52 2026: Starting Socket connection
Thu Oct  1 03:05:54 2026: Dispatch Server: Accepted socket connection from client
Thu Oct  1 03:05:54 2026: Starting Socket connection
Thu Oct  1 03:06:02 2026: Dispatch Server: Accepted socket connection from client
Thu Oct  1 03:06:02 2026: Starting Socket connection
Thu Oct  1 03:06:18 2026: Dispatch Server: Accepted socket connection from client
Thu Oct  1 03:06:18 2026: Starting Socket connection
Thu Oct  1 03:06:28 2026: Dispatch Server: Accepted socket connection from client
Thu Oct  1 03:06:28 2026: Starting Socket connection
Thu Oct  1 03:06:32 2026: Dispatch Server: Accepted socket connection from client
Thu Oct  1 03:06:32 2026: Starting Socket connection
Thu Oct  1 03:06:33 2026: Dispatch Server: Accepted socket connection from client
Thu Oct  1 03:06:33 2026: Starting Socket connection
Thu Oct  1 03:06:40 2026: Dispatch Server: Accepted socket connection from client
Thu Oct  1 03:06:40 2026: Starting Socket connection
Thu Oct  1 03:06:43 2026: Dispatch Server: Accepted socket connection from client
Thu Oct  1 03:06:43 2026: Starting Socket connection
Thu Oct  1 03:06:52 2026: Dispatch Server: Accepted socket connection from client
Thu Oct  1 03:06:52 2026: Starting Socket connection
Thu Oct  1 03:06:59 2026: Dispatch Server: Accepted socket connection from client
Thu Oct  1 03:06:59 2026: Starting Socket connection
Thu Oct  1 03:07:05 2026: Dispatch Server: Accepted socket connection from client
Thu Oct  1 03:07:05 2026: Starting Socket connection
Thu Oct  1 03:07:08 2026: Dispatch Server: Accepted socket connection from client
Thu Oct  1 03:07:08 2026: Starting Socket connection
Thu Oct  1 03:07:09 2026: Dispatch Server: Accepted socket connection from client
Thu Oct  1 03:07:09 2026: Starting Socket connection
Thu Oct  1 03:07:09 2026: Dispatch Server: Accepted socket connection from client
Thu Oct  1 03:07:09 2026: Starting Socket connection
Thu Oct  1 03:07:15 2026: Dispatch Server: Accepted socket connection from client
Thu Oct  1 03:07:15 2026: Starting Socket connection
Thu Oct  1 03:07:17 2026: Dispatch Server: Accepted socket connection from client
Thu Oct  1 03:07:17 2026: Starting Socket connection
Thu Oct  1 03:07:26 2026: Dispatch Server: Accepted socket connection from client
Thu Oct  1 03:07:26 2026: Starting Socket connection
Thu Oct  1 03:07:38 2026: Dispatch Server: Accepted socket connection from client
Thu Oct  1 03:07:38 2026: Starting Socket connection
Thu Oct  1 03:07:48 2026: Dispatch Server: Accepted socket connection from client
Thu Oct  1 03:07:48 2026: Starting Socket connection
Thu Oct  1 03:08:48 2026: Dispatch Server: Accepted socket connection from client
Thu Oct  1 03:08:48 2026: Starting Socket connection
Thu Oct  1 03:08:51 2026: Dispatch Server: Accepted socket connection from client
Thu Oct  1 03:08:51 2026: Starting Socket connection
Thu Oct  1 03:08:54 2026: Dispatch Server: Accepted socket connection from client
Thu Oct  1 03:08:54 2026: Starting Socket connection
Thu Oct  1 03:08:59 2026: Dispatch Server: Accepted socket connection from client
Thu Oct  1 03:08:59 2026: Starting Socket connection
Thu Oct  1 03:08:59 2026: Dispatch Server: Accepted socket connection from client
Thu Oct  1 03:08:59 2026: Starting Socket connection
Thu Oct  1 03:09:04 2026: Dispatch Server: Accepted socket connection from client
Thu Oct  1 03:09:04 2026: Starting Socket connection
Thu Oct  1 03:09:12 2026: Dispatch Server: Accepted socket connection from client
Thu Oct  1 03:09:12 2026: Starting Socket connection
Thu Oct  1 03:09:26 2026: Dispatch Server: Accepted socket connection from client
Thu Oct  1 03:09:26 2026: Starting Socket connection
Thu Oct  1 03:10:19 2026: Dispatch Server: Accepted socket connection from client
Thu Oct  1 03:10:19 2026: Starting Socket connection
Thu Oct  1 03:10:35 2026: Dispatch Server: Accepted socket connection from client
Thu Oct  1 03:10:35 2026: Starting Socket connection
Thu Oct  1 03:10:39 2026: Dispatch Server: Accepted socket connection from client
Thu Oct  1 03:10:39 2026: Starting Socket connection
Thu Oct  1 03:10:40 2026: Dispatch Server: Accepted socket connection from client
Thu Oct  1 03:10:40 2026: Starting Socket connection
Thu Oct  1 03:10:43 2026: Dispatch Server: Accepted socket connection from client
Thu Oct  1 03:10:43 2026: Starting Socket connection
Thu Oct  1 03:10:45 2026: Dispatch Server: Accepted socket connection from client
Thu Oct  1 03:10:45 2026: Starting Socket connection
Thu Oct  1 03:10:52 2026: Dispatch Server: Accepted socket connection from client
Thu Oct  1 03:10:52 2026: Starting Socket connection
Thu Oct  1 03:11:02 2026: Dispatch Server: Accepted socket connection from client
Thu Oct  1 03:11:02 2026: Starting Socket connection
Thu Oct  1 03:11:28 2026: Dispatch Server: Accepted socket connection from client
Thu Oct  1 03:11:28 2026: Starting Socket connection
Thu Oct  1 03:11:48 2026: Dispatch Server: Accepted socket connection from client
Thu Oct  1 03:11:48 2026: Starting Socket connection
Thu Oct  1 03:12:15 2026: Dispatch Server: Accepted socket connection from client
Thu Oct  1 03:12:15 2026: Starting Socket connection
Thu Oct  1 03:12:16 2026: Dispatch Server: Accepted socket connection from client
Thu Oct  1 03:12:16 2026: Starting Socket connection
Thu Oct  1 03:12:19 2026: Dispatch Server: Accepted socket connection from client
Thu Oct  1 03:12:19 2026: Starting Socket connection
Thu Oct  1 03:12:22 2026: Dispatch Server: Accepted socket connection from client
Thu Oct  1 03:12:22 2026: Starting Socket connection
Thu Oct  1 03:12:22 2026: Dispatch Server: Accepted socket connection from client
Thu Oct  1 03:12:22 2026: Starting Socket connection
Thu Oct  1 03:12:38 2026: Dispatch Server: Accepted socket connection from client
Thu Oct  1 03:12:38 2026: Starting Socket connection
Thu Oct  1 03:13:29 2026: Dispatch Server: Accepted socket connection from client
Thu Oct  1 03:13:29 2026: Starting Socket connection
Thu Oct  1 03:13:56 2026: Dispatch Server: Accepted socket connection from client
Thu Oct  1 03:13:56 2026: Starting Socket connection
Thu Oct  1 03:13:57 2026: Dispatch Server: Accepted socket connection from client
Thu Oct  1 03:13:57 2026: Starting Socket connection
Thu Oct  1 03:13:57 2026: Dispatch Server: Accepted socket connection from client
Thu Oct  1 03:13:57 2026: Starting Socket connection
Thu Oct  1 03:14:00 2026: Dispatch Server: Accepted socket connection from client
Thu Oct  1 03:14:00 2026: Starting Socket connection
Thu Oct  1 03:14:01 2026: Dispatch Server: Accepted socket connection from client
Thu Oct  1 03:14:01 2026: Starting Socket connection
Thu Oct  1 03:14:06 2026: Dispatch Server: Accepted socket connection from client
Thu Oct  1 03:14:06 2026: Starting Socket connection
Thu Oct  1 03:15:40 2026: Dispatch Server: Accepted socket connection from client
Thu Oct  1 03:15:40 2026: Starting Socket connection
Thu Oct  1 03:16:48 2026: Dispatch Server: Accepted socket connection from client
Thu Oct  1 03:16:48 2026: Starting Socket connection
Thu Oct  1 03:18:14 2026: Dispatch Server: Accepted socket connection from client
Thu Oct  1 03:18:14 2026: Starting Socket connection
Thu Oct  1 03:56:32 2026: SESSION_MGR: closing session for UUID '498d86b3-031d-4d38-b333-1e87b7a92b68' with name 'v++_link_gemm'
Thu Oct  1 03:56:32 2026: KERNEL_SVC: closing session for UUID '498d86b3-031d-4d38-b333-1e87b7a92b68' with name 'v++_link_gemm'
Thu Oct  1 03:56:32 2026: GUIDANCE_SMGR: closing session for UUID '498d86b3-031d-4d38-b333-1e87b7a92b68' with name 'v++_link_gemm'
Thu Oct  1 03:56:32 2026: SYSTEM_DIAGRAM: closing session for UUID '498d86b3-031d-4d38-b333-1e87b7a92b68' with name 'v++_link_gemm'
Thu Oct  1 03:56:32 2026: STOP_SERVER received, server token: 164903cb-c933-4028-b127-9015c7e20be5, passed token: 164903cb-c933-4028-b127-9015c7e20be5
Thu Oct  1 03:56:32 2026: DISPATCH_HANDLER: 2 connections are active. Stop request denied.
