#-----------------------------------------------------------
# Vivado v2025.1 (64-bit)
# SW Build 6140274 on Wed May 21 22:58:25 MDT 2025
# IP Build 6138677 on Thu May 22 03:10:11 MDT 2025
# SharedData Build 6139179 on Tue May 20 17:58:58 MDT 2025
# Start of session at: Thu Oct  1 02:36:24 2026
# Process ID         : 2079057
# Current directory  : /home/cs2401.03/mini1-gemm/build/hls/hls/impl/ip
# Command line       : vivado -notrace -mode batch -source run_ippack.tcl
# Log file           : /home/cs2401.03/mini1-gemm/build/hls/hls/impl/ip/vivado.log
# Journal file       : /home/cs2401.03/mini1-gemm/build/hls/hls/impl/ip/vivado.jou
# Running On         : rce.iiit.ac.in
# Platform           : CentOSStream
# Operating System   : CentOS Stream release 8
# Processor Detail   : Intel(R) Xeon(R) Gold 6226R CPU @ 2.90GHz
# CPU Frequency      : 2900.000 MHz
# CPU Physical cores : 32
# CPU Logical cores  : 64
# Host memory        : 100335 MB
# Swap memory        : 17179 MB
# Total Virtual      : 117515 MB
# Available Virtual  : 96246 MB
#-----------------------------------------------------------
source run_ippack.tcl -notrace
INFO: calling package_hls_ip ip_types=vitis sysgen json_file=/home/cs2401.03/mini1-gemm/build/hls/hls/hls_data.json outdir=/home/cs2401.03/mini1-gemm/build/hls/hls/impl/ip srcdir=/home/cs2401.03/mini1-gemm/build/hls/hls ippack_options_dict= ippack_options_dict=
INFO: Copied 1 ipmisc file(s) to /home/cs2401.03/mini1-gemm/build/hls/hls/impl/ip/misc
INFO: Copied 10 verilog file(s) to /home/cs2401.03/mini1-gemm/build/hls/hls/impl/ip/hdl/verilog
INFO: Copied 10 vhdl file(s) to /home/cs2401.03/mini1-gemm/build/hls/hls/impl/ip/hdl/vhdl
INFO: Copied 10 swdriver file(s) to /home/cs2401.03/mini1-gemm/build/hls/hls/impl/ip/drivers
Generating 2 subcores in /home/cs2401.03/mini1-gemm/build/hls/hls/impl/ip/subcore_prj:
impl/misc/gemm_fadd_32ns_32ns_32_7_full_dsp_1_ip.tcl
impl/misc/gemm_fmul_32ns_32ns_32_4_max_dsp_1_ip.tcl
WARNING: [Common 17-1496] Vivado tclapp support version doesn't have install/uninstall hooks. Please update support using ::tclapp::update_support command.
WARNING: [Common 17-1496] Vivado tclapp support version doesn't have install/uninstall hooks. Please update support using ::tclapp::update_support command.
WARNING: [Common 17-1496] Vivado tclapp support version doesn't have install/uninstall hooks. Please update support using ::tclapp::update_support command.
WARNING: [Common 17-1496] Vivado tclapp support version doesn't have install/uninstall hooks. Please update support using ::tclapp::update_support command.
WARNING: [Common 17-1496] Vivado tclapp support version doesn't have install/uninstall hooks. Please update support using ::tclapp::update_support command.
WARNING: [Common 17-1496] Vivado tclapp support version doesn't have install/uninstall hooks. Please update support using ::tclapp::update_support command.
INFO: Using COE_DIR=/home/cs2401.03/mini1-gemm/build/hls/hls/impl/ip/hdl/verilog
INFO: Generating gemm_fadd_32ns_32ns_32_7_full_dsp_1_ip via file impl/misc/gemm_fadd_32ns_32ns_32_7_full_dsp_1_ip.tcl
INFO: [IP_Flow 19-234] Refreshing IP repositories
INFO: [IP_Flow 19-1704] No user IP repositories specified
INFO: [IP_Flow 19-2313] Loaded Vivado IP repository '/home/Xilinx/2025.1/Vivado/data/ip'.
INFO: [IP_Flow 19-1686] Generating 'Synthesis' target for IP 'gemm_fadd_32ns_32ns_32_7_full_dsp_1_ip'...
INFO: [IP_Flow 19-1686] Generating 'Simulation' target for IP 'gemm_fadd_32ns_32ns_32_7_full_dsp_1_ip'...
INFO: Done generating gemm_fadd_32ns_32ns_32_7_full_dsp_1_ip via file impl/misc/gemm_fadd_32ns_32ns_32_7_full_dsp_1_ip.tcl
INFO: Generating gemm_fmul_32ns_32ns_32_4_max_dsp_1_ip via file impl/misc/gemm_fmul_32ns_32ns_32_4_max_dsp_1_ip.tcl
INFO: [IP_Flow 19-1686] Generating 'Synthesis' target for IP 'gemm_fmul_32ns_32ns_32_4_max_dsp_1_ip'...
INFO: [IP_Flow 19-1686] Generating 'Simulation' target for IP 'gemm_fmul_32ns_32ns_32_4_max_dsp_1_ip'...
INFO: Done generating gemm_fmul_32ns_32ns_32_4_max_dsp_1_ip via file impl/misc/gemm_fmul_32ns_32ns_32_4_max_dsp_1_ip.tcl
INFO: Found 1 unique subcore IP: xilinx.com:ip:floating_point:7.1
INFO: Copied 2 subcore files: /home/cs2401.03/mini1-gemm/build/hls/hls/impl/ip/hdl/ip/gemm_fmul_32ns_32ns_32_4_max_dsp_1_ip/gemm_fmul_32ns_32ns_32_4_max_dsp_1_ip.xci /home/cs2401.03/mini1-gemm/build/hls/hls/impl/ip/hdl/ip/gemm_fadd_32ns_32ns_32_7_full_dsp_1_ip/gemm_fadd_32ns_32ns_32_7_full_dsp_1_ip.xci
INFO: Import ports from HDL: /home/cs2401.03/mini1-gemm/build/hls/hls/impl/ip/hdl/vhdl/gemm.vhd (gemm)
INFO: Add axi4lite interface s_axi_control
INFO: Add clock interface ap_clk
INFO: Add reset interface ap_rst_n
INFO: Add interrupt interface interrupt
INFO: [IP_Flow 19-234] Refreshing IP repositories
INFO: [IP_Flow 19-1704] No user IP repositories specified
INFO: [IP_Flow 19-2313] Loaded Vivado IP repository '/home/Xilinx/2025.1/Vivado/data/ip'.
INFO: Add axi4full interface m_axi_gmem0
INFO: Add axi4full interface m_axi_gmem1
INFO: Add axi4full interface m_axi_gmem2
INFO: Calling post_process_vitis to specialize IP
INFO: Calling post_process_sysgen to specialize IP
Generating sysgen info xml from json file
INFO: Created IP /home/cs2401.03/mini1-gemm/build/hls/hls/impl/ip/component.xml
Generating XO file: gemm.xo in directory /home/cs2401.03/mini1-gemm/build/hls/hls/..
Running: package_xo -xo_path /home/cs2401.03/mini1-gemm/build/hls/hls/../gemm.xo -kernel_xml /home/cs2401.03/mini1-gemm/build/hls/hls/kernel.xml -kernel_name gemm -ip_directory /home/cs2401.03/mini1-gemm/build/hls/hls/impl/ip -kernel_files /home/cs2401.03/mini1-gemm/build/hls/hls/../../../src/kernel.cpp -hls_directory /home/cs2401.03/mini1-gemm/build/hls/hls/impl/misc/hls_files -kernel_json /home/cs2401.03/mini1-gemm/build/hls/hls/hls_data.json
INFO: Created IP archive /home/cs2401.03/mini1-gemm/build/hls/hls/impl/ip/xilinx_com_hls_gemm_1_0.zip
INFO: [Common 17-206] Exiting Vivado at Thu Oct  1 02:36:34 2026...
