
*** Running vivado
    with args -log bd_22c0_frequency_counter_aclk_kernel_01_0.vds -m64 -product Vivado -mode batch -messageDb vivado.pb -notrace -source bd_22c0_frequency_counter_aclk_kernel_01_0.tcl


****** Vivado v2025.1 (64-bit)
  **** SW Build 6140274 on Wed May 21 22:58:25 MDT 2025
  **** IP Build 6138677 on Thu May 22 03:10:11 MDT 2025
  **** SharedData Build 6139179 on Tue May 20 17:58:58 MDT 2025
  **** Start of session at: Thu Oct  1 03:02:10 2026
    ** Copyright 1986-2022 Xilinx, Inc. All Rights Reserved.
    ** Copyright 2022-2025 Advanced Micro Devices, Inc. All Rights Reserved.

source bd_22c0_frequency_counter_aclk_kernel_01_0.tcl -notrace
INFO: Dispatch client connection id - 41687
create_project: Time (s): cpu = 00:00:08 ; elapsed = 00:00:09 . Memory (MB): peak = 1767.324 ; gain = 65.828 ; free physical = 175686 ; free virtual = 478766
INFO: [IP_Flow 19-234] Refreshing IP repositories
INFO: [IP_Flow 19-1700] Loaded user IP repository '/home/cs2401.03/mini1-gemm/build/hw/_x/link/int/xo/ip_repo/xilinx_com_hls_gemm_1_0'.
INFO: [IP_Flow 19-1700] Loaded user IP repository '/home/cs2401.03/mini1-gemm/build/hw/_x/link/vivado/vpl/.local/hw_platform/iprepo'.
INFO: [IP_Flow 19-1700] Loaded user IP repository '/home/cs2401.03/mini1-gemm/build/hw/_x/link/vivado/vpl/.local/hw_platform/ipcache'.
INFO: [IP_Flow 19-1700] Loaded user IP repository '/home/Xilinx/2025.1/Vitis/data/vitis/ip'.
INFO: [IP_Flow 19-2313] Loaded Vivado IP repository '/home/Xilinx/2025.1/Vivado/data/ip'.
WARNING: [IP_Flow 19-1663] Duplicate IP found for 'xilinx.com:ip:clk_metadata_adapter:1.0'. The one found in IP location '/home/cs2401.03/mini1-gemm/build/hw/_x/link/vivado/vpl/.local/hw_platform/iprepo/ipdefs/other_ipdefs/clk_metadata_adapter_v1_0' will take precedence over the same IP in location /home/cs2401.03/mini1-gemm/build/hw/_x/link/vivado/vpl/.local/hw_platform/iprepo/ipdefs/ii_infra_ipdefs/clk_metadata_adapter_v1_0
WARNING: [IP_Flow 19-1663] Duplicate IP found for 'xilinx.com:ip:axi_clk_metadata_adapter:1.0'. The one found in IP location '/home/cs2401.03/mini1-gemm/build/hw/_x/link/vivado/vpl/.local/hw_platform/iprepo/ipdefs/other_ipdefs/axi_clk_metadata_adapter_v1_0' will take precedence over the same IP in location /home/cs2401.03/mini1-gemm/build/hw/_x/link/vivado/vpl/.local/hw_platform/iprepo/ipdefs/ii_infra_ipdefs/axi_clk_metadata_adapter_v1_0
WARNING: [IP_Flow 19-1663] Duplicate IP found for 'xilinx.com:ip:axis_clk_metadata_adapter:1.0'. The one found in IP location '/home/cs2401.03/mini1-gemm/build/hw/_x/link/vivado/vpl/.local/hw_platform/iprepo/ipdefs/other_ipdefs/axis_clk_metadata_adapter_v1_0' will take precedence over the same IP in location /home/cs2401.03/mini1-gemm/build/hw/_x/link/vivado/vpl/.local/hw_platform/iprepo/ipdefs/ii_infra_ipdefs/axis_clk_metadata_adapter_v1_0
WARNING: [IP_Flow 19-1663] Duplicate IP found for 'xilinx.com:ip:pipeline_reg:1.0'. The one found in IP location '/home/cs2401.03/mini1-gemm/build/hw/_x/link/vivado/vpl/.local/hw_platform/iprepo/ipdefs/other_ipdefs/pipeline_reg_v1_0' will take precedence over the same IP in location /home/cs2401.03/mini1-gemm/build/hw/_x/link/vivado/vpl/.local/hw_platform/iprepo/ipdefs/ii_infra_ipdefs/pipeline_reg_v1_0
Command: synth_design -top bd_22c0_frequency_counter_aclk_kernel_01_0 -part xcu50-fsvh2104-2-e -incremental_mode off -mode out_of_context
Starting synth_design
Attempting to get a license for feature 'Synthesis' and/or device 'xcu50'
INFO: [Common 17-349] Got license for feature 'Synthesis' and/or device 'xcu50'
INFO: [Device 21-403] Loading part xcu50-fsvh2104-2-e
INFO: [Synth 8-7079] Multithreading enabled for synth_design using a maximum of 1 processes.
INFO: [Synth 8-7078] Launching helper process for spawning children vivado processes
INFO: [Synth 8-7075] Helper process launched with PID 2261910
---------------------------------------------------------------------------------
Starting RTL Elaboration : Time (s): cpu = 00:00:05 ; elapsed = 00:00:05 . Memory (MB): peak = 3413.215 ; gain = 268.773 ; free physical = 172222 ; free virtual = 475302
---------------------------------------------------------------------------------
INFO: [Synth 8-6157] synthesizing module 'bd_22c0_frequency_counter_aclk_kernel_01_0' [/home/cs2401.03/mini1-gemm/build/hw/_x/link/vivado/vpl/prj/prj.gen/my_rm/bd/ulp/ip/ulp_ulp_ucs_0/bd_0/ip/ip_47/synth/bd_22c0_frequency_counter_aclk_kernel_01_0.v:53]
INFO: [Synth 8-6157] synthesizing module 'shell_utils_frequency_counter_v1_0_0' [/home/cs2401.03/mini1-gemm/build/hw/_x/link/vivado/vpl/prj/prj.gen/my_rm/bd/ulp/ipshared/26b2/hdl/shell_utils_frequency_counter_v1_0_rfs.v:54]
INFO: [Synth 8-6157] synthesizing module 'xpm_cdc_async_rst' [/home/Xilinx/2025.1/Vivado/data/ip/xpm/xpm_cdc/hdl/xpm_cdc.sv:1175]
INFO: [Synth 8-6155] done synthesizing module 'xpm_cdc_async_rst' (0#1) [/home/Xilinx/2025.1/Vivado/data/ip/xpm/xpm_cdc/hdl/xpm_cdc.sv:1175]
INFO: [Synth 8-6157] synthesizing module 'xpm_cdc_array_single' [/home/Xilinx/2025.1/Vivado/data/ip/xpm/xpm_cdc/hdl/xpm_cdc.sv:903]
INFO: [Synth 8-6155] done synthesizing module 'xpm_cdc_array_single' (0#1) [/home/Xilinx/2025.1/Vivado/data/ip/xpm/xpm_cdc/hdl/xpm_cdc.sv:903]
INFO: [Synth 8-6157] synthesizing module 'xpm_cdc_array_single__parameterized0' [/home/Xilinx/2025.1/Vivado/data/ip/xpm/xpm_cdc/hdl/xpm_cdc.sv:903]
INFO: [Synth 8-6155] done synthesizing module 'xpm_cdc_array_single__parameterized0' (0#1) [/home/Xilinx/2025.1/Vivado/data/ip/xpm/xpm_cdc/hdl/xpm_cdc.sv:903]
INFO: [Synth 8-155] case statement is not full and has no default [/home/cs2401.03/mini1-gemm/build/hw/_x/link/vivado/vpl/prj/prj.gen/my_rm/bd/ulp/ipshared/26b2/hdl/shell_utils_frequency_counter_v1_0_rfs.v:187]
INFO: [Synth 8-155] case statement is not full and has no default [/home/cs2401.03/mini1-gemm/build/hw/_x/link/vivado/vpl/prj/prj.gen/my_rm/bd/ulp/ipshared/26b2/hdl/shell_utils_frequency_counter_v1_0_rfs.v:234]
INFO: [Synth 8-6155] done synthesizing module 'shell_utils_frequency_counter_v1_0_0' (0#1) [/home/cs2401.03/mini1-gemm/build/hw/_x/link/vivado/vpl/prj/prj.gen/my_rm/bd/ulp/ipshared/26b2/hdl/shell_utils_frequency_counter_v1_0_rfs.v:54]
INFO: [Synth 8-6155] done synthesizing module 'bd_22c0_frequency_counter_aclk_kernel_01_0' (0#1) [/home/cs2401.03/mini1-gemm/build/hw/_x/link/vivado/vpl/prj/prj.gen/my_rm/bd/ulp/ip/ulp_ulp_ucs_0/bd_0/ip/ip_47/synth/bd_22c0_frequency_counter_aclk_kernel_01_0.v:53]
WARNING: [Synth 8-7129] Port src_clk in module xpm_cdc_array_single__parameterized0 is either unconnected or has no load
WARNING: [Synth 8-7129] Port src_clk in module xpm_cdc_array_single is either unconnected or has no load
WARNING: [Synth 8-7129] Port s_axi_awaddr[31] in module shell_utils_frequency_counter_v1_0_0 is either unconnected or has no load
WARNING: [Synth 8-7129] Port s_axi_awaddr[30] in module shell_utils_frequency_counter_v1_0_0 is either unconnected or has no load
WARNING: [Synth 8-7129] Port s_axi_awaddr[29] in module shell_utils_frequency_counter_v1_0_0 is either unconnected or has no load
WARNING: [Synth 8-7129] Port s_axi_awaddr[28] in module shell_utils_frequency_counter_v1_0_0 is either unconnected or has no load
WARNING: [Synth 8-7129] Port s_axi_awaddr[27] in module shell_utils_frequency_counter_v1_0_0 is either unconnected or has no load
WARNING: [Synth 8-7129] Port s_axi_awaddr[26] in module shell_utils_frequency_counter_v1_0_0 is either unconnected or has no load
WARNING: [Synth 8-7129] Port s_axi_awaddr[25] in module shell_utils_frequency_counter_v1_0_0 is either unconnected or has no load
WARNING: [Synth 8-7129] Port s_axi_awaddr[24] in module shell_utils_frequency_counter_v1_0_0 is either unconnected or has no load
WARNING: [Synth 8-7129] Port s_axi_awaddr[23] in module shell_utils_frequency_counter_v1_0_0 is either unconnected or has no load
WARNING: [Synth 8-7129] Port s_axi_awaddr[22] in module shell_utils_frequency_counter_v1_0_0 is either unconnected or has no load
WARNING: [Synth 8-7129] Port s_axi_awaddr[21] in module shell_utils_frequency_counter_v1_0_0 is either unconnected or has no load
WARNING: [Synth 8-7129] Port s_axi_awaddr[20] in module shell_utils_frequency_counter_v1_0_0 is either unconnected or has no load
WARNING: [Synth 8-7129] Port s_axi_awaddr[19] in module shell_utils_frequency_counter_v1_0_0 is either unconnected or has no load
WARNING: [Synth 8-7129] Port s_axi_awaddr[18] in module shell_utils_frequency_counter_v1_0_0 is either unconnected or has no load
WARNING: [Synth 8-7129] Port s_axi_awaddr[17] in module shell_utils_frequency_counter_v1_0_0 is either unconnected or has no load
WARNING: [Synth 8-7129] Port s_axi_awaddr[16] in module shell_utils_frequency_counter_v1_0_0 is either unconnected or has no load
WARNING: [Synth 8-7129] Port s_axi_awaddr[15] in module shell_utils_frequency_counter_v1_0_0 is either unconnected or has no load
WARNING: [Synth 8-7129] Port s_axi_awaddr[14] in module shell_utils_frequency_counter_v1_0_0 is either unconnected or has no load
WARNING: [Synth 8-7129] Port s_axi_awaddr[13] in module shell_utils_frequency_counter_v1_0_0 is either unconnected or has no load
WARNING: [Synth 8-7129] Port s_axi_awaddr[12] in module shell_utils_frequency_counter_v1_0_0 is either unconnected or has no load
WARNING: [Synth 8-7129] Port s_axi_awaddr[11] in module shell_utils_frequency_counter_v1_0_0 is either unconnected or has no load
WARNING: [Synth 8-7129] Port s_axi_awaddr[10] in module shell_utils_frequency_counter_v1_0_0 is either unconnected or has no load
WARNING: [Synth 8-7129] Port s_axi_awaddr[9] in module shell_utils_frequency_counter_v1_0_0 is either unconnected or has no load
WARNING: [Synth 8-7129] Port s_axi_awaddr[8] in module shell_utils_frequency_counter_v1_0_0 is either unconnected or has no load
WARNING: [Synth 8-7129] Port s_axi_awaddr[7] in module shell_utils_frequency_counter_v1_0_0 is either unconnected or has no load
WARNING: [Synth 8-7129] Port s_axi_awaddr[6] in module shell_utils_frequency_counter_v1_0_0 is either unconnected or has no load
WARNING: [Synth 8-7129] Port s_axi_awaddr[5] in module shell_utils_frequency_counter_v1_0_0 is either unconnected or has no load
WARNING: [Synth 8-7129] Port s_axi_awaddr[4] in module shell_utils_frequency_counter_v1_0_0 is either unconnected or has no load
WARNING: [Synth 8-7129] Port s_axi_wdata[31] in module shell_utils_frequency_counter_v1_0_0 is either unconnected or has no load
WARNING: [Synth 8-7129] Port s_axi_wdata[30] in module shell_utils_frequency_counter_v1_0_0 is either unconnected or has no load
WARNING: [Synth 8-7129] Port s_axi_wdata[29] in module shell_utils_frequency_counter_v1_0_0 is either unconnected or has no load
WARNING: [Synth 8-7129] Port s_axi_wdata[28] in module shell_utils_frequency_counter_v1_0_0 is either unconnected or has no load
WARNING: [Synth 8-7129] Port s_axi_wdata[27] in module shell_utils_frequency_counter_v1_0_0 is either unconnected or has no load
WARNING: [Synth 8-7129] Port s_axi_wdata[26] in module shell_utils_frequency_counter_v1_0_0 is either unconnected or has no load
WARNING: [Synth 8-7129] Port s_axi_wdata[25] in module shell_utils_frequency_counter_v1_0_0 is either unconnected or has no load
WARNING: [Synth 8-7129] Port s_axi_wdata[24] in module shell_utils_frequency_counter_v1_0_0 is either unconnected or has no load
WARNING: [Synth 8-7129] Port s_axi_wdata[23] in module shell_utils_frequency_counter_v1_0_0 is either unconnected or has no load
WARNING: [Synth 8-7129] Port s_axi_wdata[22] in module shell_utils_frequency_counter_v1_0_0 is either unconnected or has no load
WARNING: [Synth 8-7129] Port s_axi_wdata[21] in module shell_utils_frequency_counter_v1_0_0 is either unconnected or has no load
WARNING: [Synth 8-7129] Port s_axi_wdata[20] in module shell_utils_frequency_counter_v1_0_0 is either unconnected or has no load
WARNING: [Synth 8-7129] Port s_axi_wdata[19] in module shell_utils_frequency_counter_v1_0_0 is either unconnected or has no load
WARNING: [Synth 8-7129] Port s_axi_wdata[18] in module shell_utils_frequency_counter_v1_0_0 is either unconnected or has no load
WARNING: [Synth 8-7129] Port s_axi_wdata[17] in module shell_utils_frequency_counter_v1_0_0 is either unconnected or has no load
WARNING: [Synth 8-7129] Port s_axi_wdata[16] in module shell_utils_frequency_counter_v1_0_0 is either unconnected or has no load
WARNING: [Synth 8-7129] Port s_axi_wdata[15] in module shell_utils_frequency_counter_v1_0_0 is either unconnected or has no load
WARNING: [Synth 8-7129] Port s_axi_wdata[14] in module shell_utils_frequency_counter_v1_0_0 is either unconnected or has no load
WARNING: [Synth 8-7129] Port s_axi_wdata[13] in module shell_utils_frequency_counter_v1_0_0 is either unconnected or has no load
WARNING: [Synth 8-7129] Port s_axi_wdata[12] in module shell_utils_frequency_counter_v1_0_0 is either unconnected or has no load
WARNING: [Synth 8-7129] Port s_axi_wdata[11] in module shell_utils_frequency_counter_v1_0_0 is either unconnected or has no load
WARNING: [Synth 8-7129] Port s_axi_wdata[10] in module shell_utils_frequency_counter_v1_0_0 is either unconnected or has no load
WARNING: [Synth 8-7129] Port s_axi_wdata[9] in module shell_utils_frequency_counter_v1_0_0 is either unconnected or has no load
WARNING: [Synth 8-7129] Port s_axi_wdata[8] in module shell_utils_frequency_counter_v1_0_0 is either unconnected or has no load
WARNING: [Synth 8-7129] Port s_axi_wdata[7] in module shell_utils_frequency_counter_v1_0_0 is either unconnected or has no load
WARNING: [Synth 8-7129] Port s_axi_wdata[6] in module shell_utils_frequency_counter_v1_0_0 is either unconnected or has no load
WARNING: [Synth 8-7129] Port s_axi_wdata[5] in module shell_utils_frequency_counter_v1_0_0 is either unconnected or has no load
WARNING: [Synth 8-7129] Port s_axi_wdata[4] in module shell_utils_frequency_counter_v1_0_0 is either unconnected or has no load
WARNING: [Synth 8-7129] Port s_axi_wdata[3] in module shell_utils_frequency_counter_v1_0_0 is either unconnected or has no load
WARNING: [Synth 8-7129] Port s_axi_wdata[2] in module shell_utils_frequency_counter_v1_0_0 is either unconnected or has no load
WARNING: [Synth 8-7129] Port s_axi_wdata[1] in module shell_utils_frequency_counter_v1_0_0 is either unconnected or has no load
WARNING: [Synth 8-7129] Port s_axi_wstrb[3] in module shell_utils_frequency_counter_v1_0_0 is either unconnected or has no load
WARNING: [Synth 8-7129] Port s_axi_wstrb[2] in module shell_utils_frequency_counter_v1_0_0 is either unconnected or has no load
WARNING: [Synth 8-7129] Port s_axi_wstrb[1] in module shell_utils_frequency_counter_v1_0_0 is either unconnected or has no load
WARNING: [Synth 8-7129] Port s_axi_wstrb[0] in module shell_utils_frequency_counter_v1_0_0 is either unconnected or has no load
WARNING: [Synth 8-7129] Port s_axi_araddr[31] in module shell_utils_frequency_counter_v1_0_0 is either unconnected or has no load
WARNING: [Synth 8-7129] Port s_axi_araddr[30] in module shell_utils_frequency_counter_v1_0_0 is either unconnected or has no load
WARNING: [Synth 8-7129] Port s_axi_araddr[29] in module shell_utils_frequency_counter_v1_0_0 is either unconnected or has no load
WARNING: [Synth 8-7129] Port s_axi_araddr[28] in module shell_utils_frequency_counter_v1_0_0 is either unconnected or has no load
WARNING: [Synth 8-7129] Port s_axi_araddr[27] in module shell_utils_frequency_counter_v1_0_0 is either unconnected or has no load
WARNING: [Synth 8-7129] Port s_axi_araddr[26] in module shell_utils_frequency_counter_v1_0_0 is either unconnected or has no load
WARNING: [Synth 8-7129] Port s_axi_araddr[25] in module shell_utils_frequency_counter_v1_0_0 is either unconnected or has no load
WARNING: [Synth 8-7129] Port s_axi_araddr[24] in module shell_utils_frequency_counter_v1_0_0 is either unconnected or has no load
WARNING: [Synth 8-7129] Port s_axi_araddr[23] in module shell_utils_frequency_counter_v1_0_0 is either unconnected or has no load
WARNING: [Synth 8-7129] Port s_axi_araddr[22] in module shell_utils_frequency_counter_v1_0_0 is either unconnected or has no load
WARNING: [Synth 8-7129] Port s_axi_araddr[21] in module shell_utils_frequency_counter_v1_0_0 is either unconnected or has no load
WARNING: [Synth 8-7129] Port s_axi_araddr[20] in module shell_utils_frequency_counter_v1_0_0 is either unconnected or has no load
WARNING: [Synth 8-7129] Port s_axi_araddr[19] in module shell_utils_frequency_counter_v1_0_0 is either unconnected or has no load
WARNING: [Synth 8-7129] Port s_axi_araddr[18] in module shell_utils_frequency_counter_v1_0_0 is either unconnected or has no load
WARNING: [Synth 8-7129] Port s_axi_araddr[17] in module shell_utils_frequency_counter_v1_0_0 is either unconnected or has no load
WARNING: [Synth 8-7129] Port s_axi_araddr[16] in module shell_utils_frequency_counter_v1_0_0 is either unconnected or has no load
WARNING: [Synth 8-7129] Port s_axi_araddr[15] in module shell_utils_frequency_counter_v1_0_0 is either unconnected or has no load
WARNING: [Synth 8-7129] Port s_axi_araddr[14] in module shell_utils_frequency_counter_v1_0_0 is either unconnected or has no load
WARNING: [Synth 8-7129] Port s_axi_araddr[13] in module shell_utils_frequency_counter_v1_0_0 is either unconnected or has no load
WARNING: [Synth 8-7129] Port s_axi_araddr[12] in module shell_utils_frequency_counter_v1_0_0 is either unconnected or has no load
WARNING: [Synth 8-7129] Port s_axi_araddr[11] in module shell_utils_frequency_counter_v1_0_0 is either unconnected or has no load
WARNING: [Synth 8-7129] Port s_axi_araddr[10] in module shell_utils_frequency_counter_v1_0_0 is either unconnected or has no load
WARNING: [Synth 8-7129] Port s_axi_araddr[9] in module shell_utils_frequency_counter_v1_0_0 is either unconnected or has no load
WARNING: [Synth 8-7129] Port s_axi_araddr[8] in module shell_utils_frequency_counter_v1_0_0 is either unconnected or has no load
WARNING: [Synth 8-7129] Port s_axi_araddr[7] in module shell_utils_frequency_counter_v1_0_0 is either unconnected or has no load
WARNING: [Synth 8-7129] Port s_axi_araddr[6] in module shell_utils_frequency_counter_v1_0_0 is either unconnected or has no load
WARNING: [Synth 8-7129] Port s_axi_araddr[5] in module shell_utils_frequency_counter_v1_0_0 is either unconnected or has no load
WARNING: [Synth 8-7129] Port test_clk2 in module shell_utils_frequency_counter_v1_0_0 is either unconnected or has no load
WARNING: [Synth 8-7129] Port test_clk3 in module shell_utils_frequency_counter_v1_0_0 is either unconnected or has no load
---------------------------------------------------------------------------------
Finished RTL Elaboration : Time (s): cpu = 00:00:06 ; elapsed = 00:00:06 . Memory (MB): peak = 3496.152 ; gain = 351.711 ; free physical = 172009 ; free virtual = 475091
---------------------------------------------------------------------------------
---------------------------------------------------------------------------------
Start Handling Custom Attributes
---------------------------------------------------------------------------------
---------------------------------------------------------------------------------
Finished Handling Custom Attributes : Time (s): cpu = 00:00:06 ; elapsed = 00:00:06 . Memory (MB): peak = 3508.027 ; gain = 363.586 ; free physical = 171998 ; free virtual = 475080
---------------------------------------------------------------------------------
---------------------------------------------------------------------------------
Finished RTL Optimization Phase 1 : Time (s): cpu = 00:00:06 ; elapsed = 00:00:06 . Memory (MB): peak = 3508.027 ; gain = 363.586 ; free physical = 171998 ; free virtual = 475080
---------------------------------------------------------------------------------
Netlist sorting complete. Time (s): cpu = 00:00:00.01 ; elapsed = 00:00:00 . Memory (MB): peak = 3508.027 ; gain = 0.000 ; free physical = 171998 ; free virtual = 475080
INFO: [Project 1-570] Preparing netlist for logic optimization

Processing XDC Constraints
Initializing timing engine
Parsing XDC File [/home/cs2401.03/mini1-gemm/build/hw/_x/link/vivado/vpl/prj/prj.gen/my_rm/bd/ulp/ip/ulp_ulp_ucs_0/bd_0/ip/ip_47/bd_22c0_frequency_counter_aclk_kernel_01_0_ooc.xdc] for cell 'inst'
create_clock: Time (s): cpu = 00:00:08 ; elapsed = 00:00:08 . Memory (MB): peak = 3602.918 ; gain = 6.234 ; free physical = 174329 ; free virtual = 477412
Finished Parsing XDC File [/home/cs2401.03/mini1-gemm/build/hw/_x/link/vivado/vpl/prj/prj.gen/my_rm/bd/ulp/ip/ulp_ulp_ucs_0/bd_0/ip/ip_47/bd_22c0_frequency_counter_aclk_kernel_01_0_ooc.xdc] for cell 'inst'
Parsing XDC File [/home/cs2401.03/mini1-gemm/build/hw/_x/link/vivado/vpl/prj/prj.runs/bd_22c0_frequency_counter_aclk_kernel_01_0_synth_1/dont_touch.xdc]
Finished Parsing XDC File [/home/cs2401.03/mini1-gemm/build/hw/_x/link/vivado/vpl/prj/prj.runs/bd_22c0_frequency_counter_aclk_kernel_01_0_synth_1/dont_touch.xdc]
INFO: [Project 1-236] Implementation specific constraints were found while reading constraint file [/home/Xilinx/2025.1/Vivado/data/ip/xpm/xpm_cdc/tcl/xpm_cdc_array_single.tcl]. These constraints will be ignored for synthesis but will be used in implementation. Impacted constraints are listed in the file [.Xil/bd_22c0_frequency_counter_aclk_kernel_01_0_propImpl.xdc].
Resolution: To avoid this warning, move constraints listed in [.Xil/bd_22c0_frequency_counter_aclk_kernel_01_0_propImpl.xdc] to another XDC file and exclude this new file from synthesis with the used_in_synthesis property (File Properties dialog in GUI) and re-run elaboration/synthesis.
INFO: [Project 1-1714] 6 XPM XDC files have been applied to the design.
Completed Processing XDC Constraints

Netlist sorting complete. Time (s): cpu = 00:00:00 ; elapsed = 00:00:00 . Memory (MB): peak = 3602.918 ; gain = 0.000 ; free physical = 174329 ; free virtual = 477412
INFO: [Project 1-111] Unisim Transformation Summary:
No Unisim elements were transformed.

Constraint Validation Runtime : Time (s): cpu = 00:00:00.02 ; elapsed = 00:00:00.02 . Memory (MB): peak = 3602.953 ; gain = 0.000 ; free physical = 176790 ; free virtual = 479873
INFO: [Designutils 20-5008] Incremental synthesis strategy off
---------------------------------------------------------------------------------
Finished Constraint Validation : Time (s): cpu = 00:00:22 ; elapsed = 00:00:23 . Memory (MB): peak = 3602.953 ; gain = 458.512 ; free physical = 173683 ; free virtual = 476767
---------------------------------------------------------------------------------
---------------------------------------------------------------------------------
Start Loading Part and Timing Information
---------------------------------------------------------------------------------
Loading part: xcu50-fsvh2104-2-e
INFO: [Synth 8-6742] Reading net delay rules and data
---------------------------------------------------------------------------------
Finished Loading Part and Timing Information : Time (s): cpu = 00:00:22 ; elapsed = 00:00:23 . Memory (MB): peak = 3604.922 ; gain = 460.480 ; free physical = 173683 ; free virtual = 476766
---------------------------------------------------------------------------------
---------------------------------------------------------------------------------
Start Applying 'set_property' XDC Constraints
---------------------------------------------------------------------------------
---------------------------------------------------------------------------------
Finished applying 'set_property' XDC Constraints : Time (s): cpu = 00:00:22 ; elapsed = 00:00:23 . Memory (MB): peak = 3604.922 ; gain = 460.480 ; free physical = 173682 ; free virtual = 476765
---------------------------------------------------------------------------------
INFO: [Synth 8-802] inferred FSM for state register 'state_write_reg' in module 'shell_utils_frequency_counter_v1_0_0'
INFO: [Synth 8-802] inferred FSM for state register 'state_read_reg' in module 'shell_utils_frequency_counter_v1_0_0'
---------------------------------------------------------------------------------------------------
                   State |                     New Encoding |                Previous Encoding 
---------------------------------------------------------------------------------------------------
*
              IDLE_WRITE |                              001 |                              001
   WAIT_FOR_WVALID_WRITE |                              010 |                              010
   WAIT_FOR_BREADY_WRITE |                              100 |                              100
---------------------------------------------------------------------------------------------------
INFO: [Synth 8-3898] No Re-encoding of one hot register 'state_write_reg' in module 'shell_utils_frequency_counter_v1_0_0'
---------------------------------------------------------------------------------------------------
                   State |                     New Encoding |                Previous Encoding 
---------------------------------------------------------------------------------------------------
*
               IDLE_READ |                               01 |                               01
    WAIT_FOR_RVALID_READ |                               10 |                               10
---------------------------------------------------------------------------------------------------
INFO: [Synth 8-3898] No Re-encoding of one hot register 'state_read_reg' in module 'shell_utils_frequency_counter_v1_0_0'
---------------------------------------------------------------------------------
Finished RTL Optimization Phase 2 : Time (s): cpu = 00:00:23 ; elapsed = 00:00:23 . Memory (MB): peak = 3604.922 ; gain = 460.480 ; free physical = 173657 ; free virtual = 476742
---------------------------------------------------------------------------------
---------------------------------------------------------------------------------
Start RTL Component Statistics 
---------------------------------------------------------------------------------
Detailed RTL Component Info : 
+---Registers : 
	               32 Bit    Registers := 5     
	                4 Bit    Registers := 2     
	                3 Bit    Registers := 2     
	                2 Bit    Registers := 1     
	                1 Bit    Registers := 14    
+---Muxes : 
	   4 Input    3 Bit        Muxes := 1     
	   3 Input    2 Bit        Muxes := 1     
	   4 Input    1 Bit        Muxes := 6     
	   3 Input    1 Bit        Muxes := 4     
	   2 Input    1 Bit        Muxes := 1     
---------------------------------------------------------------------------------
Finished RTL Component Statistics 
---------------------------------------------------------------------------------
---------------------------------------------------------------------------------
Start Part Resource Summary
---------------------------------------------------------------------------------
Part Resources:
DSPs: 5952 (col length:93)
BRAMs: 2688 (col length: RAMB18 192 RAMB36 96)
---------------------------------------------------------------------------------
Finished Part Resource Summary
---------------------------------------------------------------------------------
---------------------------------------------------------------------------------
Start Cross Boundary and Area Optimization
---------------------------------------------------------------------------------
WARNING: [Synth 8-7080] Parallel synthesis criteria is not met
WARNING: [Synth 8-7129] Port src_clk in module xpm_cdc_array_single__parameterized0 is either unconnected or has no load
WARNING: [Synth 8-7129] Port src_clk in module xpm_cdc_array_single is either unconnected or has no load
WARNING: [Synth 8-7129] Port s_axi_awaddr[31] in module shell_utils_frequency_counter_v1_0_0 is either unconnected or has no load
WARNING: [Synth 8-7129] Port s_axi_awaddr[30] in module shell_utils_frequency_counter_v1_0_0 is either unconnected or has no load
WARNING: [Synth 8-7129] Port s_axi_awaddr[29] in module shell_utils_frequency_counter_v1_0_0 is either unconnected or has no load
WARNING: [Synth 8-7129] Port s_axi_awaddr[28] in module shell_utils_frequency_counter_v1_0_0 is either unconnected or has no load
INFO: [Common 17-14] Message 'Synth 8-7129' appears 100 times and further instances of the messages will be disabled.
---------------------------------------------------------------------------------
Finished Cross Boundary and Area Optimization : Time (s): cpu = 00:00:25 ; elapsed = 00:00:26 . Memory (MB): peak = 3604.922 ; gain = 460.480 ; free physical = 173413 ; free virtual = 476497
---------------------------------------------------------------------------------
---------------------------------------------------------------------------------
Start Applying XDC Timing Constraints
---------------------------------------------------------------------------------
INFO: [Synth 8-5578] Moved timing constraint from pin 'inst/CLKS[0].cdc_rst_cn0/src_arst' to pin '{inst/rst_cnt_reg[0]/Q}'
INFO: [Synth 8-5578] Moved timing constraint from pin 'inst/CLKS[1].cdc_rst_cn0/src_arst' to pin '{inst/rst_cnt_reg[1]/Q}'
INFO: [Synth 8-5819] Moved 2 constraints on hierarchical pins to their respective driving/loading pins
---------------------------------------------------------------------------------
Finished Applying XDC Timing Constraints : Time (s): cpu = 00:00:33 ; elapsed = 00:00:35 . Memory (MB): peak = 4032.676 ; gain = 888.234 ; free physical = 170406 ; free virtual = 473493
---------------------------------------------------------------------------------
---------------------------------------------------------------------------------
Start Timing Optimization
---------------------------------------------------------------------------------
---------------------------------------------------------------------------------
Finished Timing Optimization : Time (s): cpu = 00:00:33 ; elapsed = 00:00:35 . Memory (MB): peak = 4054.707 ; gain = 910.266 ; free physical = 169972 ; free virtual = 473059
---------------------------------------------------------------------------------
---------------------------------------------------------------------------------
Start Technology Mapping
---------------------------------------------------------------------------------
---------------------------------------------------------------------------------
Finished Technology Mapping : Time (s): cpu = 00:00:33 ; elapsed = 00:00:35 . Memory (MB): peak = 4062.715 ; gain = 918.273 ; free physical = 169784 ; free virtual = 472870
---------------------------------------------------------------------------------
---------------------------------------------------------------------------------
Start IO Insertion
---------------------------------------------------------------------------------
---------------------------------------------------------------------------------
Start Flattening Before IO Insertion
---------------------------------------------------------------------------------
---------------------------------------------------------------------------------
Finished Flattening Before IO Insertion
---------------------------------------------------------------------------------
---------------------------------------------------------------------------------
Start Final Netlist Cleanup
---------------------------------------------------------------------------------
---------------------------------------------------------------------------------
Finished Final Netlist Cleanup
---------------------------------------------------------------------------------
---------------------------------------------------------------------------------
Finished IO Insertion : Time (s): cpu = 00:00:37 ; elapsed = 00:00:40 . Memory (MB): peak = 4217.527 ; gain = 1073.086 ; free physical = 168413 ; free virtual = 471531
---------------------------------------------------------------------------------
---------------------------------------------------------------------------------
Start Renaming Generated Instances
---------------------------------------------------------------------------------
---------------------------------------------------------------------------------
Finished Renaming Generated Instances : Time (s): cpu = 00:00:37 ; elapsed = 00:00:40 . Memory (MB): peak = 4217.527 ; gain = 1073.086 ; free physical = 168411 ; free virtual = 471529
---------------------------------------------------------------------------------
---------------------------------------------------------------------------------
Start Rebuilding User Hierarchy
---------------------------------------------------------------------------------
---------------------------------------------------------------------------------
Finished Rebuilding User Hierarchy : Time (s): cpu = 00:00:37 ; elapsed = 00:00:40 . Memory (MB): peak = 4217.527 ; gain = 1073.086 ; free physical = 168401 ; free virtual = 471519
---------------------------------------------------------------------------------
---------------------------------------------------------------------------------
Start Renaming Generated Ports
---------------------------------------------------------------------------------
---------------------------------------------------------------------------------
Finished Renaming Generated Ports : Time (s): cpu = 00:00:37 ; elapsed = 00:00:40 . Memory (MB): peak = 4217.527 ; gain = 1073.086 ; free physical = 168401 ; free virtual = 471519
---------------------------------------------------------------------------------
---------------------------------------------------------------------------------
Start Handling Custom Attributes
---------------------------------------------------------------------------------
---------------------------------------------------------------------------------
Finished Handling Custom Attributes : Time (s): cpu = 00:00:37 ; elapsed = 00:00:40 . Memory (MB): peak = 4217.527 ; gain = 1073.086 ; free physical = 168393 ; free virtual = 471511
---------------------------------------------------------------------------------
---------------------------------------------------------------------------------
Start Renaming Generated Nets
---------------------------------------------------------------------------------
---------------------------------------------------------------------------------
Finished Renaming Generated Nets : Time (s): cpu = 00:00:37 ; elapsed = 00:00:40 . Memory (MB): peak = 4217.527 ; gain = 1073.086 ; free physical = 168393 ; free virtual = 471511
---------------------------------------------------------------------------------
---------------------------------------------------------------------------------
Start Writing Synthesis Report
---------------------------------------------------------------------------------

Report BlackBoxes: 
+-+--------------+----------+
| |BlackBox name |Instances |
+-+--------------+----------+
+-+--------------+----------+

Report Cell Usage: 
+------+-------+------+
|      |Cell   |Count |
+------+-------+------+
|1     |CARRY8 |    12|
|2     |LUT1   |     8|
|3     |LUT2   |     2|
|4     |LUT3   |     1|
|5     |LUT4   |     3|
|6     |LUT5   |     5|
|7     |LUT6   |    50|
|8     |FDCE   |    64|
|9     |FDPE   |     6|
|10    |FDRE   |   186|
|11    |FDSE   |    35|
+------+-------+------+
---------------------------------------------------------------------------------
Finished Writing Synthesis Report : Time (s): cpu = 00:00:37 ; elapsed = 00:00:40 . Memory (MB): peak = 4217.527 ; gain = 1073.086 ; free physical = 168417 ; free virtual = 471510
---------------------------------------------------------------------------------
Synthesis finished with 0 errors, 0 critical warnings and 95 warnings.
Synthesis Optimization Runtime : Time (s): cpu = 00:00:29 ; elapsed = 00:00:31 . Memory (MB): peak = 4217.527 ; gain = 978.160 ; free physical = 168333 ; free virtual = 471445
Synthesis Optimization Complete : Time (s): cpu = 00:00:38 ; elapsed = 00:00:40 . Memory (MB): peak = 4217.527 ; gain = 1073.086 ; free physical = 168331 ; free virtual = 471442
INFO: [Project 1-571] Translating synthesized netlist
Netlist sorting complete. Time (s): cpu = 00:00:00.01 ; elapsed = 00:00:00 . Memory (MB): peak = 4217.527 ; gain = 0.000 ; free physical = 168463 ; free virtual = 471550
INFO: [Netlist 29-17] Analyzing 12 Unisim elements for replacement
INFO: [Netlist 29-28] Unisim Transformation completed in 0 CPU seconds
INFO: [Project 1-570] Preparing netlist for logic optimization
INFO: [Opt 31-138] Pushed 0 inverter(s) to 0 load pin(s).
Netlist sorting complete. Time (s): cpu = 00:00:00 ; elapsed = 00:00:00 . Memory (MB): peak = 4217.527 ; gain = 0.000 ; free physical = 167544 ; free virtual = 470630
INFO: [Project 1-111] Unisim Transformation Summary:
No Unisim elements were transformed.

Synth Design complete | Checksum: 11aaccd
INFO: [Common 17-83] Releasing license: Synthesis
44 Infos, 105 Warnings, 0 Critical Warnings and 0 Errors encountered.
synth_design completed successfully
synth_design: Time (s): cpu = 00:00:50 ; elapsed = 00:00:50 . Memory (MB): peak = 4217.527 ; gain = 2371.969 ; free physical = 167278 ; free virtual = 470365
INFO: [Common 17-2834] synth_design peak Physical Memory [PSS] (MB): overall = 2964.454; main = 2964.454; forked = 194.098
INFO: [Common 17-2834] synth_design peak Virtual Memory [VSS] (MB): overall = 5374.324; main = 4189.832; forked = 1585.832
Write ShapeDB Complete: Time (s): cpu = 00:00:00 ; elapsed = 00:00:00 . Memory (MB): peak = 4217.527 ; gain = 0.000 ; free physical = 167261 ; free virtual = 470348
INFO: [Common 17-1381] The checkpoint '/home/cs2401.03/mini1-gemm/build/hw/_x/link/vivado/vpl/prj/prj.runs/bd_22c0_frequency_counter_aclk_kernel_01_0_synth_1/bd_22c0_frequency_counter_aclk_kernel_01_0.dcp' has been generated.
INFO: [Coretcl 2-1648] Added synthesis output to IP cache for IP bd_22c0_frequency_counter_aclk_kernel_01_0, cache-ID = 533a17361aea51a6
INFO: [Coretcl 2-1174] Renamed 7 cell refs.
Write ShapeDB Complete: Time (s): cpu = 00:00:00 ; elapsed = 00:00:00 . Memory (MB): peak = 4217.527 ; gain = 0.000 ; free physical = 167051 ; free virtual = 470138
INFO: [Common 17-1381] The checkpoint '/home/cs2401.03/mini1-gemm/build/hw/_x/link/vivado/vpl/prj/prj.runs/bd_22c0_frequency_counter_aclk_kernel_01_0_synth_1/bd_22c0_frequency_counter_aclk_kernel_01_0.dcp' has been generated.
INFO: [Vivado 12-24828] Executing command : report_utilization -file bd_22c0_frequency_counter_aclk_kernel_01_0_utilization_synth.rpt -pb bd_22c0_frequency_counter_aclk_kernel_01_0_utilization_synth.pb
INFO: [Common 17-206] Exiting Vivado at Thu Oct  1 03:03:18 2026...
