
*** Running vivado
    with args -log bd_58f6_lut_buffer_0.vds -m64 -product Vivado -mode batch -messageDb vivado.pb -notrace -source bd_58f6_lut_buffer_0.tcl


****** Vivado v2025.1 (64-bit)
  **** SW Build 6140274 on Wed May 21 22:58:25 MDT 2025
  **** IP Build 6138677 on Thu May 22 03:10:11 MDT 2025
  **** SharedData Build 6139179 on Tue May 20 17:58:58 MDT 2025
  **** Start of session at: Thu Oct  1 03:08:45 2026
    ** Copyright 1986-2022 Xilinx, Inc. All Rights Reserved.
    ** Copyright 2022-2025 Advanced Micro Devices, Inc. All Rights Reserved.

source bd_58f6_lut_buffer_0.tcl -notrace
INFO: Dispatch client connection id - 41687
create_project: Time (s): cpu = 00:00:07 ; elapsed = 00:00:08 . Memory (MB): peak = 1767.215 ; gain = 18.859 ; free physical = 163875 ; free virtual = 467084
INFO: [IP_Flow 19-234] Refreshing IP repositories
INFO: [IP_Flow 19-1700] Loaded user IP repository '/home/cs2401.03/mini1-gemm/build/hw/_x/link/int/xo/ip_repo/xilinx_com_hls_gemm_1_0'.
INFO: [IP_Flow 19-1700] Loaded user IP repository '/home/cs2401.03/mini1-gemm/build/hw/_x/link/vivado/vpl/.local/hw_platform/iprepo'.
INFO: [IP_Flow 19-1700] Loaded user IP repository '/home/cs2401.03/mini1-gemm/build/hw/_x/link/vivado/vpl/.local/hw_platform/ipcache'.
INFO: [IP_Flow 19-1700] Loaded user IP repository '/home/Xilinx/2025.1/Vitis/data/vitis/ip'.
INFO: [IP_Flow 19-2313] Loaded Vivado IP repository '/home/Xilinx/2025.1/Vivado/data/ip'.
WARNING: [IP_Flow 19-1663] Duplicate IP found for 'xilinx.com:ip:clk_metadata_adapter:1.0'. The one found in IP location '/home/cs2401.03/mini1-gemm/build/hw/_x/link/vivado/vpl/.local/hw_platform/iprepo/ipdefs/other_ipdefs/clk_metadata_adapter_v1_0' will take precedence over the same IP in location /home/cs2401.03/mini1-gemm/build/hw/_x/link/vivado/vpl/.local/hw_platform/iprepo/ipdefs/ii_infra_ipdefs/clk_metadata_adapter_v1_0
WARNING: [IP_Flow 19-1663] Duplicate IP found for 'xilinx.com:ip:axi_clk_metadata_adapter:1.0'. The one found in IP location '/home/cs2401.03/mini1-gemm/build/hw/_x/link/vivado/vpl/.local/hw_platform/iprepo/ipdefs/other_ipdefs/axi_clk_metadata_adapter_v1_0' will take precedence over the same IP in location /home/cs2401.03/mini1-gemm/build/hw/_x/link/vivado/vpl/.local/hw_platform/iprepo/ipdefs/ii_infra_ipdefs/axi_clk_metadata_adapter_v1_0
WARNING: [IP_Flow 19-1663] Duplicate IP found for 'xilinx.com:ip:axis_clk_metadata_adapter:1.0'. The one found in IP location '/home/cs2401.03/mini1-gemm/build/hw/_x/link/vivado/vpl/.local/hw_platform/iprepo/ipdefs/other_ipdefs/axis_clk_metadata_adapter_v1_0' will take precedence over the same IP in location /home/cs2401.03/mini1-gemm/build/hw/_x/link/vivado/vpl/.local/hw_platform/iprepo/ipdefs/ii_infra_ipdefs/axis_clk_metadata_adapter_v1_0
WARNING: [IP_Flow 19-1663] Duplicate IP found for 'xilinx.com:ip:pipeline_reg:1.0'. The one found in IP location '/home/cs2401.03/mini1-gemm/build/hw/_x/link/vivado/vpl/.local/hw_platform/iprepo/ipdefs/other_ipdefs/pipeline_reg_v1_0' will take precedence over the same IP in location /home/cs2401.03/mini1-gemm/build/hw/_x/link/vivado/vpl/.local/hw_platform/iprepo/ipdefs/ii_infra_ipdefs/pipeline_reg_v1_0
Command: synth_design -top bd_58f6_lut_buffer_0 -part xcu50-fsvh2104-2-e -incremental_mode off -mode out_of_context
Starting synth_design
Attempting to get a license for feature 'Synthesis' and/or device 'xcu50'
INFO: [Common 17-349] Got license for feature 'Synthesis' and/or device 'xcu50'
INFO: [Device 21-403] Loading part xcu50-fsvh2104-2-e
INFO: [Synth 8-7079] Multithreading enabled for synth_design using a maximum of 1 processes.
INFO: [Synth 8-7078] Launching helper process for spawning children vivado processes
INFO: [Synth 8-7075] Helper process launched with PID 2282717
---------------------------------------------------------------------------------
Starting RTL Elaboration : Time (s): cpu = 00:00:06 ; elapsed = 00:00:06 . Memory (MB): peak = 3416.043 ; gain = 271.711 ; free physical = 161575 ; free virtual = 464783
---------------------------------------------------------------------------------
INFO: [Synth 8-6157] synthesizing module 'bd_58f6_lut_buffer_0' [/home/cs2401.03/mini1-gemm/build/hw/_x/link/vivado/vpl/prj/prj.gen/my_rm/bd/ulp/ip/ulp_ulp_cmp_0/bd_2/ip/ip_1/synth/bd_58f6_lut_buffer_0.v:53]
INFO: [Synth 8-6157] synthesizing module 'LUT1' [/home/Xilinx/2025.1/Vivado/scripts/rt/data/unisim_comp.v:88920]
INFO: [Synth 8-6155] done synthesizing module 'LUT1' (0#1) [/home/Xilinx/2025.1/Vivado/scripts/rt/data/unisim_comp.v:88920]
INFO: [Synth 8-6155] done synthesizing module 'bd_58f6_lut_buffer_0' (0#1) [/home/cs2401.03/mini1-gemm/build/hw/_x/link/vivado/vpl/prj/prj.gen/my_rm/bd/ulp/ip/ulp_ulp_cmp_0/bd_2/ip/ip_1/synth/bd_58f6_lut_buffer_0.v:53]
WARNING: [Synth 8-7129] Port bscanid_i[31] in module lut_buffer_v2_0_1_lut_buffer is either unconnected or has no load
WARNING: [Synth 8-7129] Port bscanid_i[30] in module lut_buffer_v2_0_1_lut_buffer is either unconnected or has no load
WARNING: [Synth 8-7129] Port bscanid_i[29] in module lut_buffer_v2_0_1_lut_buffer is either unconnected or has no load
WARNING: [Synth 8-7129] Port bscanid_i[28] in module lut_buffer_v2_0_1_lut_buffer is either unconnected or has no load
WARNING: [Synth 8-7129] Port bscanid_i[27] in module lut_buffer_v2_0_1_lut_buffer is either unconnected or has no load
WARNING: [Synth 8-7129] Port bscanid_i[26] in module lut_buffer_v2_0_1_lut_buffer is either unconnected or has no load
WARNING: [Synth 8-7129] Port bscanid_i[25] in module lut_buffer_v2_0_1_lut_buffer is either unconnected or has no load
WARNING: [Synth 8-7129] Port bscanid_i[24] in module lut_buffer_v2_0_1_lut_buffer is either unconnected or has no load
WARNING: [Synth 8-7129] Port bscanid_i[23] in module lut_buffer_v2_0_1_lut_buffer is either unconnected or has no load
WARNING: [Synth 8-7129] Port bscanid_i[22] in module lut_buffer_v2_0_1_lut_buffer is either unconnected or has no load
WARNING: [Synth 8-7129] Port bscanid_i[21] in module lut_buffer_v2_0_1_lut_buffer is either unconnected or has no load
WARNING: [Synth 8-7129] Port bscanid_i[20] in module lut_buffer_v2_0_1_lut_buffer is either unconnected or has no load
WARNING: [Synth 8-7129] Port bscanid_i[19] in module lut_buffer_v2_0_1_lut_buffer is either unconnected or has no load
WARNING: [Synth 8-7129] Port bscanid_i[18] in module lut_buffer_v2_0_1_lut_buffer is either unconnected or has no load
WARNING: [Synth 8-7129] Port bscanid_i[17] in module lut_buffer_v2_0_1_lut_buffer is either unconnected or has no load
WARNING: [Synth 8-7129] Port bscanid_i[16] in module lut_buffer_v2_0_1_lut_buffer is either unconnected or has no load
WARNING: [Synth 8-7129] Port bscanid_i[15] in module lut_buffer_v2_0_1_lut_buffer is either unconnected or has no load
WARNING: [Synth 8-7129] Port bscanid_i[14] in module lut_buffer_v2_0_1_lut_buffer is either unconnected or has no load
WARNING: [Synth 8-7129] Port bscanid_i[13] in module lut_buffer_v2_0_1_lut_buffer is either unconnected or has no load
WARNING: [Synth 8-7129] Port bscanid_i[12] in module lut_buffer_v2_0_1_lut_buffer is either unconnected or has no load
WARNING: [Synth 8-7129] Port bscanid_i[11] in module lut_buffer_v2_0_1_lut_buffer is either unconnected or has no load
WARNING: [Synth 8-7129] Port bscanid_i[10] in module lut_buffer_v2_0_1_lut_buffer is either unconnected or has no load
WARNING: [Synth 8-7129] Port bscanid_i[9] in module lut_buffer_v2_0_1_lut_buffer is either unconnected or has no load
WARNING: [Synth 8-7129] Port bscanid_i[8] in module lut_buffer_v2_0_1_lut_buffer is either unconnected or has no load
WARNING: [Synth 8-7129] Port bscanid_i[7] in module lut_buffer_v2_0_1_lut_buffer is either unconnected or has no load
WARNING: [Synth 8-7129] Port bscanid_i[6] in module lut_buffer_v2_0_1_lut_buffer is either unconnected or has no load
WARNING: [Synth 8-7129] Port bscanid_i[5] in module lut_buffer_v2_0_1_lut_buffer is either unconnected or has no load
WARNING: [Synth 8-7129] Port bscanid_i[4] in module lut_buffer_v2_0_1_lut_buffer is either unconnected or has no load
WARNING: [Synth 8-7129] Port bscanid_i[3] in module lut_buffer_v2_0_1_lut_buffer is either unconnected or has no load
WARNING: [Synth 8-7129] Port bscanid_i[2] in module lut_buffer_v2_0_1_lut_buffer is either unconnected or has no load
WARNING: [Synth 8-7129] Port bscanid_i[1] in module lut_buffer_v2_0_1_lut_buffer is either unconnected or has no load
WARNING: [Synth 8-7129] Port bscanid_i[0] in module lut_buffer_v2_0_1_lut_buffer is either unconnected or has no load
---------------------------------------------------------------------------------
Finished RTL Elaboration : Time (s): cpu = 00:00:07 ; elapsed = 00:00:08 . Memory (MB): peak = 3494.012 ; gain = 349.680 ; free physical = 163925 ; free virtual = 467133
---------------------------------------------------------------------------------
---------------------------------------------------------------------------------
Start Handling Custom Attributes
---------------------------------------------------------------------------------
---------------------------------------------------------------------------------
Finished Handling Custom Attributes : Time (s): cpu = 00:00:08 ; elapsed = 00:00:08 . Memory (MB): peak = 3505.887 ; gain = 361.555 ; free physical = 163898 ; free virtual = 467107
---------------------------------------------------------------------------------
---------------------------------------------------------------------------------
Finished RTL Optimization Phase 1 : Time (s): cpu = 00:00:08 ; elapsed = 00:00:08 . Memory (MB): peak = 3505.887 ; gain = 361.555 ; free physical = 163898 ; free virtual = 467107
---------------------------------------------------------------------------------
Netlist sorting complete. Time (s): cpu = 00:00:00 ; elapsed = 00:00:00 . Memory (MB): peak = 3516.855 ; gain = 0.000 ; free physical = 163776 ; free virtual = 466985
INFO: [Project 1-570] Preparing netlist for logic optimization

Processing XDC Constraints
Initializing timing engine
Completed Processing XDC Constraints

Netlist sorting complete. Time (s): cpu = 00:00:00 ; elapsed = 00:00:00 . Memory (MB): peak = 3522.793 ; gain = 0.000 ; free physical = 163309 ; free virtual = 466518
INFO: [Project 1-111] Unisim Transformation Summary:
No Unisim elements were transformed.

Constraint Validation Runtime : Time (s): cpu = 00:00:00.02 ; elapsed = 00:00:00.04 . Memory (MB): peak = 3522.828 ; gain = 0.000 ; free physical = 163246 ; free virtual = 466455
INFO: [Designutils 20-5008] Incremental synthesis strategy off
---------------------------------------------------------------------------------
Finished Constraint Validation : Time (s): cpu = 00:00:16 ; elapsed = 00:00:18 . Memory (MB): peak = 3522.828 ; gain = 378.496 ; free physical = 159735 ; free virtual = 462945
---------------------------------------------------------------------------------
---------------------------------------------------------------------------------
Start Loading Part and Timing Information
---------------------------------------------------------------------------------
Loading part: xcu50-fsvh2104-2-e
INFO: [Synth 8-6742] Reading net delay rules and data
---------------------------------------------------------------------------------
Finished Loading Part and Timing Information : Time (s): cpu = 00:00:16 ; elapsed = 00:00:18 . Memory (MB): peak = 3524.797 ; gain = 380.465 ; free physical = 159734 ; free virtual = 462943
---------------------------------------------------------------------------------
---------------------------------------------------------------------------------
Start Applying 'set_property' XDC Constraints
---------------------------------------------------------------------------------
---------------------------------------------------------------------------------
Finished applying 'set_property' XDC Constraints : Time (s): cpu = 00:00:16 ; elapsed = 00:00:18 . Memory (MB): peak = 3524.797 ; gain = 380.465 ; free physical = 159731 ; free virtual = 462940
---------------------------------------------------------------------------------
---------------------------------------------------------------------------------
Finished RTL Optimization Phase 2 : Time (s): cpu = 00:00:17 ; elapsed = 00:00:18 . Memory (MB): peak = 3524.797 ; gain = 380.465 ; free physical = 159640 ; free virtual = 462850
---------------------------------------------------------------------------------
---------------------------------------------------------------------------------
Start RTL Component Statistics 
---------------------------------------------------------------------------------
Detailed RTL Component Info : 
---------------------------------------------------------------------------------
Finished RTL Component Statistics 
---------------------------------------------------------------------------------
---------------------------------------------------------------------------------
Start Part Resource Summary
---------------------------------------------------------------------------------
Part Resources:
DSPs: 5952 (col length:93)
BRAMs: 2688 (col length: RAMB18 192 RAMB36 96)
---------------------------------------------------------------------------------
Finished Part Resource Summary
---------------------------------------------------------------------------------
---------------------------------------------------------------------------------
Start Cross Boundary and Area Optimization
---------------------------------------------------------------------------------
WARNING: [Synth 8-7080] Parallel synthesis criteria is not met
WARNING: [Synth 8-7129] Port bscanid_i[31] in module lut_buffer_v2_0_1_lut_buffer is either unconnected or has no load
WARNING: [Synth 8-7129] Port bscanid_i[30] in module lut_buffer_v2_0_1_lut_buffer is either unconnected or has no load
WARNING: [Synth 8-7129] Port bscanid_i[29] in module lut_buffer_v2_0_1_lut_buffer is either unconnected or has no load
WARNING: [Synth 8-7129] Port bscanid_i[28] in module lut_buffer_v2_0_1_lut_buffer is either unconnected or has no load
WARNING: [Synth 8-7129] Port bscanid_i[27] in module lut_buffer_v2_0_1_lut_buffer is either unconnected or has no load
WARNING: [Synth 8-7129] Port bscanid_i[26] in module lut_buffer_v2_0_1_lut_buffer is either unconnected or has no load
WARNING: [Synth 8-7129] Port bscanid_i[25] in module lut_buffer_v2_0_1_lut_buffer is either unconnected or has no load
WARNING: [Synth 8-7129] Port bscanid_i[24] in module lut_buffer_v2_0_1_lut_buffer is either unconnected or has no load
WARNING: [Synth 8-7129] Port bscanid_i[23] in module lut_buffer_v2_0_1_lut_buffer is either unconnected or has no load
WARNING: [Synth 8-7129] Port bscanid_i[22] in module lut_buffer_v2_0_1_lut_buffer is either unconnected or has no load
WARNING: [Synth 8-7129] Port bscanid_i[21] in module lut_buffer_v2_0_1_lut_buffer is either unconnected or has no load
WARNING: [Synth 8-7129] Port bscanid_i[20] in module lut_buffer_v2_0_1_lut_buffer is either unconnected or has no load
WARNING: [Synth 8-7129] Port bscanid_i[19] in module lut_buffer_v2_0_1_lut_buffer is either unconnected or has no load
WARNING: [Synth 8-7129] Port bscanid_i[18] in module lut_buffer_v2_0_1_lut_buffer is either unconnected or has no load
WARNING: [Synth 8-7129] Port bscanid_i[17] in module lut_buffer_v2_0_1_lut_buffer is either unconnected or has no load
WARNING: [Synth 8-7129] Port bscanid_i[16] in module lut_buffer_v2_0_1_lut_buffer is either unconnected or has no load
WARNING: [Synth 8-7129] Port bscanid_i[15] in module lut_buffer_v2_0_1_lut_buffer is either unconnected or has no load
WARNING: [Synth 8-7129] Port bscanid_i[14] in module lut_buffer_v2_0_1_lut_buffer is either unconnected or has no load
WARNING: [Synth 8-7129] Port bscanid_i[13] in module lut_buffer_v2_0_1_lut_buffer is either unconnected or has no load
WARNING: [Synth 8-7129] Port bscanid_i[12] in module lut_buffer_v2_0_1_lut_buffer is either unconnected or has no load
WARNING: [Synth 8-7129] Port bscanid_i[11] in module lut_buffer_v2_0_1_lut_buffer is either unconnected or has no load
WARNING: [Synth 8-7129] Port bscanid_i[10] in module lut_buffer_v2_0_1_lut_buffer is either unconnected or has no load
WARNING: [Synth 8-7129] Port bscanid_i[9] in module lut_buffer_v2_0_1_lut_buffer is either unconnected or has no load
WARNING: [Synth 8-7129] Port bscanid_i[8] in module lut_buffer_v2_0_1_lut_buffer is either unconnected or has no load
WARNING: [Synth 8-7129] Port bscanid_i[7] in module lut_buffer_v2_0_1_lut_buffer is either unconnected or has no load
WARNING: [Synth 8-7129] Port bscanid_i[6] in module lut_buffer_v2_0_1_lut_buffer is either unconnected or has no load
WARNING: [Synth 8-7129] Port bscanid_i[5] in module lut_buffer_v2_0_1_lut_buffer is either unconnected or has no load
WARNING: [Synth 8-7129] Port bscanid_i[4] in module lut_buffer_v2_0_1_lut_buffer is either unconnected or has no load
WARNING: [Synth 8-7129] Port bscanid_i[3] in module lut_buffer_v2_0_1_lut_buffer is either unconnected or has no load
WARNING: [Synth 8-7129] Port bscanid_i[2] in module lut_buffer_v2_0_1_lut_buffer is either unconnected or has no load
WARNING: [Synth 8-7129] Port bscanid_i[1] in module lut_buffer_v2_0_1_lut_buffer is either unconnected or has no load
WARNING: [Synth 8-7129] Port bscanid_i[0] in module lut_buffer_v2_0_1_lut_buffer is either unconnected or has no load
---------------------------------------------------------------------------------
Finished Cross Boundary and Area Optimization : Time (s): cpu = 00:00:19 ; elapsed = 00:00:20 . Memory (MB): peak = 3524.797 ; gain = 380.465 ; free physical = 159192 ; free virtual = 462403
---------------------------------------------------------------------------------
---------------------------------------------------------------------------------
Start Applying XDC Timing Constraints
---------------------------------------------------------------------------------
---------------------------------------------------------------------------------
Finished Applying XDC Timing Constraints : Time (s): cpu = 00:00:27 ; elapsed = 00:00:29 . Memory (MB): peak = 4010.457 ; gain = 866.125 ; free physical = 156323 ; free virtual = 459536
---------------------------------------------------------------------------------
---------------------------------------------------------------------------------
Start Timing Optimization
---------------------------------------------------------------------------------
---------------------------------------------------------------------------------
Finished Timing Optimization : Time (s): cpu = 00:00:27 ; elapsed = 00:00:29 . Memory (MB): peak = 4010.457 ; gain = 866.125 ; free physical = 156321 ; free virtual = 459534
---------------------------------------------------------------------------------
---------------------------------------------------------------------------------
Start Technology Mapping
---------------------------------------------------------------------------------
---------------------------------------------------------------------------------
Finished Technology Mapping : Time (s): cpu = 00:00:27 ; elapsed = 00:00:29 . Memory (MB): peak = 4020.473 ; gain = 876.141 ; free physical = 156306 ; free virtual = 459519
---------------------------------------------------------------------------------
---------------------------------------------------------------------------------
Start IO Insertion
---------------------------------------------------------------------------------
---------------------------------------------------------------------------------
Start Flattening Before IO Insertion
---------------------------------------------------------------------------------
---------------------------------------------------------------------------------
Finished Flattening Before IO Insertion
---------------------------------------------------------------------------------
---------------------------------------------------------------------------------
Start Final Netlist Cleanup
---------------------------------------------------------------------------------
---------------------------------------------------------------------------------
Finished Final Netlist Cleanup
---------------------------------------------------------------------------------
---------------------------------------------------------------------------------
Finished IO Insertion : Time (s): cpu = 00:00:32 ; elapsed = 00:00:34 . Memory (MB): peak = 4196.285 ; gain = 1051.953 ; free physical = 155834 ; free virtual = 459048
---------------------------------------------------------------------------------
---------------------------------------------------------------------------------
Start Renaming Generated Instances
---------------------------------------------------------------------------------
---------------------------------------------------------------------------------
Finished Renaming Generated Instances : Time (s): cpu = 00:00:32 ; elapsed = 00:00:34 . Memory (MB): peak = 4196.285 ; gain = 1051.953 ; free physical = 155834 ; free virtual = 459048
---------------------------------------------------------------------------------
---------------------------------------------------------------------------------
Start Rebuilding User Hierarchy
---------------------------------------------------------------------------------
---------------------------------------------------------------------------------
Finished Rebuilding User Hierarchy : Time (s): cpu = 00:00:32 ; elapsed = 00:00:34 . Memory (MB): peak = 4196.285 ; gain = 1051.953 ; free physical = 155834 ; free virtual = 459048
---------------------------------------------------------------------------------
---------------------------------------------------------------------------------
Start Renaming Generated Ports
---------------------------------------------------------------------------------
---------------------------------------------------------------------------------
Finished Renaming Generated Ports : Time (s): cpu = 00:00:32 ; elapsed = 00:00:34 . Memory (MB): peak = 4196.285 ; gain = 1051.953 ; free physical = 155834 ; free virtual = 459048
---------------------------------------------------------------------------------
---------------------------------------------------------------------------------
Start Handling Custom Attributes
---------------------------------------------------------------------------------
---------------------------------------------------------------------------------
Finished Handling Custom Attributes : Time (s): cpu = 00:00:32 ; elapsed = 00:00:34 . Memory (MB): peak = 4196.285 ; gain = 1051.953 ; free physical = 155834 ; free virtual = 459048
---------------------------------------------------------------------------------
---------------------------------------------------------------------------------
Start Renaming Generated Nets
---------------------------------------------------------------------------------
---------------------------------------------------------------------------------
Finished Renaming Generated Nets : Time (s): cpu = 00:00:32 ; elapsed = 00:00:34 . Memory (MB): peak = 4196.285 ; gain = 1051.953 ; free physical = 155833 ; free virtual = 459048
---------------------------------------------------------------------------------
---------------------------------------------------------------------------------
Start Writing Synthesis Report
---------------------------------------------------------------------------------

Report BlackBoxes: 
+-+--------------+----------+
| |BlackBox name |Instances |
+-+--------------+----------+
+-+--------------+----------+

Report Cell Usage: 
+------+-----+------+
|      |Cell |Count |
+------+-----+------+
|1     |LUT1 |     1|
+------+-----+------+
---------------------------------------------------------------------------------
Finished Writing Synthesis Report : Time (s): cpu = 00:00:32 ; elapsed = 00:00:34 . Memory (MB): peak = 4196.285 ; gain = 1051.953 ; free physical = 155833 ; free virtual = 459048
---------------------------------------------------------------------------------
Synthesis finished with 0 errors, 0 critical warnings and 33 warnings.
Synthesis Optimization Runtime : Time (s): cpu = 00:00:30 ; elapsed = 00:00:32 . Memory (MB): peak = 4196.285 ; gain = 1035.012 ; free physical = 155831 ; free virtual = 459045
Synthesis Optimization Complete : Time (s): cpu = 00:00:32 ; elapsed = 00:00:34 . Memory (MB): peak = 4196.285 ; gain = 1051.953 ; free physical = 155831 ; free virtual = 459046
INFO: [Project 1-571] Translating synthesized netlist
Netlist sorting complete. Time (s): cpu = 00:00:00 ; elapsed = 00:00:00 . Memory (MB): peak = 4196.285 ; gain = 0.000 ; free physical = 155986 ; free virtual = 459201
INFO: [Project 1-570] Preparing netlist for logic optimization
INFO: [Opt 31-138] Pushed 0 inverter(s) to 0 load pin(s).
Netlist sorting complete. Time (s): cpu = 00:00:00 ; elapsed = 00:00:00 . Memory (MB): peak = 4196.285 ; gain = 0.000 ; free physical = 155862 ; free virtual = 459077
INFO: [Project 1-111] Unisim Transformation Summary:
No Unisim elements were transformed.

Synth Design complete | Checksum: e2b2fb98
INFO: [Common 17-83] Releasing license: Synthesis
24 Infos, 69 Warnings, 0 Critical Warnings and 0 Errors encountered.
synth_design completed successfully
synth_design: Time (s): cpu = 00:00:47 ; elapsed = 00:00:48 . Memory (MB): peak = 4196.285 ; gain = 2350.836 ; free physical = 155803 ; free virtual = 459017
INFO: [Common 17-2834] synth_design peak Physical Memory [PSS] (MB): overall = 3003.769; main = 2928.489; forked = 192.911
INFO: [Common 17-2834] synth_design peak Virtual Memory [VSS] (MB): overall = 5657.453; main = 4168.590; forked = 1587.977
INFO: [Common 17-1381] The checkpoint '/home/cs2401.03/mini1-gemm/build/hw/_x/link/vivado/vpl/prj/prj.runs/bd_58f6_lut_buffer_0_synth_1/bd_58f6_lut_buffer_0.dcp' has been generated.
INFO: [Coretcl 2-1648] Added synthesis output to IP cache for IP bd_58f6_lut_buffer_0, cache-ID = 42f8bd660a53bb32
INFO: [Common 17-1381] The checkpoint '/home/cs2401.03/mini1-gemm/build/hw/_x/link/vivado/vpl/prj/prj.runs/bd_58f6_lut_buffer_0_synth_1/bd_58f6_lut_buffer_0.dcp' has been generated.
INFO: [Vivado 12-24828] Executing command : report_utilization -file bd_58f6_lut_buffer_0_utilization_synth.rpt -pb bd_58f6_lut_buffer_0_utilization_synth.pb
INFO: [Common 17-206] Exiting Vivado at Thu Oct  1 03:09:52 2026...
