
*** Running vivado
    with args -log bd_85ad_axi_apb_bridge_inst_0.vds -m64 -product Vivado -mode batch -messageDb vivado.pb -notrace -source bd_85ad_axi_apb_bridge_inst_0.tcl


****** Vivado v2025.1 (64-bit)
  **** SW Build 6140274 on Wed May 21 22:58:25 MDT 2025
  **** IP Build 6138677 on Thu May 22 03:10:11 MDT 2025
  **** SharedData Build 6139179 on Tue May 20 17:58:58 MDT 2025
  **** Start of session at: Thu Oct  1 03:12:17 2026
    ** Copyright 1986-2022 Xilinx, Inc. All Rights Reserved.
    ** Copyright 2022-2025 Advanced Micro Devices, Inc. All Rights Reserved.

source bd_85ad_axi_apb_bridge_inst_0.tcl -notrace
INFO: Dispatch client connection id - 41687
create_project: Time (s): cpu = 00:00:11 ; elapsed = 00:00:13 . Memory (MB): peak = 1768.047 ; gain = 86.828 ; free physical = 161191 ; free virtual = 464425
INFO: [IP_Flow 19-234] Refreshing IP repositories
INFO: [IP_Flow 19-1700] Loaded user IP repository '/home/cs2401.03/mini1-gemm/build/hw/_x/link/int/xo/ip_repo/xilinx_com_hls_gemm_1_0'.
INFO: [IP_Flow 19-1700] Loaded user IP repository '/home/cs2401.03/mini1-gemm/build/hw/_x/link/vivado/vpl/.local/hw_platform/iprepo'.
INFO: [IP_Flow 19-1700] Loaded user IP repository '/home/cs2401.03/mini1-gemm/build/hw/_x/link/vivado/vpl/.local/hw_platform/ipcache'.
INFO: [IP_Flow 19-1700] Loaded user IP repository '/home/Xilinx/2025.1/Vitis/data/vitis/ip'.
INFO: [IP_Flow 19-2313] Loaded Vivado IP repository '/home/Xilinx/2025.1/Vivado/data/ip'.
WARNING: [IP_Flow 19-1663] Duplicate IP found for 'xilinx.com:ip:clk_metadata_adapter:1.0'. The one found in IP location '/home/cs2401.03/mini1-gemm/build/hw/_x/link/vivado/vpl/.local/hw_platform/iprepo/ipdefs/other_ipdefs/clk_metadata_adapter_v1_0' will take precedence over the same IP in location /home/cs2401.03/mini1-gemm/build/hw/_x/link/vivado/vpl/.local/hw_platform/iprepo/ipdefs/ii_infra_ipdefs/clk_metadata_adapter_v1_0
WARNING: [IP_Flow 19-1663] Duplicate IP found for 'xilinx.com:ip:axi_clk_metadata_adapter:1.0'. The one found in IP location '/home/cs2401.03/mini1-gemm/build/hw/_x/link/vivado/vpl/.local/hw_platform/iprepo/ipdefs/other_ipdefs/axi_clk_metadata_adapter_v1_0' will take precedence over the same IP in location /home/cs2401.03/mini1-gemm/build/hw/_x/link/vivado/vpl/.local/hw_platform/iprepo/ipdefs/ii_infra_ipdefs/axi_clk_metadata_adapter_v1_0
WARNING: [IP_Flow 19-1663] Duplicate IP found for 'xilinx.com:ip:axis_clk_metadata_adapter:1.0'. The one found in IP location '/home/cs2401.03/mini1-gemm/build/hw/_x/link/vivado/vpl/.local/hw_platform/iprepo/ipdefs/other_ipdefs/axis_clk_metadata_adapter_v1_0' will take precedence over the same IP in location /home/cs2401.03/mini1-gemm/build/hw/_x/link/vivado/vpl/.local/hw_platform/iprepo/ipdefs/ii_infra_ipdefs/axis_clk_metadata_adapter_v1_0
WARNING: [IP_Flow 19-1663] Duplicate IP found for 'xilinx.com:ip:pipeline_reg:1.0'. The one found in IP location '/home/cs2401.03/mini1-gemm/build/hw/_x/link/vivado/vpl/.local/hw_platform/iprepo/ipdefs/other_ipdefs/pipeline_reg_v1_0' will take precedence over the same IP in location /home/cs2401.03/mini1-gemm/build/hw/_x/link/vivado/vpl/.local/hw_platform/iprepo/ipdefs/ii_infra_ipdefs/pipeline_reg_v1_0
Command: synth_design -top bd_85ad_axi_apb_bridge_inst_0 -part xcu50-fsvh2104-2-e -incremental_mode off -mode out_of_context
Starting synth_design
Attempting to get a license for feature 'Synthesis' and/or device 'xcu50'
INFO: [Common 17-349] Got license for feature 'Synthesis' and/or device 'xcu50'
INFO: [Device 21-403] Loading part xcu50-fsvh2104-2-e
INFO: [Synth 8-7079] Multithreading enabled for synth_design using a maximum of 1 processes.
INFO: [Synth 8-7078] Launching helper process for spawning children vivado processes
INFO: [Synth 8-7075] Helper process launched with PID 2293988
---------------------------------------------------------------------------------
Starting RTL Elaboration : Time (s): cpu = 00:00:06 ; elapsed = 00:00:06 . Memory (MB): peak = 3413.938 ; gain = 269.773 ; free physical = 153234 ; free virtual = 456478
---------------------------------------------------------------------------------
INFO: [Synth 8-638] synthesizing module 'bd_85ad_axi_apb_bridge_inst_0' [/home/cs2401.03/mini1-gemm/build/hw/_x/link/vivado/vpl/prj/prj.gen/my_rm/bd/ulp/ip/ulp_hmss_0_0/bd_0/ip/ip_14/synth/bd_85ad_axi_apb_bridge_inst_0.vhd:90]
	Parameter C_FAMILY bound to: virtexuplusHBM - type: string 
	Parameter C_INSTANCE bound to: axi_apb_bridge_inst - type: string 
	Parameter C_S_AXI_ADDR_WIDTH bound to: 22 - type: integer 
	Parameter C_S_AXI_DATA_WIDTH bound to: 32 - type: integer 
	Parameter C_M_APB_ADDR_WIDTH bound to: 22 - type: integer 
	Parameter C_M_APB_DATA_WIDTH bound to: 32 - type: integer 
	Parameter C_APB_NUM_SLAVES bound to: 1 - type: integer 
	Parameter C_M_APB_PROTOCOL bound to: apb3 - type: string 
	Parameter C_BASEADDR bound to: 64'b0000000000000000000000000000000000000000000000000000000000000000 
	Parameter C_HIGHADDR bound to: 64'b0000000000000000000000000000000000000000001111111111111111111111 
	Parameter C_S_AXI_RNG2_BASEADDR bound to: 64'b0000000000000000000000000000000000010000000000000000000000000000 
	Parameter C_S_AXI_RNG2_HIGHADDR bound to: 64'b0000000000000000000000000000000000011111111111111111111111111111 
	Parameter C_S_AXI_RNG3_BASEADDR bound to: 64'b0000000000000000000000000000000000100000000000000000000000000000 
	Parameter C_S_AXI_RNG3_HIGHADDR bound to: 64'b0000000000000000000000000000000000101111111111111111111111111111 
	Parameter C_S_AXI_RNG4_BASEADDR bound to: 64'b0000000000000000000000000000000000110000000000000000000000000000 
	Parameter C_S_AXI_RNG4_HIGHADDR bound to: 64'b0000000000000000000000000000000000111111111111111111111111111111 
	Parameter C_S_AXI_RNG5_BASEADDR bound to: 64'b0000000000000000000000000000000001000000000000000000000000000000 
	Parameter C_S_AXI_RNG5_HIGHADDR bound to: 64'b0000000000000000000000000000000001001111111111111111111111111111 
	Parameter C_S_AXI_RNG6_BASEADDR bound to: 64'b0000000000000000000000000000000001010000000000000000000000000000 
	Parameter C_S_AXI_RNG6_HIGHADDR bound to: 64'b0000000000000000000000000000000001011111111111111111111111111111 
	Parameter C_S_AXI_RNG7_BASEADDR bound to: 64'b0000000000000000000000000000000001100000000000000000000000000000 
	Parameter C_S_AXI_RNG7_HIGHADDR bound to: 64'b0000000000000000000000000000000001101111111111111111111111111111 
	Parameter C_S_AXI_RNG8_BASEADDR bound to: 64'b0000000000000000000000000000000001110000000000000000000000000000 
	Parameter C_S_AXI_RNG8_HIGHADDR bound to: 64'b0000000000000000000000000000000001111111111111111111111111111111 
	Parameter C_S_AXI_RNG9_BASEADDR bound to: 64'b0000000000000000000000000000000010000000000000000000000000000000 
	Parameter C_S_AXI_RNG9_HIGHADDR bound to: 64'b0000000000000000000000000000000010001111111111111111111111111111 
	Parameter C_S_AXI_RNG10_BASEADDR bound to: 64'b0000000000000000000000000000000010010000000000000000000000000000 
	Parameter C_S_AXI_RNG10_HIGHADDR bound to: 64'b0000000000000000000000000000000010011111111111111111111111111111 
	Parameter C_S_AXI_RNG11_BASEADDR bound to: 64'b0000000000000000000000000000000010100000000000000000000000000000 
	Parameter C_S_AXI_RNG11_HIGHADDR bound to: 64'b0000000000000000000000000000000010101111111111111111111111111111 
	Parameter C_S_AXI_RNG12_BASEADDR bound to: 64'b0000000000000000000000000000000010110000000000000000000000000000 
	Parameter C_S_AXI_RNG12_HIGHADDR bound to: 64'b0000000000000000000000000000000010111111111111111111111111111111 
	Parameter C_S_AXI_RNG13_BASEADDR bound to: 64'b0000000000000000000000000000000011000000000000000000000000000000 
	Parameter C_S_AXI_RNG13_HIGHADDR bound to: 64'b0000000000000000000000000000000011001111111111111111111111111111 
	Parameter C_S_AXI_RNG14_BASEADDR bound to: 64'b0000000000000000000000000000000011010000000000000000000000000000 
	Parameter C_S_AXI_RNG14_HIGHADDR bound to: 64'b0000000000000000000000000000000011011111111111111111111111111111 
	Parameter C_S_AXI_RNG15_BASEADDR bound to: 64'b0000000000000000000000000000000011100000000000000000000000000000 
	Parameter C_S_AXI_RNG15_HIGHADDR bound to: 64'b0000000000000000000000000000000011101111111111111111111111111111 
	Parameter C_S_AXI_RNG16_BASEADDR bound to: 64'b0000000000000000000000000000000011110000000000000000000000000000 
	Parameter C_S_AXI_RNG16_HIGHADDR bound to: 64'b0000000000000000000000000000000011111111111111111111111111111111 
	Parameter C_DPHASE_TIMEOUT bound to: 0 - type: integer 
INFO: [Synth 8-3491] module 'axi_apb_bridge' declared at '/home/cs2401.03/mini1-gemm/build/hw/_x/link/vivado/vpl/prj/prj.gen/my_rm/bd/ulp/ipshared/6670/hdl/axi_apb_bridge_v3_0_vh_rfs.vhd:7177' bound to instance 'U0' of component 'axi_apb_bridge' [/home/cs2401.03/mini1-gemm/build/hw/_x/link/vivado/vpl/prj/prj.gen/my_rm/bd/ulp/ip/ulp_hmss_0_0/bd_0/ip/ip_14/synth/bd_85ad_axi_apb_bridge_inst_0.vhd:233]
INFO: [Synth 8-638] synthesizing module 'axi_apb_bridge' [/home/cs2401.03/mini1-gemm/build/hw/_x/link/vivado/vpl/prj/prj.gen/my_rm/bd/ulp/ipshared/6670/hdl/axi_apb_bridge_v3_0_vh_rfs.vhd:7286]
INFO: [Synth 8-638] synthesizing module 'psel_decoder' [/home/cs2401.03/mini1-gemm/build/hw/_x/link/vivado/vpl/prj/prj.gen/my_rm/bd/ulp/ipshared/6670/hdl/axi_apb_bridge_v3_0_vh_rfs.vhd:546]
INFO: [Synth 8-256] done synthesizing module 'psel_decoder' (0#1) [/home/cs2401.03/mini1-gemm/build/hw/_x/link/vivado/vpl/prj/prj.gen/my_rm/bd/ulp/ipshared/6670/hdl/axi_apb_bridge_v3_0_vh_rfs.vhd:546]
INFO: [Synth 8-638] synthesizing module 'multiplexor' [/home/cs2401.03/mini1-gemm/build/hw/_x/link/vivado/vpl/prj/prj.gen/my_rm/bd/ulp/ipshared/6670/hdl/axi_apb_bridge_v3_0_vh_rfs.vhd:4132]
INFO: [Synth 8-256] done synthesizing module 'multiplexor' (0#1) [/home/cs2401.03/mini1-gemm/build/hw/_x/link/vivado/vpl/prj/prj.gen/my_rm/bd/ulp/ipshared/6670/hdl/axi_apb_bridge_v3_0_vh_rfs.vhd:4132]
INFO: [Synth 8-638] synthesizing module 'axilite_sif' [/home/cs2401.03/mini1-gemm/build/hw/_x/link/vivado/vpl/prj/prj.gen/my_rm/bd/ulp/ipshared/6670/hdl/axi_apb_bridge_v3_0_vh_rfs.vhd:6082]
INFO: [Synth 8-226] default block is never used [/home/cs2401.03/mini1-gemm/build/hw/_x/link/vivado/vpl/prj/prj.gen/my_rm/bd/ulp/ipshared/6670/hdl/axi_apb_bridge_v3_0_vh_rfs.vhd:6344]
INFO: [Synth 8-256] done synthesizing module 'axilite_sif' (0#1) [/home/cs2401.03/mini1-gemm/build/hw/_x/link/vivado/vpl/prj/prj.gen/my_rm/bd/ulp/ipshared/6670/hdl/axi_apb_bridge_v3_0_vh_rfs.vhd:6082]
INFO: [Synth 8-638] synthesizing module 'apb_mif' [/home/cs2401.03/mini1-gemm/build/hw/_x/link/vivado/vpl/prj/prj.gen/my_rm/bd/ulp/ipshared/6670/hdl/axi_apb_bridge_v3_0_vh_rfs.vhd:6674]
INFO: [Synth 8-256] done synthesizing module 'apb_mif' (0#1) [/home/cs2401.03/mini1-gemm/build/hw/_x/link/vivado/vpl/prj/prj.gen/my_rm/bd/ulp/ipshared/6670/hdl/axi_apb_bridge_v3_0_vh_rfs.vhd:6674]
INFO: [Synth 8-256] done synthesizing module 'axi_apb_bridge' (0#1) [/home/cs2401.03/mini1-gemm/build/hw/_x/link/vivado/vpl/prj/prj.gen/my_rm/bd/ulp/ipshared/6670/hdl/axi_apb_bridge_v3_0_vh_rfs.vhd:7286]
INFO: [Synth 8-256] done synthesizing module 'bd_85ad_axi_apb_bridge_inst_0' (0#1) [/home/cs2401.03/mini1-gemm/build/hw/_x/link/vivado/vpl/prj/prj.gen/my_rm/bd/ulp/ip/ulp_hmss_0_0/bd_0/ip/ip_14/synth/bd_85ad_axi_apb_bridge_inst_0.vhd:90]
WARNING: [Synth 8-7129] Port axi_awprot[2] in module apb_mif is either unconnected or has no load
WARNING: [Synth 8-7129] Port axi_awprot[1] in module apb_mif is either unconnected or has no load
WARNING: [Synth 8-7129] Port axi_awprot[0] in module apb_mif is either unconnected or has no load
WARNING: [Synth 8-7129] Port S_AXI_WSTRB[3] in module apb_mif is either unconnected or has no load
WARNING: [Synth 8-7129] Port S_AXI_WSTRB[2] in module apb_mif is either unconnected or has no load
WARNING: [Synth 8-7129] Port S_AXI_WSTRB[1] in module apb_mif is either unconnected or has no load
WARNING: [Synth 8-7129] Port S_AXI_WSTRB[0] in module apb_mif is either unconnected or has no load
WARNING: [Synth 8-7129] Port S_AXI_ARPROT[2] in module apb_mif is either unconnected or has no load
WARNING: [Synth 8-7129] Port S_AXI_ARPROT[1] in module apb_mif is either unconnected or has no load
WARNING: [Synth 8-7129] Port S_AXI_ARPROT[0] in module apb_mif is either unconnected or has no load
WARNING: [Synth 8-7129] Port S_AXI_AWPROT[2] in module axilite_sif is either unconnected or has no load
WARNING: [Synth 8-7129] Port S_AXI_AWPROT[1] in module axilite_sif is either unconnected or has no load
WARNING: [Synth 8-7129] Port S_AXI_AWPROT[0] in module axilite_sif is either unconnected or has no load
WARNING: [Synth 8-7129] Port M_APB_PRDATA2[31] in module multiplexor is either unconnected or has no load
WARNING: [Synth 8-7129] Port M_APB_PRDATA2[30] in module multiplexor is either unconnected or has no load
WARNING: [Synth 8-7129] Port M_APB_PRDATA2[29] in module multiplexor is either unconnected or has no load
WARNING: [Synth 8-7129] Port M_APB_PRDATA2[28] in module multiplexor is either unconnected or has no load
WARNING: [Synth 8-7129] Port M_APB_PRDATA2[27] in module multiplexor is either unconnected or has no load
WARNING: [Synth 8-7129] Port M_APB_PRDATA2[26] in module multiplexor is either unconnected or has no load
WARNING: [Synth 8-7129] Port M_APB_PRDATA2[25] in module multiplexor is either unconnected or has no load
WARNING: [Synth 8-7129] Port M_APB_PRDATA2[24] in module multiplexor is either unconnected or has no load
WARNING: [Synth 8-7129] Port M_APB_PRDATA2[23] in module multiplexor is either unconnected or has no load
WARNING: [Synth 8-7129] Port M_APB_PRDATA2[22] in module multiplexor is either unconnected or has no load
WARNING: [Synth 8-7129] Port M_APB_PRDATA2[21] in module multiplexor is either unconnected or has no load
WARNING: [Synth 8-7129] Port M_APB_PRDATA2[20] in module multiplexor is either unconnected or has no load
WARNING: [Synth 8-7129] Port M_APB_PRDATA2[19] in module multiplexor is either unconnected or has no load
WARNING: [Synth 8-7129] Port M_APB_PRDATA2[18] in module multiplexor is either unconnected or has no load
WARNING: [Synth 8-7129] Port M_APB_PRDATA2[17] in module multiplexor is either unconnected or has no load
WARNING: [Synth 8-7129] Port M_APB_PRDATA2[16] in module multiplexor is either unconnected or has no load
WARNING: [Synth 8-7129] Port M_APB_PRDATA2[15] in module multiplexor is either unconnected or has no load
WARNING: [Synth 8-7129] Port M_APB_PRDATA2[14] in module multiplexor is either unconnected or has no load
WARNING: [Synth 8-7129] Port M_APB_PRDATA2[13] in module multiplexor is either unconnected or has no load
WARNING: [Synth 8-7129] Port M_APB_PRDATA2[12] in module multiplexor is either unconnected or has no load
WARNING: [Synth 8-7129] Port M_APB_PRDATA2[11] in module multiplexor is either unconnected or has no load
WARNING: [Synth 8-7129] Port M_APB_PRDATA2[10] in module multiplexor is either unconnected or has no load
WARNING: [Synth 8-7129] Port M_APB_PRDATA2[9] in module multiplexor is either unconnected or has no load
WARNING: [Synth 8-7129] Port M_APB_PRDATA2[8] in module multiplexor is either unconnected or has no load
WARNING: [Synth 8-7129] Port M_APB_PRDATA2[7] in module multiplexor is either unconnected or has no load
WARNING: [Synth 8-7129] Port M_APB_PRDATA2[6] in module multiplexor is either unconnected or has no load
WARNING: [Synth 8-7129] Port M_APB_PRDATA2[5] in module multiplexor is either unconnected or has no load
WARNING: [Synth 8-7129] Port M_APB_PRDATA2[4] in module multiplexor is either unconnected or has no load
WARNING: [Synth 8-7129] Port M_APB_PRDATA2[3] in module multiplexor is either unconnected or has no load
WARNING: [Synth 8-7129] Port M_APB_PRDATA2[2] in module multiplexor is either unconnected or has no load
WARNING: [Synth 8-7129] Port M_APB_PRDATA2[1] in module multiplexor is either unconnected or has no load
WARNING: [Synth 8-7129] Port M_APB_PRDATA2[0] in module multiplexor is either unconnected or has no load
WARNING: [Synth 8-7129] Port M_APB_PRDATA3[31] in module multiplexor is either unconnected or has no load
WARNING: [Synth 8-7129] Port M_APB_PRDATA3[30] in module multiplexor is either unconnected or has no load
WARNING: [Synth 8-7129] Port M_APB_PRDATA3[29] in module multiplexor is either unconnected or has no load
WARNING: [Synth 8-7129] Port M_APB_PRDATA3[28] in module multiplexor is either unconnected or has no load
WARNING: [Synth 8-7129] Port M_APB_PRDATA3[27] in module multiplexor is either unconnected or has no load
WARNING: [Synth 8-7129] Port M_APB_PRDATA3[26] in module multiplexor is either unconnected or has no load
WARNING: [Synth 8-7129] Port M_APB_PRDATA3[25] in module multiplexor is either unconnected or has no load
WARNING: [Synth 8-7129] Port M_APB_PRDATA3[24] in module multiplexor is either unconnected or has no load
WARNING: [Synth 8-7129] Port M_APB_PRDATA3[23] in module multiplexor is either unconnected or has no load
WARNING: [Synth 8-7129] Port M_APB_PRDATA3[22] in module multiplexor is either unconnected or has no load
WARNING: [Synth 8-7129] Port M_APB_PRDATA3[21] in module multiplexor is either unconnected or has no load
WARNING: [Synth 8-7129] Port M_APB_PRDATA3[20] in module multiplexor is either unconnected or has no load
WARNING: [Synth 8-7129] Port M_APB_PRDATA3[19] in module multiplexor is either unconnected or has no load
WARNING: [Synth 8-7129] Port M_APB_PRDATA3[18] in module multiplexor is either unconnected or has no load
WARNING: [Synth 8-7129] Port M_APB_PRDATA3[17] in module multiplexor is either unconnected or has no load
WARNING: [Synth 8-7129] Port M_APB_PRDATA3[16] in module multiplexor is either unconnected or has no load
WARNING: [Synth 8-7129] Port M_APB_PRDATA3[15] in module multiplexor is either unconnected or has no load
WARNING: [Synth 8-7129] Port M_APB_PRDATA3[14] in module multiplexor is either unconnected or has no load
WARNING: [Synth 8-7129] Port M_APB_PRDATA3[13] in module multiplexor is either unconnected or has no load
WARNING: [Synth 8-7129] Port M_APB_PRDATA3[12] in module multiplexor is either unconnected or has no load
WARNING: [Synth 8-7129] Port M_APB_PRDATA3[11] in module multiplexor is either unconnected or has no load
WARNING: [Synth 8-7129] Port M_APB_PRDATA3[10] in module multiplexor is either unconnected or has no load
WARNING: [Synth 8-7129] Port M_APB_PRDATA3[9] in module multiplexor is either unconnected or has no load
WARNING: [Synth 8-7129] Port M_APB_PRDATA3[8] in module multiplexor is either unconnected or has no load
WARNING: [Synth 8-7129] Port M_APB_PRDATA3[7] in module multiplexor is either unconnected or has no load
WARNING: [Synth 8-7129] Port M_APB_PRDATA3[6] in module multiplexor is either unconnected or has no load
WARNING: [Synth 8-7129] Port M_APB_PRDATA3[5] in module multiplexor is either unconnected or has no load
WARNING: [Synth 8-7129] Port M_APB_PRDATA3[4] in module multiplexor is either unconnected or has no load
WARNING: [Synth 8-7129] Port M_APB_PRDATA3[3] in module multiplexor is either unconnected or has no load
WARNING: [Synth 8-7129] Port M_APB_PRDATA3[2] in module multiplexor is either unconnected or has no load
WARNING: [Synth 8-7129] Port M_APB_PRDATA3[1] in module multiplexor is either unconnected or has no load
WARNING: [Synth 8-7129] Port M_APB_PRDATA3[0] in module multiplexor is either unconnected or has no load
WARNING: [Synth 8-7129] Port M_APB_PRDATA4[31] in module multiplexor is either unconnected or has no load
WARNING: [Synth 8-7129] Port M_APB_PRDATA4[30] in module multiplexor is either unconnected or has no load
WARNING: [Synth 8-7129] Port M_APB_PRDATA4[29] in module multiplexor is either unconnected or has no load
WARNING: [Synth 8-7129] Port M_APB_PRDATA4[28] in module multiplexor is either unconnected or has no load
WARNING: [Synth 8-7129] Port M_APB_PRDATA4[27] in module multiplexor is either unconnected or has no load
WARNING: [Synth 8-7129] Port M_APB_PRDATA4[26] in module multiplexor is either unconnected or has no load
WARNING: [Synth 8-7129] Port M_APB_PRDATA4[25] in module multiplexor is either unconnected or has no load
WARNING: [Synth 8-7129] Port M_APB_PRDATA4[24] in module multiplexor is either unconnected or has no load
WARNING: [Synth 8-7129] Port M_APB_PRDATA4[23] in module multiplexor is either unconnected or has no load
WARNING: [Synth 8-7129] Port M_APB_PRDATA4[22] in module multiplexor is either unconnected or has no load
WARNING: [Synth 8-7129] Port M_APB_PRDATA4[21] in module multiplexor is either unconnected or has no load
WARNING: [Synth 8-7129] Port M_APB_PRDATA4[20] in module multiplexor is either unconnected or has no load
WARNING: [Synth 8-7129] Port M_APB_PRDATA4[19] in module multiplexor is either unconnected or has no load
WARNING: [Synth 8-7129] Port M_APB_PRDATA4[18] in module multiplexor is either unconnected or has no load
WARNING: [Synth 8-7129] Port M_APB_PRDATA4[17] in module multiplexor is either unconnected or has no load
WARNING: [Synth 8-7129] Port M_APB_PRDATA4[16] in module multiplexor is either unconnected or has no load
WARNING: [Synth 8-7129] Port M_APB_PRDATA4[15] in module multiplexor is either unconnected or has no load
WARNING: [Synth 8-7129] Port M_APB_PRDATA4[14] in module multiplexor is either unconnected or has no load
WARNING: [Synth 8-7129] Port M_APB_PRDATA4[13] in module multiplexor is either unconnected or has no load
WARNING: [Synth 8-7129] Port M_APB_PRDATA4[12] in module multiplexor is either unconnected or has no load
WARNING: [Synth 8-7129] Port M_APB_PRDATA4[11] in module multiplexor is either unconnected or has no load
WARNING: [Synth 8-7129] Port M_APB_PRDATA4[10] in module multiplexor is either unconnected or has no load
WARNING: [Synth 8-7129] Port M_APB_PRDATA4[9] in module multiplexor is either unconnected or has no load
INFO: [Common 17-14] Message 'Synth 8-7129' appears 100 times and further instances of the messages will be disabled.
---------------------------------------------------------------------------------
Finished RTL Elaboration : Time (s): cpu = 00:00:08 ; elapsed = 00:00:08 . Memory (MB): peak = 3498.906 ; gain = 354.742 ; free physical = 152983 ; free virtual = 456228
---------------------------------------------------------------------------------
---------------------------------------------------------------------------------
Start Handling Custom Attributes
---------------------------------------------------------------------------------
---------------------------------------------------------------------------------
Finished Handling Custom Attributes : Time (s): cpu = 00:00:08 ; elapsed = 00:00:08 . Memory (MB): peak = 3513.750 ; gain = 369.586 ; free physical = 152974 ; free virtual = 456219
---------------------------------------------------------------------------------
---------------------------------------------------------------------------------
Finished RTL Optimization Phase 1 : Time (s): cpu = 00:00:08 ; elapsed = 00:00:08 . Memory (MB): peak = 3513.750 ; gain = 369.586 ; free physical = 152974 ; free virtual = 456219
---------------------------------------------------------------------------------
Netlist sorting complete. Time (s): cpu = 00:00:00.01 ; elapsed = 00:00:00.01 . Memory (MB): peak = 3513.750 ; gain = 0.000 ; free physical = 152972 ; free virtual = 456218
INFO: [Project 1-570] Preparing netlist for logic optimization

Processing XDC Constraints
Initializing timing engine
Parsing XDC File [/home/cs2401.03/mini1-gemm/build/hw/_x/link/vivado/vpl/prj/prj.gen/my_rm/bd/ulp/ip/ulp_hmss_0_0/bd_0/ip/ip_14/bd_85ad_axi_apb_bridge_inst_0_ooc.xdc] for cell 'U0'
create_clock: Time (s): cpu = 00:00:07 ; elapsed = 00:00:07 . Memory (MB): peak = 3600.523 ; gain = 3.117 ; free physical = 152120 ; free virtual = 455368
Finished Parsing XDC File [/home/cs2401.03/mini1-gemm/build/hw/_x/link/vivado/vpl/prj/prj.gen/my_rm/bd/ulp/ip/ulp_hmss_0_0/bd_0/ip/ip_14/bd_85ad_axi_apb_bridge_inst_0_ooc.xdc] for cell 'U0'
Parsing XDC File [/home/cs2401.03/mini1-gemm/build/hw/_x/link/vivado/vpl/prj/prj.runs/bd_85ad_axi_apb_bridge_inst_0_synth_1/dont_touch.xdc]
Finished Parsing XDC File [/home/cs2401.03/mini1-gemm/build/hw/_x/link/vivado/vpl/prj/prj.runs/bd_85ad_axi_apb_bridge_inst_0_synth_1/dont_touch.xdc]
Completed Processing XDC Constraints

Netlist sorting complete. Time (s): cpu = 00:00:00 ; elapsed = 00:00:00 . Memory (MB): peak = 3600.523 ; gain = 0.000 ; free physical = 152119 ; free virtual = 455368
INFO: [Project 1-111] Unisim Transformation Summary:
No Unisim elements were transformed.

Constraint Validation Runtime : Time (s): cpu = 00:00:00.01 ; elapsed = 00:00:00.02 . Memory (MB): peak = 3600.559 ; gain = 0.000 ; free physical = 152095 ; free virtual = 455345
INFO: [Designutils 20-5008] Incremental synthesis strategy off
---------------------------------------------------------------------------------
Finished Constraint Validation : Time (s): cpu = 00:00:24 ; elapsed = 00:00:25 . Memory (MB): peak = 3600.559 ; gain = 456.395 ; free physical = 151092 ; free virtual = 454341
---------------------------------------------------------------------------------
---------------------------------------------------------------------------------
Start Loading Part and Timing Information
---------------------------------------------------------------------------------
Loading part: xcu50-fsvh2104-2-e
INFO: [Synth 8-6742] Reading net delay rules and data
---------------------------------------------------------------------------------
Finished Loading Part and Timing Information : Time (s): cpu = 00:00:24 ; elapsed = 00:00:25 . Memory (MB): peak = 3602.527 ; gain = 458.363 ; free physical = 151091 ; free virtual = 454340
---------------------------------------------------------------------------------
---------------------------------------------------------------------------------
Start Applying 'set_property' XDC Constraints
---------------------------------------------------------------------------------
---------------------------------------------------------------------------------
Finished applying 'set_property' XDC Constraints : Time (s): cpu = 00:00:24 ; elapsed = 00:00:25 . Memory (MB): peak = 3602.527 ; gain = 458.363 ; free physical = 151088 ; free virtual = 454337
---------------------------------------------------------------------------------
INFO: [Synth 8-802] inferred FSM for state register 'axi_wr_rd_cs_reg' in module 'axilite_sif'
INFO: [Synth 8-802] inferred FSM for state register 'apb_wr_rd_cs_reg' in module 'apb_mif'
---------------------------------------------------------------------------------------------------
                   State |                     New Encoding |                Previous Encoding 
---------------------------------------------------------------------------------------------------
                axi_idle |                              000 |                              000
               read_wait |                              001 |                              110
                    read |                              010 |                              101
                 rd_resp |                              011 |                              111
              write_wait |                              100 |                              011
            write_w_wait |                              101 |                              010
                   write |                              110 |                              001
                 wr_resp |                              111 |                              100
---------------------------------------------------------------------------------------------------
INFO: [Synth 8-3354] encoded FSM with state register 'axi_wr_rd_cs_reg' using encoding 'sequential' in module 'axilite_sif'
---------------------------------------------------------------------------------------------------
                   State |                     New Encoding |                Previous Encoding 
---------------------------------------------------------------------------------------------------
                apb_idle |                              001 |                               00
               apb_setup |                              010 |                               01
              apb_access |                              100 |                               10
---------------------------------------------------------------------------------------------------
INFO: [Synth 8-3354] encoded FSM with state register 'apb_wr_rd_cs_reg' using encoding 'one-hot' in module 'apb_mif'
---------------------------------------------------------------------------------
Finished RTL Optimization Phase 2 : Time (s): cpu = 00:00:25 ; elapsed = 00:00:25 . Memory (MB): peak = 3602.527 ; gain = 458.363 ; free physical = 151011 ; free virtual = 454261
---------------------------------------------------------------------------------
---------------------------------------------------------------------------------
Start RTL Component Statistics 
---------------------------------------------------------------------------------
Detailed RTL Component Info : 
+---Registers : 
	               32 Bit    Registers := 2     
	               22 Bit    Registers := 2     
	                1 Bit    Registers := 10    
+---Muxes : 
	   2 Input   32 Bit        Muxes := 3     
	   3 Input   32 Bit        Muxes := 1     
	   2 Input   22 Bit        Muxes := 4     
	   8 Input    3 Bit        Muxes := 1     
	   2 Input    3 Bit        Muxes := 5     
	   2 Input    1 Bit        Muxes := 13    
	   8 Input    1 Bit        Muxes := 8     
	   3 Input    1 Bit        Muxes := 5     
---------------------------------------------------------------------------------
Finished RTL Component Statistics 
---------------------------------------------------------------------------------
---------------------------------------------------------------------------------
Start Part Resource Summary
---------------------------------------------------------------------------------
Part Resources:
DSPs: 5952 (col length:93)
BRAMs: 2688 (col length: RAMB18 192 RAMB36 96)
---------------------------------------------------------------------------------
Finished Part Resource Summary
---------------------------------------------------------------------------------
---------------------------------------------------------------------------------
Start Cross Boundary and Area Optimization
---------------------------------------------------------------------------------
WARNING: [Synth 8-7080] Parallel synthesis criteria is not met
---------------------------------------------------------------------------------
Finished Cross Boundary and Area Optimization : Time (s): cpu = 00:00:27 ; elapsed = 00:00:28 . Memory (MB): peak = 3602.527 ; gain = 458.363 ; free physical = 151274 ; free virtual = 454524
---------------------------------------------------------------------------------
---------------------------------------------------------------------------------
Start Applying XDC Timing Constraints
---------------------------------------------------------------------------------
---------------------------------------------------------------------------------
Finished Applying XDC Timing Constraints : Time (s): cpu = 00:00:34 ; elapsed = 00:00:36 . Memory (MB): peak = 4033.250 ; gain = 889.086 ; free physical = 150703 ; free virtual = 453971
---------------------------------------------------------------------------------
---------------------------------------------------------------------------------
Start Timing Optimization
---------------------------------------------------------------------------------
---------------------------------------------------------------------------------
Finished Timing Optimization : Time (s): cpu = 00:00:35 ; elapsed = 00:00:36 . Memory (MB): peak = 4056.281 ; gain = 912.117 ; free physical = 150679 ; free virtual = 453947
---------------------------------------------------------------------------------
---------------------------------------------------------------------------------
Start Technology Mapping
---------------------------------------------------------------------------------
---------------------------------------------------------------------------------
Finished Technology Mapping : Time (s): cpu = 00:00:35 ; elapsed = 00:00:36 . Memory (MB): peak = 4056.281 ; gain = 912.117 ; free physical = 150676 ; free virtual = 453945
---------------------------------------------------------------------------------
---------------------------------------------------------------------------------
Start IO Insertion
---------------------------------------------------------------------------------
---------------------------------------------------------------------------------
Start Flattening Before IO Insertion
---------------------------------------------------------------------------------
---------------------------------------------------------------------------------
Finished Flattening Before IO Insertion
---------------------------------------------------------------------------------
---------------------------------------------------------------------------------
Start Final Netlist Cleanup
---------------------------------------------------------------------------------
---------------------------------------------------------------------------------
Finished Final Netlist Cleanup
---------------------------------------------------------------------------------
---------------------------------------------------------------------------------
Finished IO Insertion : Time (s): cpu = 00:00:38 ; elapsed = 00:00:40 . Memory (MB): peak = 4218.094 ; gain = 1073.930 ; free physical = 150521 ; free virtual = 453789
---------------------------------------------------------------------------------
---------------------------------------------------------------------------------
Start Renaming Generated Instances
---------------------------------------------------------------------------------
---------------------------------------------------------------------------------
Finished Renaming Generated Instances : Time (s): cpu = 00:00:38 ; elapsed = 00:00:40 . Memory (MB): peak = 4218.094 ; gain = 1073.930 ; free physical = 150521 ; free virtual = 453789
---------------------------------------------------------------------------------
---------------------------------------------------------------------------------
Start Rebuilding User Hierarchy
---------------------------------------------------------------------------------
---------------------------------------------------------------------------------
Finished Rebuilding User Hierarchy : Time (s): cpu = 00:00:38 ; elapsed = 00:00:40 . Memory (MB): peak = 4218.094 ; gain = 1073.930 ; free physical = 150520 ; free virtual = 453788
---------------------------------------------------------------------------------
---------------------------------------------------------------------------------
Start Renaming Generated Ports
---------------------------------------------------------------------------------
---------------------------------------------------------------------------------
Finished Renaming Generated Ports : Time (s): cpu = 00:00:38 ; elapsed = 00:00:40 . Memory (MB): peak = 4218.094 ; gain = 1073.930 ; free physical = 150520 ; free virtual = 453788
---------------------------------------------------------------------------------
---------------------------------------------------------------------------------
Start Handling Custom Attributes
---------------------------------------------------------------------------------
---------------------------------------------------------------------------------
Finished Handling Custom Attributes : Time (s): cpu = 00:00:38 ; elapsed = 00:00:40 . Memory (MB): peak = 4218.094 ; gain = 1073.930 ; free physical = 150520 ; free virtual = 453788
---------------------------------------------------------------------------------
---------------------------------------------------------------------------------
Start Renaming Generated Nets
---------------------------------------------------------------------------------
---------------------------------------------------------------------------------
Finished Renaming Generated Nets : Time (s): cpu = 00:00:38 ; elapsed = 00:00:40 . Memory (MB): peak = 4218.094 ; gain = 1073.930 ; free physical = 150520 ; free virtual = 453788
---------------------------------------------------------------------------------
---------------------------------------------------------------------------------
Start Writing Synthesis Report
---------------------------------------------------------------------------------

Report BlackBoxes: 
+-+--------------+----------+
| |BlackBox name |Instances |
+-+--------------+----------+
+-+--------------+----------+

Report Cell Usage: 
+------+-----+------+
|      |Cell |Count |
+------+-----+------+
|1     |LUT1 |     1|
|2     |LUT2 |    33|
|3     |LUT3 |    25|
|4     |LUT4 |    35|
|5     |LUT5 |    28|
|6     |LUT6 |    13|
|7     |FDRE |   123|
|8     |FDSE |     1|
+------+-----+------+
---------------------------------------------------------------------------------
Finished Writing Synthesis Report : Time (s): cpu = 00:00:38 ; elapsed = 00:00:40 . Memory (MB): peak = 4218.094 ; gain = 1073.930 ; free physical = 150520 ; free virtual = 453788
---------------------------------------------------------------------------------
Synthesis finished with 0 errors, 0 critical warnings and 491 warnings.
Synthesis Optimization Runtime : Time (s): cpu = 00:00:29 ; elapsed = 00:00:31 . Memory (MB): peak = 4218.094 ; gain = 987.121 ; free physical = 150516 ; free virtual = 453784
Synthesis Optimization Complete : Time (s): cpu = 00:00:39 ; elapsed = 00:00:40 . Memory (MB): peak = 4218.094 ; gain = 1073.930 ; free physical = 150516 ; free virtual = 453784
INFO: [Project 1-571] Translating synthesized netlist
Netlist sorting complete. Time (s): cpu = 00:00:00 ; elapsed = 00:00:00 . Memory (MB): peak = 4218.094 ; gain = 0.000 ; free physical = 150676 ; free virtual = 453944
INFO: [Project 1-570] Preparing netlist for logic optimization
INFO: [Opt 31-138] Pushed 0 inverter(s) to 0 load pin(s).
Netlist sorting complete. Time (s): cpu = 00:00:00 ; elapsed = 00:00:00 . Memory (MB): peak = 4218.094 ; gain = 0.000 ; free physical = 150644 ; free virtual = 453912
INFO: [Project 1-111] Unisim Transformation Summary:
No Unisim elements were transformed.

Synth Design complete | Checksum: d1e95671
INFO: [Common 17-83] Releasing license: Synthesis
39 Infos, 105 Warnings, 0 Critical Warnings and 0 Errors encountered.
synth_design completed successfully
synth_design: Time (s): cpu = 00:00:55 ; elapsed = 00:01:00 . Memory (MB): peak = 4218.094 ; gain = 2371.812 ; free physical = 150633 ; free virtual = 453901
INFO: [Common 17-2834] synth_design peak Physical Memory [PSS] (MB): overall = 2950.651; main = 2950.651; forked = 187.119
INFO: [Common 17-2834] synth_design peak Virtual Memory [VSS] (MB): overall = 5269.184; main = 4190.398; forked = 1589.984
Write ShapeDB Complete: Time (s): cpu = 00:00:00 ; elapsed = 00:00:00 . Memory (MB): peak = 4218.094 ; gain = 0.000 ; free physical = 150634 ; free virtual = 453902
INFO: [Common 17-1381] The checkpoint '/home/cs2401.03/mini1-gemm/build/hw/_x/link/vivado/vpl/prj/prj.runs/bd_85ad_axi_apb_bridge_inst_0_synth_1/bd_85ad_axi_apb_bridge_inst_0.dcp' has been generated.
INFO: [Coretcl 2-1648] Added synthesis output to IP cache for IP bd_85ad_axi_apb_bridge_inst_0, cache-ID = b62dfa6eca01922d
INFO: [Coretcl 2-1174] Renamed 4 cell refs.
Write ShapeDB Complete: Time (s): cpu = 00:00:00 ; elapsed = 00:00:00 . Memory (MB): peak = 4218.094 ; gain = 0.000 ; free physical = 150600 ; free virtual = 453869
INFO: [Common 17-1381] The checkpoint '/home/cs2401.03/mini1-gemm/build/hw/_x/link/vivado/vpl/prj/prj.runs/bd_85ad_axi_apb_bridge_inst_0_synth_1/bd_85ad_axi_apb_bridge_inst_0.dcp' has been generated.
INFO: [Vivado 12-24828] Executing command : report_utilization -file bd_85ad_axi_apb_bridge_inst_0_utilization_synth.rpt -pb bd_85ad_axi_apb_bridge_inst_0_utilization_synth.pb
INFO: [Common 17-206] Exiting Vivado at Thu Oct  1 03:13:39 2026...
