
*** Running vivado
    with args -log ulp_axi_vip_data_0.vds -m64 -product Vivado -mode batch -messageDb vivado.pb -notrace -source ulp_axi_vip_data_0.tcl


****** Vivado v2025.1 (64-bit)
  **** SW Build 6140274 on Wed May 21 22:58:25 MDT 2025
  **** IP Build 6138677 on Thu May 22 03:10:11 MDT 2025
  **** SharedData Build 6139179 on Tue May 20 17:58:58 MDT 2025
  **** Start of session at: Thu Oct  1 03:07:05 2026
    ** Copyright 1986-2022 Xilinx, Inc. All Rights Reserved.
    ** Copyright 2022-2025 Advanced Micro Devices, Inc. All Rights Reserved.

source ulp_axi_vip_data_0.tcl -notrace
INFO: Dispatch client connection id - 41687
create_project: Time (s): cpu = 00:00:09 ; elapsed = 00:00:10 . Memory (MB): peak = 1767.211 ; gain = 24.828 ; free physical = 170751 ; free virtual = 473901
INFO: [IP_Flow 19-234] Refreshing IP repositories
INFO: [IP_Flow 19-1700] Loaded user IP repository '/home/cs2401.03/mini1-gemm/build/hw/_x/link/int/xo/ip_repo/xilinx_com_hls_gemm_1_0'.
INFO: [IP_Flow 19-1700] Loaded user IP repository '/home/cs2401.03/mini1-gemm/build/hw/_x/link/vivado/vpl/.local/hw_platform/iprepo'.
INFO: [IP_Flow 19-1700] Loaded user IP repository '/home/cs2401.03/mini1-gemm/build/hw/_x/link/vivado/vpl/.local/hw_platform/ipcache'.
INFO: [IP_Flow 19-1700] Loaded user IP repository '/home/Xilinx/2025.1/Vitis/data/vitis/ip'.
INFO: [IP_Flow 19-2313] Loaded Vivado IP repository '/home/Xilinx/2025.1/Vivado/data/ip'.
WARNING: [IP_Flow 19-1663] Duplicate IP found for 'xilinx.com:ip:clk_metadata_adapter:1.0'. The one found in IP location '/home/cs2401.03/mini1-gemm/build/hw/_x/link/vivado/vpl/.local/hw_platform/iprepo/ipdefs/other_ipdefs/clk_metadata_adapter_v1_0' will take precedence over the same IP in location /home/cs2401.03/mini1-gemm/build/hw/_x/link/vivado/vpl/.local/hw_platform/iprepo/ipdefs/ii_infra_ipdefs/clk_metadata_adapter_v1_0
WARNING: [IP_Flow 19-1663] Duplicate IP found for 'xilinx.com:ip:axi_clk_metadata_adapter:1.0'. The one found in IP location '/home/cs2401.03/mini1-gemm/build/hw/_x/link/vivado/vpl/.local/hw_platform/iprepo/ipdefs/other_ipdefs/axi_clk_metadata_adapter_v1_0' will take precedence over the same IP in location /home/cs2401.03/mini1-gemm/build/hw/_x/link/vivado/vpl/.local/hw_platform/iprepo/ipdefs/ii_infra_ipdefs/axi_clk_metadata_adapter_v1_0
WARNING: [IP_Flow 19-1663] Duplicate IP found for 'xilinx.com:ip:axis_clk_metadata_adapter:1.0'. The one found in IP location '/home/cs2401.03/mini1-gemm/build/hw/_x/link/vivado/vpl/.local/hw_platform/iprepo/ipdefs/other_ipdefs/axis_clk_metadata_adapter_v1_0' will take precedence over the same IP in location /home/cs2401.03/mini1-gemm/build/hw/_x/link/vivado/vpl/.local/hw_platform/iprepo/ipdefs/ii_infra_ipdefs/axis_clk_metadata_adapter_v1_0
WARNING: [IP_Flow 19-1663] Duplicate IP found for 'xilinx.com:ip:pipeline_reg:1.0'. The one found in IP location '/home/cs2401.03/mini1-gemm/build/hw/_x/link/vivado/vpl/.local/hw_platform/iprepo/ipdefs/other_ipdefs/pipeline_reg_v1_0' will take precedence over the same IP in location /home/cs2401.03/mini1-gemm/build/hw/_x/link/vivado/vpl/.local/hw_platform/iprepo/ipdefs/ii_infra_ipdefs/pipeline_reg_v1_0
Command: synth_design -top ulp_axi_vip_data_0 -part xcu50-fsvh2104-2-e -incremental_mode off -mode out_of_context
Starting synth_design
Attempting to get a license for feature 'Synthesis' and/or device 'xcu50'
INFO: [Common 17-349] Got license for feature 'Synthesis' and/or device 'xcu50'
INFO: [Device 21-403] Loading part xcu50-fsvh2104-2-e
INFO: [Synth 8-7079] Multithreading enabled for synth_design using a maximum of 1 processes.
INFO: [Synth 8-7078] Launching helper process for spawning children vivado processes
INFO: [Synth 8-7075] Helper process launched with PID 2277368
---------------------------------------------------------------------------------
Starting RTL Elaboration : Time (s): cpu = 00:00:06 ; elapsed = 00:00:06 . Memory (MB): peak = 3412.609 ; gain = 267.859 ; free physical = 162769 ; free virtual = 465920
---------------------------------------------------------------------------------
INFO: [Synth 8-6157] synthesizing module 'ulp_axi_vip_data_0' [/home/cs2401.03/mini1-gemm/build/hw/_x/link/vivado/vpl/prj/prj.gen/my_rm/bd/ulp/ip/ulp_axi_vip_data_0/synth/ulp_axi_vip_data_0.sv:53]
INFO: [Synth 8-6157] synthesizing module 'axi_vip_v1_1_21_top' [/home/cs2401.03/mini1-gemm/build/hw/_x/link/vivado/vpl/prj/prj.gen/my_rm/bd/ulp/ipshared/f16f/hdl/axi_vip_v1_1_vlsyn_rfs.sv:59]
INFO: [Synth 8-6155] done synthesizing module 'axi_vip_v1_1_21_top' (0#1) [/home/cs2401.03/mini1-gemm/build/hw/_x/link/vivado/vpl/prj/prj.gen/my_rm/bd/ulp/ipshared/f16f/hdl/axi_vip_v1_1_vlsyn_rfs.sv:59]
INFO: [Synth 8-6155] done synthesizing module 'ulp_axi_vip_data_0' (0#1) [/home/cs2401.03/mini1-gemm/build/hw/_x/link/vivado/vpl/prj/prj.gen/my_rm/bd/ulp/ip/ulp_axi_vip_data_0/synth/ulp_axi_vip_data_0.sv:53]
WARNING: [Synth 8-7129] Port aclk in module axi_vip_v1_1_21_top is either unconnected or has no load
WARNING: [Synth 8-7129] Port aclken in module axi_vip_v1_1_21_top is either unconnected or has no load
WARNING: [Synth 8-7129] Port aresetn in module axi_vip_v1_1_21_top is either unconnected or has no load
---------------------------------------------------------------------------------
Finished RTL Elaboration : Time (s): cpu = 00:00:08 ; elapsed = 00:00:09 . Memory (MB): peak = 3495.547 ; gain = 350.797 ; free physical = 162143 ; free virtual = 465326
---------------------------------------------------------------------------------
---------------------------------------------------------------------------------
Start Handling Custom Attributes
---------------------------------------------------------------------------------
---------------------------------------------------------------------------------
Finished Handling Custom Attributes : Time (s): cpu = 00:00:08 ; elapsed = 00:00:09 . Memory (MB): peak = 3510.391 ; gain = 365.641 ; free physical = 162042 ; free virtual = 465195
---------------------------------------------------------------------------------
---------------------------------------------------------------------------------
Finished RTL Optimization Phase 1 : Time (s): cpu = 00:00:08 ; elapsed = 00:00:09 . Memory (MB): peak = 3510.391 ; gain = 365.641 ; free physical = 162042 ; free virtual = 465195
---------------------------------------------------------------------------------
Netlist sorting complete. Time (s): cpu = 00:00:00.01 ; elapsed = 00:00:00.01 . Memory (MB): peak = 3510.391 ; gain = 0.000 ; free physical = 161988 ; free virtual = 465140
INFO: [Project 1-570] Preparing netlist for logic optimization

Processing XDC Constraints
Initializing timing engine
Parsing XDC File [/home/cs2401.03/mini1-gemm/build/hw/_x/link/vivado/vpl/prj/prj.gen/my_rm/bd/ulp/ip/ulp_axi_vip_data_0/ulp_axi_vip_data_0_ooc.xdc] for cell 'inst'
create_clock: Time (s): cpu = 00:00:09 ; elapsed = 00:00:09 . Memory (MB): peak = 3534.438 ; gain = 6.234 ; free physical = 159288 ; free virtual = 462443
Finished Parsing XDC File [/home/cs2401.03/mini1-gemm/build/hw/_x/link/vivado/vpl/prj/prj.gen/my_rm/bd/ulp/ip/ulp_axi_vip_data_0/ulp_axi_vip_data_0_ooc.xdc] for cell 'inst'
Parsing XDC File [/home/cs2401.03/mini1-gemm/build/hw/_x/link/vivado/vpl/prj/prj.runs/ulp_axi_vip_data_0_synth_1/dont_touch.xdc]
Finished Parsing XDC File [/home/cs2401.03/mini1-gemm/build/hw/_x/link/vivado/vpl/prj/prj.runs/ulp_axi_vip_data_0_synth_1/dont_touch.xdc]
Completed Processing XDC Constraints

Netlist sorting complete. Time (s): cpu = 00:00:00 ; elapsed = 00:00:00 . Memory (MB): peak = 3534.438 ; gain = 0.000 ; free physical = 159288 ; free virtual = 462443
INFO: [Project 1-111] Unisim Transformation Summary:
No Unisim elements were transformed.

Constraint Validation Runtime : Time (s): cpu = 00:00:00.06 ; elapsed = 00:00:00.07 . Memory (MB): peak = 3534.473 ; gain = 0.000 ; free physical = 159288 ; free virtual = 462443
INFO: [Designutils 20-5008] Incremental synthesis strategy off
---------------------------------------------------------------------------------
Finished Constraint Validation : Time (s): cpu = 00:00:26 ; elapsed = 00:00:29 . Memory (MB): peak = 3534.473 ; gain = 389.723 ; free physical = 157306 ; free virtual = 460463
---------------------------------------------------------------------------------
---------------------------------------------------------------------------------
Start Loading Part and Timing Information
---------------------------------------------------------------------------------
Loading part: xcu50-fsvh2104-2-e
INFO: [Synth 8-6742] Reading net delay rules and data
---------------------------------------------------------------------------------
Finished Loading Part and Timing Information : Time (s): cpu = 00:00:26 ; elapsed = 00:00:29 . Memory (MB): peak = 3536.441 ; gain = 391.691 ; free physical = 157301 ; free virtual = 460458
---------------------------------------------------------------------------------
---------------------------------------------------------------------------------
Start Applying 'set_property' XDC Constraints
---------------------------------------------------------------------------------
---------------------------------------------------------------------------------
Finished applying 'set_property' XDC Constraints : Time (s): cpu = 00:00:26 ; elapsed = 00:00:29 . Memory (MB): peak = 3536.441 ; gain = 391.691 ; free physical = 157299 ; free virtual = 460455
---------------------------------------------------------------------------------
---------------------------------------------------------------------------------
Finished RTL Optimization Phase 2 : Time (s): cpu = 00:00:26 ; elapsed = 00:00:29 . Memory (MB): peak = 3536.441 ; gain = 391.691 ; free physical = 157286 ; free virtual = 460443
---------------------------------------------------------------------------------
---------------------------------------------------------------------------------
Start RTL Component Statistics 
---------------------------------------------------------------------------------
Detailed RTL Component Info : 
---------------------------------------------------------------------------------
Finished RTL Component Statistics 
---------------------------------------------------------------------------------
---------------------------------------------------------------------------------
Start Part Resource Summary
---------------------------------------------------------------------------------
Part Resources:
DSPs: 5952 (col length:93)
BRAMs: 2688 (col length: RAMB18 192 RAMB36 96)
---------------------------------------------------------------------------------
Finished Part Resource Summary
---------------------------------------------------------------------------------
---------------------------------------------------------------------------------
Start Cross Boundary and Area Optimization
---------------------------------------------------------------------------------
WARNING: [Synth 8-7080] Parallel synthesis criteria is not met
WARNING: [Synth 8-7129] Port aclk in module axi_vip_v1_1_21_top is either unconnected or has no load
WARNING: [Synth 8-7129] Port aclken in module axi_vip_v1_1_21_top is either unconnected or has no load
WARNING: [Synth 8-7129] Port aresetn in module axi_vip_v1_1_21_top is either unconnected or has no load
---------------------------------------------------------------------------------
Finished Cross Boundary and Area Optimization : Time (s): cpu = 00:00:29 ; elapsed = 00:00:31 . Memory (MB): peak = 3536.441 ; gain = 391.691 ; free physical = 157139 ; free virtual = 460298
---------------------------------------------------------------------------------
---------------------------------------------------------------------------------
Start Applying XDC Timing Constraints
---------------------------------------------------------------------------------
---------------------------------------------------------------------------------
Finished Applying XDC Timing Constraints : Time (s): cpu = 00:00:36 ; elapsed = 00:00:40 . Memory (MB): peak = 4014.227 ; gain = 869.477 ; free physical = 154466 ; free virtual = 457629
---------------------------------------------------------------------------------
---------------------------------------------------------------------------------
Start Timing Optimization
---------------------------------------------------------------------------------
---------------------------------------------------------------------------------
Finished Timing Optimization : Time (s): cpu = 00:00:37 ; elapsed = 00:00:40 . Memory (MB): peak = 4014.227 ; gain = 869.477 ; free physical = 154463 ; free virtual = 457626
---------------------------------------------------------------------------------
---------------------------------------------------------------------------------
Start Technology Mapping
---------------------------------------------------------------------------------
---------------------------------------------------------------------------------
Finished Technology Mapping : Time (s): cpu = 00:00:37 ; elapsed = 00:00:40 . Memory (MB): peak = 4025.242 ; gain = 880.492 ; free physical = 154448 ; free virtual = 457611
---------------------------------------------------------------------------------
---------------------------------------------------------------------------------
Start IO Insertion
---------------------------------------------------------------------------------
---------------------------------------------------------------------------------
Start Flattening Before IO Insertion
---------------------------------------------------------------------------------
---------------------------------------------------------------------------------
Finished Flattening Before IO Insertion
---------------------------------------------------------------------------------
---------------------------------------------------------------------------------
Start Final Netlist Cleanup
---------------------------------------------------------------------------------
---------------------------------------------------------------------------------
Finished Final Netlist Cleanup
---------------------------------------------------------------------------------
---------------------------------------------------------------------------------
Finished IO Insertion : Time (s): cpu = 00:00:42 ; elapsed = 00:00:46 . Memory (MB): peak = 4199.055 ; gain = 1054.305 ; free physical = 153463 ; free virtual = 456627
---------------------------------------------------------------------------------
---------------------------------------------------------------------------------
Start Renaming Generated Instances
---------------------------------------------------------------------------------
---------------------------------------------------------------------------------
Finished Renaming Generated Instances : Time (s): cpu = 00:00:42 ; elapsed = 00:00:46 . Memory (MB): peak = 4199.055 ; gain = 1054.305 ; free physical = 153463 ; free virtual = 456627
---------------------------------------------------------------------------------
---------------------------------------------------------------------------------
Start Rebuilding User Hierarchy
---------------------------------------------------------------------------------
---------------------------------------------------------------------------------
Finished Rebuilding User Hierarchy : Time (s): cpu = 00:00:42 ; elapsed = 00:00:46 . Memory (MB): peak = 4199.055 ; gain = 1054.305 ; free physical = 153461 ; free virtual = 456625
---------------------------------------------------------------------------------
---------------------------------------------------------------------------------
Start Renaming Generated Ports
---------------------------------------------------------------------------------
---------------------------------------------------------------------------------
Finished Renaming Generated Ports : Time (s): cpu = 00:00:42 ; elapsed = 00:00:46 . Memory (MB): peak = 4199.055 ; gain = 1054.305 ; free physical = 153461 ; free virtual = 456624
---------------------------------------------------------------------------------
---------------------------------------------------------------------------------
Start Handling Custom Attributes
---------------------------------------------------------------------------------
---------------------------------------------------------------------------------
Finished Handling Custom Attributes : Time (s): cpu = 00:00:42 ; elapsed = 00:00:46 . Memory (MB): peak = 4199.055 ; gain = 1054.305 ; free physical = 153460 ; free virtual = 456623
---------------------------------------------------------------------------------
---------------------------------------------------------------------------------
Start Renaming Generated Nets
---------------------------------------------------------------------------------
---------------------------------------------------------------------------------
Finished Renaming Generated Nets : Time (s): cpu = 00:00:42 ; elapsed = 00:00:46 . Memory (MB): peak = 4199.055 ; gain = 1054.305 ; free physical = 153458 ; free virtual = 456622
---------------------------------------------------------------------------------
---------------------------------------------------------------------------------
Start Writing Synthesis Report
---------------------------------------------------------------------------------

Report BlackBoxes: 
+-+--------------+----------+
| |BlackBox name |Instances |
+-+--------------+----------+
+-+--------------+----------+

Report Cell Usage: 
+-+-----+------+
| |Cell |Count |
+-+-----+------+
+-+-----+------+
---------------------------------------------------------------------------------
Finished Writing Synthesis Report : Time (s): cpu = 00:00:42 ; elapsed = 00:00:46 . Memory (MB): peak = 4199.055 ; gain = 1054.305 ; free physical = 153458 ; free virtual = 456622
---------------------------------------------------------------------------------
Synthesis finished with 0 errors, 0 critical warnings and 4 warnings.
Synthesis Optimization Runtime : Time (s): cpu = 00:00:31 ; elapsed = 00:00:34 . Memory (MB): peak = 4199.055 ; gain = 1030.223 ; free physical = 153361 ; free virtual = 456524
Synthesis Optimization Complete : Time (s): cpu = 00:00:42 ; elapsed = 00:00:46 . Memory (MB): peak = 4199.055 ; gain = 1054.305 ; free physical = 153360 ; free virtual = 456524
INFO: [Project 1-571] Translating synthesized netlist
Netlist sorting complete. Time (s): cpu = 00:00:00.01 ; elapsed = 00:00:00.01 . Memory (MB): peak = 4199.055 ; gain = 0.000 ; free physical = 153493 ; free virtual = 456657
INFO: [Project 1-570] Preparing netlist for logic optimization
INFO: [Opt 31-138] Pushed 0 inverter(s) to 0 load pin(s).
Netlist sorting complete. Time (s): cpu = 00:00:00 ; elapsed = 00:00:00 . Memory (MB): peak = 4199.055 ; gain = 0.000 ; free physical = 153245 ; free virtual = 456410
INFO: [Project 1-111] Unisim Transformation Summary:
No Unisim elements were transformed.

Synth Design complete | Checksum: dca41b6f
INFO: [Common 17-83] Releasing license: Synthesis
24 Infos, 11 Warnings, 0 Critical Warnings and 0 Errors encountered.
synth_design completed successfully
synth_design: Time (s): cpu = 00:00:58 ; elapsed = 00:01:00 . Memory (MB): peak = 4199.055 ; gain = 2353.188 ; free physical = 153158 ; free virtual = 456322
INFO: [Common 17-2834] synth_design peak Physical Memory [PSS] (MB): overall = 2948.671; main = 2933.114; forked = 184.997
INFO: [Common 17-2834] synth_design peak Virtual Memory [VSS] (MB): overall = 5611.078; main = 4171.359; forked = 1585.832
INFO: [Common 17-1381] The checkpoint '/home/cs2401.03/mini1-gemm/build/hw/_x/link/vivado/vpl/prj/prj.runs/ulp_axi_vip_data_0_synth_1/ulp_axi_vip_data_0.dcp' has been generated.
INFO: [Coretcl 2-1648] Added synthesis output to IP cache for IP ulp_axi_vip_data_0, cache-ID = da0f738f6d3be2cc
INFO: [Common 17-1381] The checkpoint '/home/cs2401.03/mini1-gemm/build/hw/_x/link/vivado/vpl/prj/prj.runs/ulp_axi_vip_data_0_synth_1/ulp_axi_vip_data_0.dcp' has been generated.
INFO: [Vivado 12-24828] Executing command : report_utilization -file ulp_axi_vip_data_0_utilization_synth.rpt -pb ulp_axi_vip_data_0_utilization_synth.pb
INFO: [Common 17-206] Exiting Vivado at Thu Oct  1 03:08:25 2026...
