

================================================================
== Vitis HLS Report for 'gemm_Pipeline_VITIS_LOOP_33_3'
================================================================
* Date:           Thu Oct  1 02:36:20 2026

* Version:        2025.1 (Build 6135595 on May 21 2025)
* Project:        hls
* Solution:       hls (Vitis Kernel Flow Target)
* Product family: virtexuplusHBM
* Target device:  xcu50-fsvh2104-2-e


================================================================
== Performance Estimates
================================================================
+ Timing: 
    * Summary: 
    +--------+---------+----------+------------+
    |  Clock |  Target | Estimated| Uncertainty|
    +--------+---------+----------+------------+
    |ap_clk  |  3.33 ns|  2.431 ns|     0.90 ns|
    +--------+---------+----------+------------+

+ Latency: 
    * Summary: 
    +---------+---------+----------+----------+-----+-----+------------------------------------------------+
    |  Latency (cycles) |  Latency (absolute) |  Interval |                    Pipeline                    |
    |   min   |   max   |    min   |    max   | min | max |                      Type                      |
    +---------+---------+----------+----------+-----+-----+------------------------------------------------+
    |        ?|        ?|         ?|         ?|    0|    0|  loop auto-rewind stp (delay=0 clock cycles(s))|
    +---------+---------+----------+----------+-----+-----+------------------------------------------------+

    + Detail: 
        * Instance: 
        N/A

        * Loop: 
        +-------------------+---------+---------+----------+-----------+-----------+------+----------+
        |                   |  Latency (cycles) | Iteration|  Initiation Interval  | Trip |          |
        |     Loop Name     |   min   |   max   |  Latency |  achieved |   target  | Count| Pipelined|
        +-------------------+---------+---------+----------+-----------+-----------+------+----------+
        |- VITIS_LOOP_33_3  |        ?|        ?|        86|          8|          1|     ?|       yes|
        +-------------------+---------+---------+----------+-----------+-----------+------+----------+

============================================================
+ Verbose Summary: Synthesis Manager
============================================================
InlineROM: 1
ExposeGlobal: 0
============================================================
+ Verbose Summary: CDFG Model
============================================================
IsTopModel: 0
ResetActiveHigh: 1
IsCombinational: 0
IsDatapathOnly: 0
HasWiredReturn: 1
HasMFsm: 2
HasVarLatency: 1
IsPipeline: 0
IsRtlPipelined: 0
IsInstanceOverlapped: 0
IsDontTouch: 0
HasImplIP: 0
IsGatedGlobalClock: 0

+ Individual pipeline summary: 
  * Pipeline-0: initiation interval (II) = 8, depth = 86


============================================================
+ Verbose Summary: Schedule
============================================================
* Number of FSM states : 86
* Pipeline : 1
  Pipeline-0 : II = 8, D = 86, States = { 1 2 3 4 5 6 7 8 9 10 11 12 13 14 15 16 17 18 19 20 21 22 23 24 25 26 27 28 29 30 31 32 33 34 35 36 37 38 39 40 41 42 43 44 45 46 47 48 49 50 51 52 53 54 55 56 57 58 59 60 61 62 63 64 65 66 67 68 69 70 71 72 73 74 75 76 77 78 79 80 81 82 83 84 85 86 }
* Dataflow Pipeline: 0

* FSM state transitions: 
1 --> 2 
2 --> 3 
3 --> 4 
4 --> 5 
5 --> 6 
6 --> 7 
7 --> 8 
8 --> 9 
9 --> 10 
10 --> 11 
11 --> 12 
12 --> 13 
13 --> 14 
14 --> 15 
15 --> 16 
16 --> 17 
17 --> 18 
18 --> 19 
19 --> 20 
20 --> 21 
21 --> 22 
22 --> 23 
23 --> 24 
24 --> 25 
25 --> 26 
26 --> 27 
27 --> 28 
28 --> 29 
29 --> 30 
30 --> 31 
31 --> 32 
32 --> 33 
33 --> 34 
34 --> 35 
35 --> 36 
36 --> 37 
37 --> 38 
38 --> 39 
39 --> 40 
40 --> 41 
41 --> 42 
42 --> 43 
43 --> 44 
44 --> 45 
45 --> 46 
46 --> 47 
47 --> 48 
48 --> 49 
49 --> 50 
50 --> 51 
51 --> 52 
52 --> 53 
53 --> 54 
54 --> 55 
55 --> 56 
56 --> 57 
57 --> 58 
58 --> 59 
59 --> 60 
60 --> 61 
61 --> 62 
62 --> 63 
63 --> 64 
64 --> 65 
65 --> 66 
66 --> 67 
67 --> 68 
68 --> 69 
69 --> 70 
70 --> 71 
71 --> 72 
72 --> 73 
73 --> 74 
74 --> 75 
75 --> 76 
76 --> 77 
77 --> 78 
78 --> 79 
79 --> 80 
80 --> 81 
81 --> 82 
82 --> 83 
83 --> 84 
84 --> 85 
85 --> 86 
86 --> 

* FSM state operations: 

State 1 <SV = 0> <Delay = 1.65>
ST_1 : Operation 89 [1/1] (0.00ns)   --->   "%phi_mul = alloca i32 1"   --->   Operation 89 'alloca' 'phi_mul' <Predicate = true> <Delay = 0.00>
ST_1 : Operation 90 [1/1] (0.00ns)   --->   "%acc = alloca i32 1" [../src/kernel.cpp:32]   --->   Operation 90 'alloca' 'acc' <Predicate = true> <Delay = 0.00>
ST_1 : Operation 91 [1/1] (0.00ns)   --->   "%k = alloca i32 1" [../src/kernel.cpp:33]   --->   Operation 91 'alloca' 'k' <Predicate = true> <Delay = 0.00>
ST_1 : Operation 92 [1/1] (0.00ns)   --->   "%B_read = read i64 @_ssdm_op_Read.ap_auto.i64, i64 %B"   --->   Operation 92 'read' 'B_read' <Predicate = true> <Delay = 0.00>
ST_1 : Operation 93 [1/1] (0.00ns)   --->   "%zext_ln31_read = read i31 @_ssdm_op_Read.ap_auto.i31, i31 %zext_ln31"   --->   Operation 93 'read' 'zext_ln31_read' <Predicate = true> <Delay = 0.00>
ST_1 : Operation 94 [1/1] (0.00ns)   --->   "%sext_ln30_read = read i31 @_ssdm_op_Read.ap_auto.i31, i31 %sext_ln30"   --->   Operation 94 'read' 'sext_ln30_read' <Predicate = true> <Delay = 0.00>
ST_1 : Operation 95 [1/1] (0.00ns)   --->   "%p_cast_cast_read = read i62 @_ssdm_op_Read.ap_auto.i62, i62 %p_cast_cast"   --->   Operation 95 'read' 'p_cast_cast_read' <Predicate = true> <Delay = 0.00>
ST_1 : Operation 96 [1/1] (0.00ns)   --->   "%K_read = read i32 @_ssdm_op_Read.ap_auto.i32, i32 %K"   --->   Operation 96 'read' 'K_read' <Predicate = true> <Delay = 0.00>
ST_1 : Operation 97 [1/1] (0.00ns)   --->   "%zext_ln31_cast = zext i31 %zext_ln31_read"   --->   Operation 97 'zext' 'zext_ln31_cast' <Predicate = true> <Delay = 0.00>
ST_1 : Operation 98 [1/1] (0.00ns)   --->   "%sext_ln30_cast = zext i31 %sext_ln30_read"   --->   Operation 98 'zext' 'sext_ln30_cast' <Predicate = true> <Delay = 0.00>
ST_1 : Operation 99 [1/1] (0.00ns)   --->   "%p_cast_cast_cast = sext i62 %p_cast_cast_read"   --->   Operation 99 'sext' 'p_cast_cast_cast' <Predicate = true> <Delay = 0.00>
ST_1 : Operation 100 [1/1] (0.00ns)   --->   "%specinterface_ln0 = specinterface void @_ssdm_op_SpecInterface, i32 %gmem1, void @empty_8, i32 0, i32 0, void @empty_9, i32 64, i32 11520, void @empty_1, void @empty_0, void @empty_9, i32 16, i32 16, i32 16, i32 16, void @empty_9, void @empty_9, i32 4294967295, i32 0, i32 0"   --->   Operation 100 'specinterface' 'specinterface_ln0' <Predicate = true> <Delay = 0.00>
ST_1 : Operation 101 [1/1] (0.00ns)   --->   "%specinterface_ln0 = specinterface void @_ssdm_op_SpecInterface, i32 %gmem0, void @empty_8, i32 0, i32 0, void @empty_9, i32 64, i32 6144, void @empty, void @empty_0, void @empty_9, i32 16, i32 16, i32 16, i32 16, void @empty_9, void @empty_9, i32 4294967295, i32 0, i32 0"   --->   Operation 101 'specinterface' 'specinterface_ln0' <Predicate = true> <Delay = 0.00>
ST_1 : Operation 102 [1/1] (0.38ns)   --->   "%store_ln33 = store i31 0, i31 %k" [../src/kernel.cpp:33]   --->   Operation 102 'store' 'store_ln33' <Predicate = true> <Delay = 0.38>
ST_1 : Operation 103 [1/1] (0.38ns)   --->   "%store_ln32 = store i32 0, i32 %acc" [../src/kernel.cpp:32]   --->   Operation 103 'store' 'store_ln32' <Predicate = true> <Delay = 0.38>
ST_1 : Operation 104 [1/1] (0.38ns)   --->   "%store_ln0 = store i62 0, i62 %phi_mul"   --->   Operation 104 'store' 'store_ln0' <Predicate = true> <Delay = 0.38>
ST_1 : Operation 105 [1/1] (0.00ns)   --->   "%br_ln0 = br void %for.inc"   --->   Operation 105 'br' 'br_ln0' <Predicate = true> <Delay = 0.00>
ST_1 : Operation 106 [1/1] (0.00ns)   --->   "%k_1 = load i31 %k" [../src/kernel.cpp:33]   --->   Operation 106 'load' 'k_1' <Predicate = true> <Delay = 0.00>
ST_1 : Operation 107 [1/1] (0.00ns)   --->   "%specbitsmap_ln0 = specbitsmap void @_ssdm_op_SpecBitsMap, i32 %gmem1"   --->   Operation 107 'specbitsmap' 'specbitsmap_ln0' <Predicate = true> <Delay = 0.00>
ST_1 : Operation 108 [1/1] (0.00ns)   --->   "%specbitsmap_ln0 = specbitsmap void @_ssdm_op_SpecBitsMap, i32 %gmem0"   --->   Operation 108 'specbitsmap' 'specbitsmap_ln0' <Predicate = true> <Delay = 0.00>
ST_1 : Operation 109 [1/1] (0.00ns)   --->   "%zext_ln33 = zext i31 %k_1" [../src/kernel.cpp:33]   --->   Operation 109 'zext' 'zext_ln33' <Predicate = true> <Delay = 0.00>
ST_1 : Operation 110 [1/1] (0.88ns)   --->   "%icmp_ln33 = icmp_slt  i32 %zext_ln33, i32 %K_read" [../src/kernel.cpp:33]   --->   Operation 110 'icmp' 'icmp_ln33' <Predicate = true> <Delay = 0.88> <CoreInst = "Cmp">   --->   Core 9 'Cmp' <Latency = 0> <II = 1> <Delay = 0.88> <FuncUnit> <Opcode : 'seteq' 'setne' 'setle' 'setge' 'setlt' 'setgt'> <InPorts = 2> <OutPorts = 1>
ST_1 : Operation 111 [1/1] (0.87ns)   --->   "%add_ln33 = add i31 %k_1, i31 1" [../src/kernel.cpp:33]   --->   Operation 111 'add' 'add_ln33' <Predicate = true> <Delay = 0.87> <CoreInst = "Adder">   --->   Core 1 'Adder' <Latency = 0> <II = 1> <Delay = 0.87> <FuncUnit> <Opcode : 'add' 'sub'> <InPorts = 2> <OutPorts = 1>
ST_1 : Operation 112 [1/1] (0.00ns)   --->   "%br_ln33 = br i1 %icmp_ln33, void %for.inc25.loopexit.exitStub, void %for.inc.split" [../src/kernel.cpp:33]   --->   Operation 112 'br' 'br_ln33' <Predicate = true> <Delay = 0.00>
ST_1 : Operation 113 [1/1] (0.38ns)   --->   "%store_ln33 = store i31 %add_ln33, i31 %k" [../src/kernel.cpp:33]   --->   Operation 113 'store' 'store_ln33' <Predicate = (icmp_ln33)> <Delay = 0.38>

State 2 <SV = 1> <Delay = 2.26>
ST_2 : Operation 114 [1/1] (0.00ns)   --->   "%phi_mul_load = load i62 %phi_mul" [../src/kernel.cpp:34]   --->   Operation 114 'load' 'phi_mul_load' <Predicate = (icmp_ln33)> <Delay = 0.00>
ST_2 : Operation 115 [1/1] (1.12ns)   --->   "%add_ln34_2 = add i62 %phi_mul_load, i62 %sext_ln30_cast" [../src/kernel.cpp:34]   --->   Operation 115 'add' 'add_ln34_2' <Predicate = (icmp_ln33)> <Delay = 1.12> <CoreInst = "Adder">   --->   Core 1 'Adder' <Latency = 0> <II = 1> <Delay = 1.12> <FuncUnit> <Opcode : 'add' 'sub'> <InPorts = 2> <OutPorts = 1>
ST_2 : Operation 116 [1/1] (1.12ns)   --->   "%add_ln34 = add i62 %phi_mul_load, i62 %zext_ln31_cast" [../src/kernel.cpp:34]   --->   Operation 116 'add' 'add_ln34' <Predicate = (icmp_ln33)> <Delay = 1.12> <CoreInst = "Adder">   --->   Core 1 'Adder' <Latency = 0> <II = 1> <Delay = 1.12> <FuncUnit> <Opcode : 'add' 'sub'> <InPorts = 2> <OutPorts = 1>
ST_2 : Operation 117 [1/1] (0.00ns)   --->   "%shl_ln = bitconcatenate i64 @_ssdm_op_BitConcatenate.i64.i62.i2, i62 %add_ln34, i2 0" [../src/kernel.cpp:34]   --->   Operation 117 'bitconcatenate' 'shl_ln' <Predicate = (icmp_ln33)> <Delay = 0.00>
ST_2 : Operation 118 [1/1] (1.14ns)   --->   "%add_ln34_1 = add i64 %shl_ln, i64 %B_read" [../src/kernel.cpp:34]   --->   Operation 118 'add' 'add_ln34_1' <Predicate = (icmp_ln33)> <Delay = 1.14> <CoreInst = "Adder">   --->   Core 1 'Adder' <Latency = 0> <II = 1> <Delay = 1.14> <FuncUnit> <Opcode : 'add' 'sub'> <InPorts = 2> <OutPorts = 1>
ST_2 : Operation 119 [1/1] (0.00ns)   --->   "%trunc_ln1 = partselect i62 @_ssdm_op_PartSelect.i62.i64.i32.i32, i64 %add_ln34_1, i32 2, i32 63" [../src/kernel.cpp:34]   --->   Operation 119 'partselect' 'trunc_ln1' <Predicate = (icmp_ln33)> <Delay = 0.00>
ST_2 : Operation 120 [1/1] (0.00ns)   --->   "%sext_ln34 = sext i62 %trunc_ln1" [../src/kernel.cpp:34]   --->   Operation 120 'sext' 'sext_ln34' <Predicate = (icmp_ln33)> <Delay = 0.00>
ST_2 : Operation 121 [1/1] (0.00ns)   --->   "%gmem1_addr = getelementptr i32 %gmem1, i64 %sext_ln34" [../src/kernel.cpp:34]   --->   Operation 121 'getelementptr' 'gmem1_addr' <Predicate = (icmp_ln33)> <Delay = 0.00>
ST_2 : Operation 122 [1/1] (0.38ns)   --->   "%store_ln34 = store i62 %add_ln34_2, i62 %phi_mul" [../src/kernel.cpp:34]   --->   Operation 122 'store' 'store_ln34' <Predicate = (icmp_ln33)> <Delay = 0.38>

State 3 <SV = 2> <Delay = 2.43>
ST_3 : Operation 123 [71/71] (2.43ns)   --->   "%gmem1_load_req = readreq i1 @_ssdm_op_ReadReq.m_axi.i32P1A, i32 %gmem1_addr, i64 1" [../src/kernel.cpp:34]   --->   Operation 123 'readreq' 'gmem1_load_req' <Predicate = (icmp_ln33)> <Delay = 2.43> <CoreInst = "m_axi">   --->   Core 119 'm_axi' <Latency = 6> <II = 1> <Delay = 1.00> <Adapter> <Opcode : 'read' 'write' 'readreq' 'writereq' 'writeresp'>

State 4 <SV = 3> <Delay = 2.43>
ST_4 : Operation 124 [70/71] (2.43ns)   --->   "%gmem1_load_req = readreq i1 @_ssdm_op_ReadReq.m_axi.i32P1A, i32 %gmem1_addr, i64 1" [../src/kernel.cpp:34]   --->   Operation 124 'readreq' 'gmem1_load_req' <Predicate = (icmp_ln33)> <Delay = 2.43> <CoreInst = "m_axi">   --->   Core 119 'm_axi' <Latency = 6> <II = 1> <Delay = 1.00> <Adapter> <Opcode : 'read' 'write' 'readreq' 'writereq' 'writeresp'>

State 5 <SV = 4> <Delay = 2.43>
ST_5 : Operation 125 [69/71] (2.43ns)   --->   "%gmem1_load_req = readreq i1 @_ssdm_op_ReadReq.m_axi.i32P1A, i32 %gmem1_addr, i64 1" [../src/kernel.cpp:34]   --->   Operation 125 'readreq' 'gmem1_load_req' <Predicate = (icmp_ln33)> <Delay = 2.43> <CoreInst = "m_axi">   --->   Core 119 'm_axi' <Latency = 6> <II = 1> <Delay = 1.00> <Adapter> <Opcode : 'read' 'write' 'readreq' 'writereq' 'writeresp'>

State 6 <SV = 5> <Delay = 2.43>
ST_6 : Operation 126 [68/71] (2.43ns)   --->   "%gmem1_load_req = readreq i1 @_ssdm_op_ReadReq.m_axi.i32P1A, i32 %gmem1_addr, i64 1" [../src/kernel.cpp:34]   --->   Operation 126 'readreq' 'gmem1_load_req' <Predicate = (icmp_ln33)> <Delay = 2.43> <CoreInst = "m_axi">   --->   Core 119 'm_axi' <Latency = 6> <II = 1> <Delay = 1.00> <Adapter> <Opcode : 'read' 'write' 'readreq' 'writereq' 'writeresp'>

State 7 <SV = 6> <Delay = 2.43>
ST_7 : Operation 127 [67/71] (2.43ns)   --->   "%gmem1_load_req = readreq i1 @_ssdm_op_ReadReq.m_axi.i32P1A, i32 %gmem1_addr, i64 1" [../src/kernel.cpp:34]   --->   Operation 127 'readreq' 'gmem1_load_req' <Predicate = (icmp_ln33)> <Delay = 2.43> <CoreInst = "m_axi">   --->   Core 119 'm_axi' <Latency = 6> <II = 1> <Delay = 1.00> <Adapter> <Opcode : 'read' 'write' 'readreq' 'writereq' 'writeresp'>

State 8 <SV = 7> <Delay = 2.43>
ST_8 : Operation 128 [66/71] (2.43ns)   --->   "%gmem1_load_req = readreq i1 @_ssdm_op_ReadReq.m_axi.i32P1A, i32 %gmem1_addr, i64 1" [../src/kernel.cpp:34]   --->   Operation 128 'readreq' 'gmem1_load_req' <Predicate = (icmp_ln33)> <Delay = 2.43> <CoreInst = "m_axi">   --->   Core 119 'm_axi' <Latency = 6> <II = 1> <Delay = 1.00> <Adapter> <Opcode : 'read' 'write' 'readreq' 'writereq' 'writeresp'>

State 9 <SV = 8> <Delay = 2.43>
ST_9 : Operation 129 [65/71] (2.43ns)   --->   "%gmem1_load_req = readreq i1 @_ssdm_op_ReadReq.m_axi.i32P1A, i32 %gmem1_addr, i64 1" [../src/kernel.cpp:34]   --->   Operation 129 'readreq' 'gmem1_load_req' <Predicate = true> <Delay = 2.43> <CoreInst = "m_axi">   --->   Core 119 'm_axi' <Latency = 6> <II = 1> <Delay = 1.00> <Adapter> <Opcode : 'read' 'write' 'readreq' 'writereq' 'writeresp'>

State 10 <SV = 9> <Delay = 2.43>
ST_10 : Operation 130 [64/71] (2.43ns)   --->   "%gmem1_load_req = readreq i1 @_ssdm_op_ReadReq.m_axi.i32P1A, i32 %gmem1_addr, i64 1" [../src/kernel.cpp:34]   --->   Operation 130 'readreq' 'gmem1_load_req' <Predicate = true> <Delay = 2.43> <CoreInst = "m_axi">   --->   Core 119 'm_axi' <Latency = 6> <II = 1> <Delay = 1.00> <Adapter> <Opcode : 'read' 'write' 'readreq' 'writereq' 'writeresp'>

State 11 <SV = 10> <Delay = 2.43>
ST_11 : Operation 131 [63/71] (2.43ns)   --->   "%gmem1_load_req = readreq i1 @_ssdm_op_ReadReq.m_axi.i32P1A, i32 %gmem1_addr, i64 1" [../src/kernel.cpp:34]   --->   Operation 131 'readreq' 'gmem1_load_req' <Predicate = true> <Delay = 2.43> <CoreInst = "m_axi">   --->   Core 119 'm_axi' <Latency = 6> <II = 1> <Delay = 1.00> <Adapter> <Opcode : 'read' 'write' 'readreq' 'writereq' 'writeresp'>

State 12 <SV = 11> <Delay = 2.43>
ST_12 : Operation 132 [62/71] (2.43ns)   --->   "%gmem1_load_req = readreq i1 @_ssdm_op_ReadReq.m_axi.i32P1A, i32 %gmem1_addr, i64 1" [../src/kernel.cpp:34]   --->   Operation 132 'readreq' 'gmem1_load_req' <Predicate = true> <Delay = 2.43> <CoreInst = "m_axi">   --->   Core 119 'm_axi' <Latency = 6> <II = 1> <Delay = 1.00> <Adapter> <Opcode : 'read' 'write' 'readreq' 'writereq' 'writeresp'>

State 13 <SV = 12> <Delay = 2.43>
ST_13 : Operation 133 [61/71] (2.43ns)   --->   "%gmem1_load_req = readreq i1 @_ssdm_op_ReadReq.m_axi.i32P1A, i32 %gmem1_addr, i64 1" [../src/kernel.cpp:34]   --->   Operation 133 'readreq' 'gmem1_load_req' <Predicate = true> <Delay = 2.43> <CoreInst = "m_axi">   --->   Core 119 'm_axi' <Latency = 6> <II = 1> <Delay = 1.00> <Adapter> <Opcode : 'read' 'write' 'readreq' 'writereq' 'writeresp'>

State 14 <SV = 13> <Delay = 2.43>
ST_14 : Operation 134 [60/71] (2.43ns)   --->   "%gmem1_load_req = readreq i1 @_ssdm_op_ReadReq.m_axi.i32P1A, i32 %gmem1_addr, i64 1" [../src/kernel.cpp:34]   --->   Operation 134 'readreq' 'gmem1_load_req' <Predicate = true> <Delay = 2.43> <CoreInst = "m_axi">   --->   Core 119 'm_axi' <Latency = 6> <II = 1> <Delay = 1.00> <Adapter> <Opcode : 'read' 'write' 'readreq' 'writereq' 'writeresp'>

State 15 <SV = 14> <Delay = 2.43>
ST_15 : Operation 135 [59/71] (2.43ns)   --->   "%gmem1_load_req = readreq i1 @_ssdm_op_ReadReq.m_axi.i32P1A, i32 %gmem1_addr, i64 1" [../src/kernel.cpp:34]   --->   Operation 135 'readreq' 'gmem1_load_req' <Predicate = true> <Delay = 2.43> <CoreInst = "m_axi">   --->   Core 119 'm_axi' <Latency = 6> <II = 1> <Delay = 1.00> <Adapter> <Opcode : 'read' 'write' 'readreq' 'writereq' 'writeresp'>

State 16 <SV = 15> <Delay = 2.43>
ST_16 : Operation 136 [58/71] (2.43ns)   --->   "%gmem1_load_req = readreq i1 @_ssdm_op_ReadReq.m_axi.i32P1A, i32 %gmem1_addr, i64 1" [../src/kernel.cpp:34]   --->   Operation 136 'readreq' 'gmem1_load_req' <Predicate = true> <Delay = 2.43> <CoreInst = "m_axi">   --->   Core 119 'm_axi' <Latency = 6> <II = 1> <Delay = 1.00> <Adapter> <Opcode : 'read' 'write' 'readreq' 'writereq' 'writeresp'>

State 17 <SV = 16> <Delay = 2.43>
ST_17 : Operation 137 [57/71] (2.43ns)   --->   "%gmem1_load_req = readreq i1 @_ssdm_op_ReadReq.m_axi.i32P1A, i32 %gmem1_addr, i64 1" [../src/kernel.cpp:34]   --->   Operation 137 'readreq' 'gmem1_load_req' <Predicate = true> <Delay = 2.43> <CoreInst = "m_axi">   --->   Core 119 'm_axi' <Latency = 6> <II = 1> <Delay = 1.00> <Adapter> <Opcode : 'read' 'write' 'readreq' 'writereq' 'writeresp'>

State 18 <SV = 17> <Delay = 2.43>
ST_18 : Operation 138 [56/71] (2.43ns)   --->   "%gmem1_load_req = readreq i1 @_ssdm_op_ReadReq.m_axi.i32P1A, i32 %gmem1_addr, i64 1" [../src/kernel.cpp:34]   --->   Operation 138 'readreq' 'gmem1_load_req' <Predicate = true> <Delay = 2.43> <CoreInst = "m_axi">   --->   Core 119 'm_axi' <Latency = 6> <II = 1> <Delay = 1.00> <Adapter> <Opcode : 'read' 'write' 'readreq' 'writereq' 'writeresp'>

State 19 <SV = 18> <Delay = 2.43>
ST_19 : Operation 139 [55/71] (2.43ns)   --->   "%gmem1_load_req = readreq i1 @_ssdm_op_ReadReq.m_axi.i32P1A, i32 %gmem1_addr, i64 1" [../src/kernel.cpp:34]   --->   Operation 139 'readreq' 'gmem1_load_req' <Predicate = true> <Delay = 2.43> <CoreInst = "m_axi">   --->   Core 119 'm_axi' <Latency = 6> <II = 1> <Delay = 1.00> <Adapter> <Opcode : 'read' 'write' 'readreq' 'writereq' 'writeresp'>

State 20 <SV = 19> <Delay = 2.43>
ST_20 : Operation 140 [54/71] (2.43ns)   --->   "%gmem1_load_req = readreq i1 @_ssdm_op_ReadReq.m_axi.i32P1A, i32 %gmem1_addr, i64 1" [../src/kernel.cpp:34]   --->   Operation 140 'readreq' 'gmem1_load_req' <Predicate = true> <Delay = 2.43> <CoreInst = "m_axi">   --->   Core 119 'm_axi' <Latency = 6> <II = 1> <Delay = 1.00> <Adapter> <Opcode : 'read' 'write' 'readreq' 'writereq' 'writeresp'>

State 21 <SV = 20> <Delay = 2.43>
ST_21 : Operation 141 [53/71] (2.43ns)   --->   "%gmem1_load_req = readreq i1 @_ssdm_op_ReadReq.m_axi.i32P1A, i32 %gmem1_addr, i64 1" [../src/kernel.cpp:34]   --->   Operation 141 'readreq' 'gmem1_load_req' <Predicate = true> <Delay = 2.43> <CoreInst = "m_axi">   --->   Core 119 'm_axi' <Latency = 6> <II = 1> <Delay = 1.00> <Adapter> <Opcode : 'read' 'write' 'readreq' 'writereq' 'writeresp'>

State 22 <SV = 21> <Delay = 2.43>
ST_22 : Operation 142 [52/71] (2.43ns)   --->   "%gmem1_load_req = readreq i1 @_ssdm_op_ReadReq.m_axi.i32P1A, i32 %gmem1_addr, i64 1" [../src/kernel.cpp:34]   --->   Operation 142 'readreq' 'gmem1_load_req' <Predicate = true> <Delay = 2.43> <CoreInst = "m_axi">   --->   Core 119 'm_axi' <Latency = 6> <II = 1> <Delay = 1.00> <Adapter> <Opcode : 'read' 'write' 'readreq' 'writereq' 'writeresp'>

State 23 <SV = 22> <Delay = 2.43>
ST_23 : Operation 143 [51/71] (2.43ns)   --->   "%gmem1_load_req = readreq i1 @_ssdm_op_ReadReq.m_axi.i32P1A, i32 %gmem1_addr, i64 1" [../src/kernel.cpp:34]   --->   Operation 143 'readreq' 'gmem1_load_req' <Predicate = true> <Delay = 2.43> <CoreInst = "m_axi">   --->   Core 119 'm_axi' <Latency = 6> <II = 1> <Delay = 1.00> <Adapter> <Opcode : 'read' 'write' 'readreq' 'writereq' 'writeresp'>

State 24 <SV = 23> <Delay = 2.43>
ST_24 : Operation 144 [50/71] (2.43ns)   --->   "%gmem1_load_req = readreq i1 @_ssdm_op_ReadReq.m_axi.i32P1A, i32 %gmem1_addr, i64 1" [../src/kernel.cpp:34]   --->   Operation 144 'readreq' 'gmem1_load_req' <Predicate = true> <Delay = 2.43> <CoreInst = "m_axi">   --->   Core 119 'm_axi' <Latency = 6> <II = 1> <Delay = 1.00> <Adapter> <Opcode : 'read' 'write' 'readreq' 'writereq' 'writeresp'>

State 25 <SV = 24> <Delay = 2.43>
ST_25 : Operation 145 [49/71] (2.43ns)   --->   "%gmem1_load_req = readreq i1 @_ssdm_op_ReadReq.m_axi.i32P1A, i32 %gmem1_addr, i64 1" [../src/kernel.cpp:34]   --->   Operation 145 'readreq' 'gmem1_load_req' <Predicate = true> <Delay = 2.43> <CoreInst = "m_axi">   --->   Core 119 'm_axi' <Latency = 6> <II = 1> <Delay = 1.00> <Adapter> <Opcode : 'read' 'write' 'readreq' 'writereq' 'writeresp'>

State 26 <SV = 25> <Delay = 2.43>
ST_26 : Operation 146 [48/71] (2.43ns)   --->   "%gmem1_load_req = readreq i1 @_ssdm_op_ReadReq.m_axi.i32P1A, i32 %gmem1_addr, i64 1" [../src/kernel.cpp:34]   --->   Operation 146 'readreq' 'gmem1_load_req' <Predicate = true> <Delay = 2.43> <CoreInst = "m_axi">   --->   Core 119 'm_axi' <Latency = 6> <II = 1> <Delay = 1.00> <Adapter> <Opcode : 'read' 'write' 'readreq' 'writereq' 'writeresp'>

State 27 <SV = 26> <Delay = 2.43>
ST_27 : Operation 147 [47/71] (2.43ns)   --->   "%gmem1_load_req = readreq i1 @_ssdm_op_ReadReq.m_axi.i32P1A, i32 %gmem1_addr, i64 1" [../src/kernel.cpp:34]   --->   Operation 147 'readreq' 'gmem1_load_req' <Predicate = true> <Delay = 2.43> <CoreInst = "m_axi">   --->   Core 119 'm_axi' <Latency = 6> <II = 1> <Delay = 1.00> <Adapter> <Opcode : 'read' 'write' 'readreq' 'writereq' 'writeresp'>

State 28 <SV = 27> <Delay = 2.43>
ST_28 : Operation 148 [46/71] (2.43ns)   --->   "%gmem1_load_req = readreq i1 @_ssdm_op_ReadReq.m_axi.i32P1A, i32 %gmem1_addr, i64 1" [../src/kernel.cpp:34]   --->   Operation 148 'readreq' 'gmem1_load_req' <Predicate = true> <Delay = 2.43> <CoreInst = "m_axi">   --->   Core 119 'm_axi' <Latency = 6> <II = 1> <Delay = 1.00> <Adapter> <Opcode : 'read' 'write' 'readreq' 'writereq' 'writeresp'>

State 29 <SV = 28> <Delay = 2.43>
ST_29 : Operation 149 [45/71] (2.43ns)   --->   "%gmem1_load_req = readreq i1 @_ssdm_op_ReadReq.m_axi.i32P1A, i32 %gmem1_addr, i64 1" [../src/kernel.cpp:34]   --->   Operation 149 'readreq' 'gmem1_load_req' <Predicate = true> <Delay = 2.43> <CoreInst = "m_axi">   --->   Core 119 'm_axi' <Latency = 6> <II = 1> <Delay = 1.00> <Adapter> <Opcode : 'read' 'write' 'readreq' 'writereq' 'writeresp'>

State 30 <SV = 29> <Delay = 2.43>
ST_30 : Operation 150 [44/71] (2.43ns)   --->   "%gmem1_load_req = readreq i1 @_ssdm_op_ReadReq.m_axi.i32P1A, i32 %gmem1_addr, i64 1" [../src/kernel.cpp:34]   --->   Operation 150 'readreq' 'gmem1_load_req' <Predicate = true> <Delay = 2.43> <CoreInst = "m_axi">   --->   Core 119 'm_axi' <Latency = 6> <II = 1> <Delay = 1.00> <Adapter> <Opcode : 'read' 'write' 'readreq' 'writereq' 'writeresp'>

State 31 <SV = 30> <Delay = 2.43>
ST_31 : Operation 151 [43/71] (2.43ns)   --->   "%gmem1_load_req = readreq i1 @_ssdm_op_ReadReq.m_axi.i32P1A, i32 %gmem1_addr, i64 1" [../src/kernel.cpp:34]   --->   Operation 151 'readreq' 'gmem1_load_req' <Predicate = true> <Delay = 2.43> <CoreInst = "m_axi">   --->   Core 119 'm_axi' <Latency = 6> <II = 1> <Delay = 1.00> <Adapter> <Opcode : 'read' 'write' 'readreq' 'writereq' 'writeresp'>

State 32 <SV = 31> <Delay = 2.43>
ST_32 : Operation 152 [42/71] (2.43ns)   --->   "%gmem1_load_req = readreq i1 @_ssdm_op_ReadReq.m_axi.i32P1A, i32 %gmem1_addr, i64 1" [../src/kernel.cpp:34]   --->   Operation 152 'readreq' 'gmem1_load_req' <Predicate = true> <Delay = 2.43> <CoreInst = "m_axi">   --->   Core 119 'm_axi' <Latency = 6> <II = 1> <Delay = 1.00> <Adapter> <Opcode : 'read' 'write' 'readreq' 'writereq' 'writeresp'>

State 33 <SV = 32> <Delay = 2.43>
ST_33 : Operation 153 [41/71] (2.43ns)   --->   "%gmem1_load_req = readreq i1 @_ssdm_op_ReadReq.m_axi.i32P1A, i32 %gmem1_addr, i64 1" [../src/kernel.cpp:34]   --->   Operation 153 'readreq' 'gmem1_load_req' <Predicate = true> <Delay = 2.43> <CoreInst = "m_axi">   --->   Core 119 'm_axi' <Latency = 6> <II = 1> <Delay = 1.00> <Adapter> <Opcode : 'read' 'write' 'readreq' 'writereq' 'writeresp'>

State 34 <SV = 33> <Delay = 2.43>
ST_34 : Operation 154 [40/71] (2.43ns)   --->   "%gmem1_load_req = readreq i1 @_ssdm_op_ReadReq.m_axi.i32P1A, i32 %gmem1_addr, i64 1" [../src/kernel.cpp:34]   --->   Operation 154 'readreq' 'gmem1_load_req' <Predicate = true> <Delay = 2.43> <CoreInst = "m_axi">   --->   Core 119 'm_axi' <Latency = 6> <II = 1> <Delay = 1.00> <Adapter> <Opcode : 'read' 'write' 'readreq' 'writereq' 'writeresp'>

State 35 <SV = 34> <Delay = 2.43>
ST_35 : Operation 155 [39/71] (2.43ns)   --->   "%gmem1_load_req = readreq i1 @_ssdm_op_ReadReq.m_axi.i32P1A, i32 %gmem1_addr, i64 1" [../src/kernel.cpp:34]   --->   Operation 155 'readreq' 'gmem1_load_req' <Predicate = true> <Delay = 2.43> <CoreInst = "m_axi">   --->   Core 119 'm_axi' <Latency = 6> <II = 1> <Delay = 1.00> <Adapter> <Opcode : 'read' 'write' 'readreq' 'writereq' 'writeresp'>

State 36 <SV = 35> <Delay = 2.43>
ST_36 : Operation 156 [38/71] (2.43ns)   --->   "%gmem1_load_req = readreq i1 @_ssdm_op_ReadReq.m_axi.i32P1A, i32 %gmem1_addr, i64 1" [../src/kernel.cpp:34]   --->   Operation 156 'readreq' 'gmem1_load_req' <Predicate = true> <Delay = 2.43> <CoreInst = "m_axi">   --->   Core 119 'm_axi' <Latency = 6> <II = 1> <Delay = 1.00> <Adapter> <Opcode : 'read' 'write' 'readreq' 'writereq' 'writeresp'>

State 37 <SV = 36> <Delay = 2.43>
ST_37 : Operation 157 [37/71] (2.43ns)   --->   "%gmem1_load_req = readreq i1 @_ssdm_op_ReadReq.m_axi.i32P1A, i32 %gmem1_addr, i64 1" [../src/kernel.cpp:34]   --->   Operation 157 'readreq' 'gmem1_load_req' <Predicate = true> <Delay = 2.43> <CoreInst = "m_axi">   --->   Core 119 'm_axi' <Latency = 6> <II = 1> <Delay = 1.00> <Adapter> <Opcode : 'read' 'write' 'readreq' 'writereq' 'writeresp'>

State 38 <SV = 37> <Delay = 2.43>
ST_38 : Operation 158 [36/71] (2.43ns)   --->   "%gmem1_load_req = readreq i1 @_ssdm_op_ReadReq.m_axi.i32P1A, i32 %gmem1_addr, i64 1" [../src/kernel.cpp:34]   --->   Operation 158 'readreq' 'gmem1_load_req' <Predicate = true> <Delay = 2.43> <CoreInst = "m_axi">   --->   Core 119 'm_axi' <Latency = 6> <II = 1> <Delay = 1.00> <Adapter> <Opcode : 'read' 'write' 'readreq' 'writereq' 'writeresp'>

State 39 <SV = 38> <Delay = 2.43>
ST_39 : Operation 159 [35/71] (2.43ns)   --->   "%gmem1_load_req = readreq i1 @_ssdm_op_ReadReq.m_axi.i32P1A, i32 %gmem1_addr, i64 1" [../src/kernel.cpp:34]   --->   Operation 159 'readreq' 'gmem1_load_req' <Predicate = true> <Delay = 2.43> <CoreInst = "m_axi">   --->   Core 119 'm_axi' <Latency = 6> <II = 1> <Delay = 1.00> <Adapter> <Opcode : 'read' 'write' 'readreq' 'writereq' 'writeresp'>

State 40 <SV = 39> <Delay = 2.43>
ST_40 : Operation 160 [34/71] (2.43ns)   --->   "%gmem1_load_req = readreq i1 @_ssdm_op_ReadReq.m_axi.i32P1A, i32 %gmem1_addr, i64 1" [../src/kernel.cpp:34]   --->   Operation 160 'readreq' 'gmem1_load_req' <Predicate = true> <Delay = 2.43> <CoreInst = "m_axi">   --->   Core 119 'm_axi' <Latency = 6> <II = 1> <Delay = 1.00> <Adapter> <Opcode : 'read' 'write' 'readreq' 'writereq' 'writeresp'>

State 41 <SV = 40> <Delay = 2.43>
ST_41 : Operation 161 [33/71] (2.43ns)   --->   "%gmem1_load_req = readreq i1 @_ssdm_op_ReadReq.m_axi.i32P1A, i32 %gmem1_addr, i64 1" [../src/kernel.cpp:34]   --->   Operation 161 'readreq' 'gmem1_load_req' <Predicate = true> <Delay = 2.43> <CoreInst = "m_axi">   --->   Core 119 'm_axi' <Latency = 6> <II = 1> <Delay = 1.00> <Adapter> <Opcode : 'read' 'write' 'readreq' 'writereq' 'writeresp'>

State 42 <SV = 41> <Delay = 2.43>
ST_42 : Operation 162 [32/71] (2.43ns)   --->   "%gmem1_load_req = readreq i1 @_ssdm_op_ReadReq.m_axi.i32P1A, i32 %gmem1_addr, i64 1" [../src/kernel.cpp:34]   --->   Operation 162 'readreq' 'gmem1_load_req' <Predicate = true> <Delay = 2.43> <CoreInst = "m_axi">   --->   Core 119 'm_axi' <Latency = 6> <II = 1> <Delay = 1.00> <Adapter> <Opcode : 'read' 'write' 'readreq' 'writereq' 'writeresp'>

State 43 <SV = 42> <Delay = 2.43>
ST_43 : Operation 163 [31/71] (2.43ns)   --->   "%gmem1_load_req = readreq i1 @_ssdm_op_ReadReq.m_axi.i32P1A, i32 %gmem1_addr, i64 1" [../src/kernel.cpp:34]   --->   Operation 163 'readreq' 'gmem1_load_req' <Predicate = true> <Delay = 2.43> <CoreInst = "m_axi">   --->   Core 119 'm_axi' <Latency = 6> <II = 1> <Delay = 1.00> <Adapter> <Opcode : 'read' 'write' 'readreq' 'writereq' 'writeresp'>

State 44 <SV = 43> <Delay = 2.43>
ST_44 : Operation 164 [30/71] (2.43ns)   --->   "%gmem1_load_req = readreq i1 @_ssdm_op_ReadReq.m_axi.i32P1A, i32 %gmem1_addr, i64 1" [../src/kernel.cpp:34]   --->   Operation 164 'readreq' 'gmem1_load_req' <Predicate = true> <Delay = 2.43> <CoreInst = "m_axi">   --->   Core 119 'm_axi' <Latency = 6> <II = 1> <Delay = 1.00> <Adapter> <Opcode : 'read' 'write' 'readreq' 'writereq' 'writeresp'>

State 45 <SV = 44> <Delay = 2.43>
ST_45 : Operation 165 [29/71] (2.43ns)   --->   "%gmem1_load_req = readreq i1 @_ssdm_op_ReadReq.m_axi.i32P1A, i32 %gmem1_addr, i64 1" [../src/kernel.cpp:34]   --->   Operation 165 'readreq' 'gmem1_load_req' <Predicate = true> <Delay = 2.43> <CoreInst = "m_axi">   --->   Core 119 'm_axi' <Latency = 6> <II = 1> <Delay = 1.00> <Adapter> <Opcode : 'read' 'write' 'readreq' 'writereq' 'writeresp'>

State 46 <SV = 45> <Delay = 2.43>
ST_46 : Operation 166 [28/71] (2.43ns)   --->   "%gmem1_load_req = readreq i1 @_ssdm_op_ReadReq.m_axi.i32P1A, i32 %gmem1_addr, i64 1" [../src/kernel.cpp:34]   --->   Operation 166 'readreq' 'gmem1_load_req' <Predicate = true> <Delay = 2.43> <CoreInst = "m_axi">   --->   Core 119 'm_axi' <Latency = 6> <II = 1> <Delay = 1.00> <Adapter> <Opcode : 'read' 'write' 'readreq' 'writereq' 'writeresp'>

State 47 <SV = 46> <Delay = 2.43>
ST_47 : Operation 167 [27/71] (2.43ns)   --->   "%gmem1_load_req = readreq i1 @_ssdm_op_ReadReq.m_axi.i32P1A, i32 %gmem1_addr, i64 1" [../src/kernel.cpp:34]   --->   Operation 167 'readreq' 'gmem1_load_req' <Predicate = true> <Delay = 2.43> <CoreInst = "m_axi">   --->   Core 119 'm_axi' <Latency = 6> <II = 1> <Delay = 1.00> <Adapter> <Opcode : 'read' 'write' 'readreq' 'writereq' 'writeresp'>

State 48 <SV = 47> <Delay = 2.43>
ST_48 : Operation 168 [26/71] (2.43ns)   --->   "%gmem1_load_req = readreq i1 @_ssdm_op_ReadReq.m_axi.i32P1A, i32 %gmem1_addr, i64 1" [../src/kernel.cpp:34]   --->   Operation 168 'readreq' 'gmem1_load_req' <Predicate = true> <Delay = 2.43> <CoreInst = "m_axi">   --->   Core 119 'm_axi' <Latency = 6> <II = 1> <Delay = 1.00> <Adapter> <Opcode : 'read' 'write' 'readreq' 'writereq' 'writeresp'>

State 49 <SV = 48> <Delay = 2.43>
ST_49 : Operation 169 [25/71] (2.43ns)   --->   "%gmem1_load_req = readreq i1 @_ssdm_op_ReadReq.m_axi.i32P1A, i32 %gmem1_addr, i64 1" [../src/kernel.cpp:34]   --->   Operation 169 'readreq' 'gmem1_load_req' <Predicate = true> <Delay = 2.43> <CoreInst = "m_axi">   --->   Core 119 'm_axi' <Latency = 6> <II = 1> <Delay = 1.00> <Adapter> <Opcode : 'read' 'write' 'readreq' 'writereq' 'writeresp'>

State 50 <SV = 49> <Delay = 2.43>
ST_50 : Operation 170 [24/71] (2.43ns)   --->   "%gmem1_load_req = readreq i1 @_ssdm_op_ReadReq.m_axi.i32P1A, i32 %gmem1_addr, i64 1" [../src/kernel.cpp:34]   --->   Operation 170 'readreq' 'gmem1_load_req' <Predicate = true> <Delay = 2.43> <CoreInst = "m_axi">   --->   Core 119 'm_axi' <Latency = 6> <II = 1> <Delay = 1.00> <Adapter> <Opcode : 'read' 'write' 'readreq' 'writereq' 'writeresp'>

State 51 <SV = 50> <Delay = 2.43>
ST_51 : Operation 171 [23/71] (2.43ns)   --->   "%gmem1_load_req = readreq i1 @_ssdm_op_ReadReq.m_axi.i32P1A, i32 %gmem1_addr, i64 1" [../src/kernel.cpp:34]   --->   Operation 171 'readreq' 'gmem1_load_req' <Predicate = true> <Delay = 2.43> <CoreInst = "m_axi">   --->   Core 119 'm_axi' <Latency = 6> <II = 1> <Delay = 1.00> <Adapter> <Opcode : 'read' 'write' 'readreq' 'writereq' 'writeresp'>

State 52 <SV = 51> <Delay = 2.43>
ST_52 : Operation 172 [22/71] (2.43ns)   --->   "%gmem1_load_req = readreq i1 @_ssdm_op_ReadReq.m_axi.i32P1A, i32 %gmem1_addr, i64 1" [../src/kernel.cpp:34]   --->   Operation 172 'readreq' 'gmem1_load_req' <Predicate = true> <Delay = 2.43> <CoreInst = "m_axi">   --->   Core 119 'm_axi' <Latency = 6> <II = 1> <Delay = 1.00> <Adapter> <Opcode : 'read' 'write' 'readreq' 'writereq' 'writeresp'>

State 53 <SV = 52> <Delay = 2.43>
ST_53 : Operation 173 [21/71] (2.43ns)   --->   "%gmem1_load_req = readreq i1 @_ssdm_op_ReadReq.m_axi.i32P1A, i32 %gmem1_addr, i64 1" [../src/kernel.cpp:34]   --->   Operation 173 'readreq' 'gmem1_load_req' <Predicate = true> <Delay = 2.43> <CoreInst = "m_axi">   --->   Core 119 'm_axi' <Latency = 6> <II = 1> <Delay = 1.00> <Adapter> <Opcode : 'read' 'write' 'readreq' 'writereq' 'writeresp'>

State 54 <SV = 53> <Delay = 2.43>
ST_54 : Operation 174 [20/71] (2.43ns)   --->   "%gmem1_load_req = readreq i1 @_ssdm_op_ReadReq.m_axi.i32P1A, i32 %gmem1_addr, i64 1" [../src/kernel.cpp:34]   --->   Operation 174 'readreq' 'gmem1_load_req' <Predicate = true> <Delay = 2.43> <CoreInst = "m_axi">   --->   Core 119 'm_axi' <Latency = 6> <II = 1> <Delay = 1.00> <Adapter> <Opcode : 'read' 'write' 'readreq' 'writereq' 'writeresp'>

State 55 <SV = 54> <Delay = 2.43>
ST_55 : Operation 175 [19/71] (2.43ns)   --->   "%gmem1_load_req = readreq i1 @_ssdm_op_ReadReq.m_axi.i32P1A, i32 %gmem1_addr, i64 1" [../src/kernel.cpp:34]   --->   Operation 175 'readreq' 'gmem1_load_req' <Predicate = true> <Delay = 2.43> <CoreInst = "m_axi">   --->   Core 119 'm_axi' <Latency = 6> <II = 1> <Delay = 1.00> <Adapter> <Opcode : 'read' 'write' 'readreq' 'writereq' 'writeresp'>

State 56 <SV = 55> <Delay = 2.43>
ST_56 : Operation 176 [18/71] (2.43ns)   --->   "%gmem1_load_req = readreq i1 @_ssdm_op_ReadReq.m_axi.i32P1A, i32 %gmem1_addr, i64 1" [../src/kernel.cpp:34]   --->   Operation 176 'readreq' 'gmem1_load_req' <Predicate = true> <Delay = 2.43> <CoreInst = "m_axi">   --->   Core 119 'm_axi' <Latency = 6> <II = 1> <Delay = 1.00> <Adapter> <Opcode : 'read' 'write' 'readreq' 'writereq' 'writeresp'>

State 57 <SV = 56> <Delay = 2.43>
ST_57 : Operation 177 [17/71] (2.43ns)   --->   "%gmem1_load_req = readreq i1 @_ssdm_op_ReadReq.m_axi.i32P1A, i32 %gmem1_addr, i64 1" [../src/kernel.cpp:34]   --->   Operation 177 'readreq' 'gmem1_load_req' <Predicate = true> <Delay = 2.43> <CoreInst = "m_axi">   --->   Core 119 'm_axi' <Latency = 6> <II = 1> <Delay = 1.00> <Adapter> <Opcode : 'read' 'write' 'readreq' 'writereq' 'writeresp'>

State 58 <SV = 57> <Delay = 2.43>
ST_58 : Operation 178 [16/71] (2.43ns)   --->   "%gmem1_load_req = readreq i1 @_ssdm_op_ReadReq.m_axi.i32P1A, i32 %gmem1_addr, i64 1" [../src/kernel.cpp:34]   --->   Operation 178 'readreq' 'gmem1_load_req' <Predicate = true> <Delay = 2.43> <CoreInst = "m_axi">   --->   Core 119 'm_axi' <Latency = 6> <II = 1> <Delay = 1.00> <Adapter> <Opcode : 'read' 'write' 'readreq' 'writereq' 'writeresp'>

State 59 <SV = 58> <Delay = 2.43>
ST_59 : Operation 179 [15/71] (2.43ns)   --->   "%gmem1_load_req = readreq i1 @_ssdm_op_ReadReq.m_axi.i32P1A, i32 %gmem1_addr, i64 1" [../src/kernel.cpp:34]   --->   Operation 179 'readreq' 'gmem1_load_req' <Predicate = true> <Delay = 2.43> <CoreInst = "m_axi">   --->   Core 119 'm_axi' <Latency = 6> <II = 1> <Delay = 1.00> <Adapter> <Opcode : 'read' 'write' 'readreq' 'writereq' 'writeresp'>

State 60 <SV = 59> <Delay = 2.43>
ST_60 : Operation 180 [14/71] (2.43ns)   --->   "%gmem1_load_req = readreq i1 @_ssdm_op_ReadReq.m_axi.i32P1A, i32 %gmem1_addr, i64 1" [../src/kernel.cpp:34]   --->   Operation 180 'readreq' 'gmem1_load_req' <Predicate = true> <Delay = 2.43> <CoreInst = "m_axi">   --->   Core 119 'm_axi' <Latency = 6> <II = 1> <Delay = 1.00> <Adapter> <Opcode : 'read' 'write' 'readreq' 'writereq' 'writeresp'>

State 61 <SV = 60> <Delay = 2.43>
ST_61 : Operation 181 [13/71] (2.43ns)   --->   "%gmem1_load_req = readreq i1 @_ssdm_op_ReadReq.m_axi.i32P1A, i32 %gmem1_addr, i64 1" [../src/kernel.cpp:34]   --->   Operation 181 'readreq' 'gmem1_load_req' <Predicate = true> <Delay = 2.43> <CoreInst = "m_axi">   --->   Core 119 'm_axi' <Latency = 6> <II = 1> <Delay = 1.00> <Adapter> <Opcode : 'read' 'write' 'readreq' 'writereq' 'writeresp'>

State 62 <SV = 61> <Delay = 2.43>
ST_62 : Operation 182 [12/71] (2.43ns)   --->   "%gmem1_load_req = readreq i1 @_ssdm_op_ReadReq.m_axi.i32P1A, i32 %gmem1_addr, i64 1" [../src/kernel.cpp:34]   --->   Operation 182 'readreq' 'gmem1_load_req' <Predicate = true> <Delay = 2.43> <CoreInst = "m_axi">   --->   Core 119 'm_axi' <Latency = 6> <II = 1> <Delay = 1.00> <Adapter> <Opcode : 'read' 'write' 'readreq' 'writereq' 'writeresp'>

State 63 <SV = 62> <Delay = 2.43>
ST_63 : Operation 183 [11/71] (2.43ns)   --->   "%gmem1_load_req = readreq i1 @_ssdm_op_ReadReq.m_axi.i32P1A, i32 %gmem1_addr, i64 1" [../src/kernel.cpp:34]   --->   Operation 183 'readreq' 'gmem1_load_req' <Predicate = true> <Delay = 2.43> <CoreInst = "m_axi">   --->   Core 119 'm_axi' <Latency = 6> <II = 1> <Delay = 1.00> <Adapter> <Opcode : 'read' 'write' 'readreq' 'writereq' 'writeresp'>

State 64 <SV = 63> <Delay = 2.43>
ST_64 : Operation 184 [10/71] (2.43ns)   --->   "%gmem1_load_req = readreq i1 @_ssdm_op_ReadReq.m_axi.i32P1A, i32 %gmem1_addr, i64 1" [../src/kernel.cpp:34]   --->   Operation 184 'readreq' 'gmem1_load_req' <Predicate = true> <Delay = 2.43> <CoreInst = "m_axi">   --->   Core 119 'm_axi' <Latency = 6> <II = 1> <Delay = 1.00> <Adapter> <Opcode : 'read' 'write' 'readreq' 'writereq' 'writeresp'>

State 65 <SV = 64> <Delay = 2.43>
ST_65 : Operation 185 [9/71] (2.43ns)   --->   "%gmem1_load_req = readreq i1 @_ssdm_op_ReadReq.m_axi.i32P1A, i32 %gmem1_addr, i64 1" [../src/kernel.cpp:34]   --->   Operation 185 'readreq' 'gmem1_load_req' <Predicate = true> <Delay = 2.43> <CoreInst = "m_axi">   --->   Core 119 'm_axi' <Latency = 6> <II = 1> <Delay = 1.00> <Adapter> <Opcode : 'read' 'write' 'readreq' 'writereq' 'writeresp'>

State 66 <SV = 65> <Delay = 2.43>
ST_66 : Operation 186 [8/71] (2.43ns)   --->   "%gmem1_load_req = readreq i1 @_ssdm_op_ReadReq.m_axi.i32P1A, i32 %gmem1_addr, i64 1" [../src/kernel.cpp:34]   --->   Operation 186 'readreq' 'gmem1_load_req' <Predicate = true> <Delay = 2.43> <CoreInst = "m_axi">   --->   Core 119 'm_axi' <Latency = 6> <II = 1> <Delay = 1.00> <Adapter> <Opcode : 'read' 'write' 'readreq' 'writereq' 'writeresp'>

State 67 <SV = 66> <Delay = 2.43>
ST_67 : Operation 187 [7/71] (2.43ns)   --->   "%gmem1_load_req = readreq i1 @_ssdm_op_ReadReq.m_axi.i32P1A, i32 %gmem1_addr, i64 1" [../src/kernel.cpp:34]   --->   Operation 187 'readreq' 'gmem1_load_req' <Predicate = true> <Delay = 2.43> <CoreInst = "m_axi">   --->   Core 119 'm_axi' <Latency = 6> <II = 1> <Delay = 1.00> <Adapter> <Opcode : 'read' 'write' 'readreq' 'writereq' 'writeresp'>

State 68 <SV = 67> <Delay = 2.43>
ST_68 : Operation 188 [6/71] (2.43ns)   --->   "%gmem1_load_req = readreq i1 @_ssdm_op_ReadReq.m_axi.i32P1A, i32 %gmem1_addr, i64 1" [../src/kernel.cpp:34]   --->   Operation 188 'readreq' 'gmem1_load_req' <Predicate = true> <Delay = 2.43> <CoreInst = "m_axi">   --->   Core 119 'm_axi' <Latency = 6> <II = 1> <Delay = 1.00> <Adapter> <Opcode : 'read' 'write' 'readreq' 'writereq' 'writeresp'>

State 69 <SV = 68> <Delay = 2.43>
ST_69 : Operation 189 [5/71] (2.43ns)   --->   "%gmem1_load_req = readreq i1 @_ssdm_op_ReadReq.m_axi.i32P1A, i32 %gmem1_addr, i64 1" [../src/kernel.cpp:34]   --->   Operation 189 'readreq' 'gmem1_load_req' <Predicate = true> <Delay = 2.43> <CoreInst = "m_axi">   --->   Core 119 'm_axi' <Latency = 6> <II = 1> <Delay = 1.00> <Adapter> <Opcode : 'read' 'write' 'readreq' 'writereq' 'writeresp'>

State 70 <SV = 69> <Delay = 2.43>
ST_70 : Operation 190 [4/71] (2.43ns)   --->   "%gmem1_load_req = readreq i1 @_ssdm_op_ReadReq.m_axi.i32P1A, i32 %gmem1_addr, i64 1" [../src/kernel.cpp:34]   --->   Operation 190 'readreq' 'gmem1_load_req' <Predicate = true> <Delay = 2.43> <CoreInst = "m_axi">   --->   Core 119 'm_axi' <Latency = 6> <II = 1> <Delay = 1.00> <Adapter> <Opcode : 'read' 'write' 'readreq' 'writereq' 'writeresp'>

State 71 <SV = 70> <Delay = 2.43>
ST_71 : Operation 191 [3/71] (2.43ns)   --->   "%gmem1_load_req = readreq i1 @_ssdm_op_ReadReq.m_axi.i32P1A, i32 %gmem1_addr, i64 1" [../src/kernel.cpp:34]   --->   Operation 191 'readreq' 'gmem1_load_req' <Predicate = true> <Delay = 2.43> <CoreInst = "m_axi">   --->   Core 119 'm_axi' <Latency = 6> <II = 1> <Delay = 1.00> <Adapter> <Opcode : 'read' 'write' 'readreq' 'writereq' 'writeresp'>

State 72 <SV = 71> <Delay = 2.43>
ST_72 : Operation 192 [2/71] (2.43ns)   --->   "%gmem1_load_req = readreq i1 @_ssdm_op_ReadReq.m_axi.i32P1A, i32 %gmem1_addr, i64 1" [../src/kernel.cpp:34]   --->   Operation 192 'readreq' 'gmem1_load_req' <Predicate = true> <Delay = 2.43> <CoreInst = "m_axi">   --->   Core 119 'm_axi' <Latency = 6> <II = 1> <Delay = 1.00> <Adapter> <Opcode : 'read' 'write' 'readreq' 'writereq' 'writeresp'>

State 73 <SV = 72> <Delay = 2.43>
ST_73 : Operation 193 [1/71] (2.43ns)   --->   "%gmem1_load_req = readreq i1 @_ssdm_op_ReadReq.m_axi.i32P1A, i32 %gmem1_addr, i64 1" [../src/kernel.cpp:34]   --->   Operation 193 'readreq' 'gmem1_load_req' <Predicate = true> <Delay = 2.43> <CoreInst = "m_axi">   --->   Core 119 'm_axi' <Latency = 6> <II = 1> <Delay = 1.00> <Adapter> <Opcode : 'read' 'write' 'readreq' 'writereq' 'writeresp'>

State 74 <SV = 73> <Delay = 2.43>
ST_74 : Operation 194 [1/1] (0.00ns)   --->   "%gmem0_addr = getelementptr i32 %gmem0, i64 %p_cast_cast_cast"   --->   Operation 194 'getelementptr' 'gmem0_addr' <Predicate = true> <Delay = 0.00>
ST_74 : Operation 195 [1/1] (2.43ns)   --->   "%gmem0_addr_read = read i32 @_ssdm_op_Read.m_axi.p1i32, i32 %gmem0_addr" [../src/kernel.cpp:34]   --->   Operation 195 'read' 'gmem0_addr_read' <Predicate = true> <Delay = 2.43> <CoreInst = "m_axi">   --->   Core 119 'm_axi' <Latency = 3> <II = 1> <Delay = 1.00> <Adapter> <Opcode : 'read' 'write' 'readreq' 'writereq' 'writeresp'>
ST_74 : Operation 196 [1/1] (2.43ns)   --->   "%gmem1_addr_read = read i32 @_ssdm_op_Read.m_axi.i32P1A, i32 %gmem1_addr" [../src/kernel.cpp:34]   --->   Operation 196 'read' 'gmem1_addr_read' <Predicate = true> <Delay = 2.43> <CoreInst = "m_axi">   --->   Core 119 'm_axi' <Latency = 3> <II = 1> <Delay = 1.00> <Adapter> <Opcode : 'read' 'write' 'readreq' 'writereq' 'writeresp'>

State 75 <SV = 74> <Delay = 2.32>
ST_75 : Operation 197 [1/1] (0.00ns)   --->   "%bitcast_ln34 = bitcast i32 %gmem0_addr_read" [../src/kernel.cpp:34]   --->   Operation 197 'bitcast' 'bitcast_ln34' <Predicate = true> <Delay = 0.00>
ST_75 : Operation 198 [1/1] (0.00ns)   --->   "%bitcast_ln34_1 = bitcast i32 %gmem1_addr_read" [../src/kernel.cpp:34]   --->   Operation 198 'bitcast' 'bitcast_ln34_1' <Predicate = true> <Delay = 0.00>
ST_75 : Operation 199 [4/4] (2.32ns)   --->   "%mul = fmul i32 %bitcast_ln34, i32 %bitcast_ln34_1" [../src/kernel.cpp:34]   --->   Operation 199 'fmul' 'mul' <Predicate = true> <Delay = 2.32> <CoreInst = "FMul_maxdsp">   --->   Core 30 'FMul_maxdsp' <Latency = 3> <II = 1> <Delay = 2.32> <FuncUnit> <Opcode : 'fmul'> <InPorts = 2> <OutPorts = 1>

State 76 <SV = 75> <Delay = 2.32>
ST_76 : Operation 200 [3/4] (2.32ns)   --->   "%mul = fmul i32 %bitcast_ln34, i32 %bitcast_ln34_1" [../src/kernel.cpp:34]   --->   Operation 200 'fmul' 'mul' <Predicate = true> <Delay = 2.32> <CoreInst = "FMul_maxdsp">   --->   Core 30 'FMul_maxdsp' <Latency = 3> <II = 1> <Delay = 2.32> <FuncUnit> <Opcode : 'fmul'> <InPorts = 2> <OutPorts = 1>

State 77 <SV = 76> <Delay = 2.32>
ST_77 : Operation 201 [2/4] (2.32ns)   --->   "%mul = fmul i32 %bitcast_ln34, i32 %bitcast_ln34_1" [../src/kernel.cpp:34]   --->   Operation 201 'fmul' 'mul' <Predicate = true> <Delay = 2.32> <CoreInst = "FMul_maxdsp">   --->   Core 30 'FMul_maxdsp' <Latency = 3> <II = 1> <Delay = 2.32> <FuncUnit> <Opcode : 'fmul'> <InPorts = 2> <OutPorts = 1>

State 78 <SV = 77> <Delay = 2.32>
ST_78 : Operation 202 [1/4] (2.32ns)   --->   "%mul = fmul i32 %bitcast_ln34, i32 %bitcast_ln34_1" [../src/kernel.cpp:34]   --->   Operation 202 'fmul' 'mul' <Predicate = true> <Delay = 2.32> <CoreInst = "FMul_maxdsp">   --->   Core 30 'FMul_maxdsp' <Latency = 3> <II = 1> <Delay = 2.32> <FuncUnit> <Opcode : 'fmul'> <InPorts = 2> <OutPorts = 1>
ST_78 : Operation 215 [1/1] (0.00ns)   --->   "%acc_load_1 = load i32 %acc"   --->   Operation 215 'load' 'acc_load_1' <Predicate = (!icmp_ln33)> <Delay = 0.00>
ST_78 : Operation 216 [1/1] (0.00ns)   --->   "%write_ln0 = write void @_ssdm_op_Write.ap_auto.floatP0A, i32 %acc_out, i32 %acc_load_1"   --->   Operation 216 'write' 'write_ln0' <Predicate = (!icmp_ln33)> <Delay = 0.00>
ST_78 : Operation 217 [1/1] (0.38ns)   --->   "%ret_ln0 = ret"   --->   Operation 217 'ret' 'ret_ln0' <Predicate = (!icmp_ln33)> <Delay = 0.38>

State 79 <SV = 78> <Delay = 2.34>
ST_79 : Operation 203 [1/1] (0.00ns)   --->   "%acc_load = load i32 %acc" [../src/kernel.cpp:34]   --->   Operation 203 'load' 'acc_load' <Predicate = true> <Delay = 0.00>
ST_79 : Operation 204 [7/7] (2.34ns)   --->   "%acc_1 = fadd i32 %acc_load, i32 %mul" [../src/kernel.cpp:34]   --->   Operation 204 'fadd' 'acc_1' <Predicate = true> <Delay = 2.34> <CoreInst = "FAddSub_fulldsp">   --->   Core 18 'FAddSub_fulldsp' <Latency = 6> <II = 1> <Delay = 2.34> <FuncUnit> <Opcode : 'fadd' 'fsub'> <InPorts = 2> <OutPorts = 1>

State 80 <SV = 79> <Delay = 2.34>
ST_80 : Operation 205 [6/7] (2.34ns)   --->   "%acc_1 = fadd i32 %acc_load, i32 %mul" [../src/kernel.cpp:34]   --->   Operation 205 'fadd' 'acc_1' <Predicate = true> <Delay = 2.34> <CoreInst = "FAddSub_fulldsp">   --->   Core 18 'FAddSub_fulldsp' <Latency = 6> <II = 1> <Delay = 2.34> <FuncUnit> <Opcode : 'fadd' 'fsub'> <InPorts = 2> <OutPorts = 1>

State 81 <SV = 80> <Delay = 2.34>
ST_81 : Operation 206 [5/7] (2.34ns)   --->   "%acc_1 = fadd i32 %acc_load, i32 %mul" [../src/kernel.cpp:34]   --->   Operation 206 'fadd' 'acc_1' <Predicate = true> <Delay = 2.34> <CoreInst = "FAddSub_fulldsp">   --->   Core 18 'FAddSub_fulldsp' <Latency = 6> <II = 1> <Delay = 2.34> <FuncUnit> <Opcode : 'fadd' 'fsub'> <InPorts = 2> <OutPorts = 1>

State 82 <SV = 81> <Delay = 2.34>
ST_82 : Operation 207 [4/7] (2.34ns)   --->   "%acc_1 = fadd i32 %acc_load, i32 %mul" [../src/kernel.cpp:34]   --->   Operation 207 'fadd' 'acc_1' <Predicate = true> <Delay = 2.34> <CoreInst = "FAddSub_fulldsp">   --->   Core 18 'FAddSub_fulldsp' <Latency = 6> <II = 1> <Delay = 2.34> <FuncUnit> <Opcode : 'fadd' 'fsub'> <InPorts = 2> <OutPorts = 1>

State 83 <SV = 82> <Delay = 2.34>
ST_83 : Operation 208 [3/7] (2.34ns)   --->   "%acc_1 = fadd i32 %acc_load, i32 %mul" [../src/kernel.cpp:34]   --->   Operation 208 'fadd' 'acc_1' <Predicate = true> <Delay = 2.34> <CoreInst = "FAddSub_fulldsp">   --->   Core 18 'FAddSub_fulldsp' <Latency = 6> <II = 1> <Delay = 2.34> <FuncUnit> <Opcode : 'fadd' 'fsub'> <InPorts = 2> <OutPorts = 1>

State 84 <SV = 83> <Delay = 2.34>
ST_84 : Operation 209 [2/7] (2.34ns)   --->   "%acc_1 = fadd i32 %acc_load, i32 %mul" [../src/kernel.cpp:34]   --->   Operation 209 'fadd' 'acc_1' <Predicate = true> <Delay = 2.34> <CoreInst = "FAddSub_fulldsp">   --->   Core 18 'FAddSub_fulldsp' <Latency = 6> <II = 1> <Delay = 2.34> <FuncUnit> <Opcode : 'fadd' 'fsub'> <InPorts = 2> <OutPorts = 1>

State 85 <SV = 84> <Delay = 2.34>
ST_85 : Operation 210 [1/7] (2.34ns)   --->   "%acc_1 = fadd i32 %acc_load, i32 %mul" [../src/kernel.cpp:34]   --->   Operation 210 'fadd' 'acc_1' <Predicate = true> <Delay = 2.34> <CoreInst = "FAddSub_fulldsp">   --->   Core 18 'FAddSub_fulldsp' <Latency = 6> <II = 1> <Delay = 2.34> <FuncUnit> <Opcode : 'fadd' 'fsub'> <InPorts = 2> <OutPorts = 1>

State 86 <SV = 85> <Delay = 0.38>
ST_86 : Operation 211 [1/1] (0.00ns)   --->   "%specpipeline_ln32 = specpipeline void @_ssdm_op_SpecPipeline, i32 4294967295, i32 0, i32 0, i32 0, void @empty_9" [../src/kernel.cpp:32]   --->   Operation 211 'specpipeline' 'specpipeline_ln32' <Predicate = true> <Delay = 0.00>
ST_86 : Operation 212 [1/1] (0.00ns)   --->   "%specloopname_ln33 = specloopname void @_ssdm_op_SpecLoopName, void @empty_15" [../src/kernel.cpp:33]   --->   Operation 212 'specloopname' 'specloopname_ln33' <Predicate = true> <Delay = 0.00>
ST_86 : Operation 213 [1/1] (0.38ns)   --->   "%store_ln32 = store i32 %acc_1, i32 %acc" [../src/kernel.cpp:32]   --->   Operation 213 'store' 'store_ln32' <Predicate = true> <Delay = 0.38>
ST_86 : Operation 214 [1/1] (0.00ns)   --->   "%br_ln33 = br void %for.inc" [../src/kernel.cpp:33]   --->   Operation 214 'br' 'br_ln33' <Predicate = true> <Delay = 0.00>


============================================================
+ Verbose Summary: Timing violations
============================================================
Target clock period: 3.330ns, clock uncertainty: 0.899ns.

 <State 1>: 1.654ns
The critical path consists of the following:
	'store' operation 0 bit ('store_ln33', ../src/kernel.cpp:33) of constant 0 on local variable 'k', ../src/kernel.cpp:33 [22]  (0.387 ns)
	'load' operation 31 bit ('k', ../src/kernel.cpp:33) on local variable 'k', ../src/kernel.cpp:33 [27]  (0.000 ns)
	'icmp' operation 1 bit ('icmp_ln33', ../src/kernel.cpp:33) [31]  (0.880 ns)
	'store' operation 0 bit ('store_ln33', ../src/kernel.cpp:33) of variable 'add_ln33', ../src/kernel.cpp:33 on local variable 'k', ../src/kernel.cpp:33 [54]  (0.387 ns)

 <State 2>: 2.267ns
The critical path consists of the following:
	'load' operation 62 bit ('phi_mul_load', ../src/kernel.cpp:34) on local variable 'phi_mul' [35]  (0.000 ns)
	'add' operation 62 bit ('add_ln34', ../src/kernel.cpp:34) [43]  (1.120 ns)
	'add' operation 64 bit ('add_ln34_1', ../src/kernel.cpp:34) [45]  (1.147 ns)

 <State 3>: 2.431ns
The critical path consists of the following:
	bus request operation ('gmem1_load_req', ../src/kernel.cpp:34) on port 'gmem1' (../src/kernel.cpp:34) [49]  (2.431 ns)

 <State 4>: 2.431ns
The critical path consists of the following:
	bus request operation ('gmem1_load_req', ../src/kernel.cpp:34) on port 'gmem1' (../src/kernel.cpp:34) [49]  (2.431 ns)

 <State 5>: 2.431ns
The critical path consists of the following:
	bus request operation ('gmem1_load_req', ../src/kernel.cpp:34) on port 'gmem1' (../src/kernel.cpp:34) [49]  (2.431 ns)

 <State 6>: 2.431ns
The critical path consists of the following:
	bus request operation ('gmem1_load_req', ../src/kernel.cpp:34) on port 'gmem1' (../src/kernel.cpp:34) [49]  (2.431 ns)

 <State 7>: 2.431ns
The critical path consists of the following:
	bus request operation ('gmem1_load_req', ../src/kernel.cpp:34) on port 'gmem1' (../src/kernel.cpp:34) [49]  (2.431 ns)

 <State 8>: 2.431ns
The critical path consists of the following:
	bus request operation ('gmem1_load_req', ../src/kernel.cpp:34) on port 'gmem1' (../src/kernel.cpp:34) [49]  (2.431 ns)

 <State 9>: 2.431ns
The critical path consists of the following:
	bus request operation ('gmem1_load_req', ../src/kernel.cpp:34) on port 'gmem1' (../src/kernel.cpp:34) [49]  (2.431 ns)

 <State 10>: 2.431ns
The critical path consists of the following:
	bus request operation ('gmem1_load_req', ../src/kernel.cpp:34) on port 'gmem1' (../src/kernel.cpp:34) [49]  (2.431 ns)

 <State 11>: 2.431ns
The critical path consists of the following:
	bus request operation ('gmem1_load_req', ../src/kernel.cpp:34) on port 'gmem1' (../src/kernel.cpp:34) [49]  (2.431 ns)

 <State 12>: 2.431ns
The critical path consists of the following:
	bus request operation ('gmem1_load_req', ../src/kernel.cpp:34) on port 'gmem1' (../src/kernel.cpp:34) [49]  (2.431 ns)

 <State 13>: 2.431ns
The critical path consists of the following:
	bus request operation ('gmem1_load_req', ../src/kernel.cpp:34) on port 'gmem1' (../src/kernel.cpp:34) [49]  (2.431 ns)

 <State 14>: 2.431ns
The critical path consists of the following:
	bus request operation ('gmem1_load_req', ../src/kernel.cpp:34) on port 'gmem1' (../src/kernel.cpp:34) [49]  (2.431 ns)

 <State 15>: 2.431ns
The critical path consists of the following:
	bus request operation ('gmem1_load_req', ../src/kernel.cpp:34) on port 'gmem1' (../src/kernel.cpp:34) [49]  (2.431 ns)

 <State 16>: 2.431ns
The critical path consists of the following:
	bus request operation ('gmem1_load_req', ../src/kernel.cpp:34) on port 'gmem1' (../src/kernel.cpp:34) [49]  (2.431 ns)

 <State 17>: 2.431ns
The critical path consists of the following:
	bus request operation ('gmem1_load_req', ../src/kernel.cpp:34) on port 'gmem1' (../src/kernel.cpp:34) [49]  (2.431 ns)

 <State 18>: 2.431ns
The critical path consists of the following:
	bus request operation ('gmem1_load_req', ../src/kernel.cpp:34) on port 'gmem1' (../src/kernel.cpp:34) [49]  (2.431 ns)

 <State 19>: 2.431ns
The critical path consists of the following:
	bus request operation ('gmem1_load_req', ../src/kernel.cpp:34) on port 'gmem1' (../src/kernel.cpp:34) [49]  (2.431 ns)

 <State 20>: 2.431ns
The critical path consists of the following:
	bus request operation ('gmem1_load_req', ../src/kernel.cpp:34) on port 'gmem1' (../src/kernel.cpp:34) [49]  (2.431 ns)

 <State 21>: 2.431ns
The critical path consists of the following:
	bus request operation ('gmem1_load_req', ../src/kernel.cpp:34) on port 'gmem1' (../src/kernel.cpp:34) [49]  (2.431 ns)

 <State 22>: 2.431ns
The critical path consists of the following:
	bus request operation ('gmem1_load_req', ../src/kernel.cpp:34) on port 'gmem1' (../src/kernel.cpp:34) [49]  (2.431 ns)

 <State 23>: 2.431ns
The critical path consists of the following:
	bus request operation ('gmem1_load_req', ../src/kernel.cpp:34) on port 'gmem1' (../src/kernel.cpp:34) [49]  (2.431 ns)

 <State 24>: 2.431ns
The critical path consists of the following:
	bus request operation ('gmem1_load_req', ../src/kernel.cpp:34) on port 'gmem1' (../src/kernel.cpp:34) [49]  (2.431 ns)

 <State 25>: 2.431ns
The critical path consists of the following:
	bus request operation ('gmem1_load_req', ../src/kernel.cpp:34) on port 'gmem1' (../src/kernel.cpp:34) [49]  (2.431 ns)

 <State 26>: 2.431ns
The critical path consists of the following:
	bus request operation ('gmem1_load_req', ../src/kernel.cpp:34) on port 'gmem1' (../src/kernel.cpp:34) [49]  (2.431 ns)

 <State 27>: 2.431ns
The critical path consists of the following:
	bus request operation ('gmem1_load_req', ../src/kernel.cpp:34) on port 'gmem1' (../src/kernel.cpp:34) [49]  (2.431 ns)

 <State 28>: 2.431ns
The critical path consists of the following:
	bus request operation ('gmem1_load_req', ../src/kernel.cpp:34) on port 'gmem1' (../src/kernel.cpp:34) [49]  (2.431 ns)

 <State 29>: 2.431ns
The critical path consists of the following:
	bus request operation ('gmem1_load_req', ../src/kernel.cpp:34) on port 'gmem1' (../src/kernel.cpp:34) [49]  (2.431 ns)

 <State 30>: 2.431ns
The critical path consists of the following:
	bus request operation ('gmem1_load_req', ../src/kernel.cpp:34) on port 'gmem1' (../src/kernel.cpp:34) [49]  (2.431 ns)

 <State 31>: 2.431ns
The critical path consists of the following:
	bus request operation ('gmem1_load_req', ../src/kernel.cpp:34) on port 'gmem1' (../src/kernel.cpp:34) [49]  (2.431 ns)

 <State 32>: 2.431ns
The critical path consists of the following:
	bus request operation ('gmem1_load_req', ../src/kernel.cpp:34) on port 'gmem1' (../src/kernel.cpp:34) [49]  (2.431 ns)

 <State 33>: 2.431ns
The critical path consists of the following:
	bus request operation ('gmem1_load_req', ../src/kernel.cpp:34) on port 'gmem1' (../src/kernel.cpp:34) [49]  (2.431 ns)

 <State 34>: 2.431ns
The critical path consists of the following:
	bus request operation ('gmem1_load_req', ../src/kernel.cpp:34) on port 'gmem1' (../src/kernel.cpp:34) [49]  (2.431 ns)

 <State 35>: 2.431ns
The critical path consists of the following:
	bus request operation ('gmem1_load_req', ../src/kernel.cpp:34) on port 'gmem1' (../src/kernel.cpp:34) [49]  (2.431 ns)

 <State 36>: 2.431ns
The critical path consists of the following:
	bus request operation ('gmem1_load_req', ../src/kernel.cpp:34) on port 'gmem1' (../src/kernel.cpp:34) [49]  (2.431 ns)

 <State 37>: 2.431ns
The critical path consists of the following:
	bus request operation ('gmem1_load_req', ../src/kernel.cpp:34) on port 'gmem1' (../src/kernel.cpp:34) [49]  (2.431 ns)

 <State 38>: 2.431ns
The critical path consists of the following:
	bus request operation ('gmem1_load_req', ../src/kernel.cpp:34) on port 'gmem1' (../src/kernel.cpp:34) [49]  (2.431 ns)

 <State 39>: 2.431ns
The critical path consists of the following:
	bus request operation ('gmem1_load_req', ../src/kernel.cpp:34) on port 'gmem1' (../src/kernel.cpp:34) [49]  (2.431 ns)

 <State 40>: 2.431ns
The critical path consists of the following:
	bus request operation ('gmem1_load_req', ../src/kernel.cpp:34) on port 'gmem1' (../src/kernel.cpp:34) [49]  (2.431 ns)

 <State 41>: 2.431ns
The critical path consists of the following:
	bus request operation ('gmem1_load_req', ../src/kernel.cpp:34) on port 'gmem1' (../src/kernel.cpp:34) [49]  (2.431 ns)

 <State 42>: 2.431ns
The critical path consists of the following:
	bus request operation ('gmem1_load_req', ../src/kernel.cpp:34) on port 'gmem1' (../src/kernel.cpp:34) [49]  (2.431 ns)

 <State 43>: 2.431ns
The critical path consists of the following:
	bus request operation ('gmem1_load_req', ../src/kernel.cpp:34) on port 'gmem1' (../src/kernel.cpp:34) [49]  (2.431 ns)

 <State 44>: 2.431ns
The critical path consists of the following:
	bus request operation ('gmem1_load_req', ../src/kernel.cpp:34) on port 'gmem1' (../src/kernel.cpp:34) [49]  (2.431 ns)

 <State 45>: 2.431ns
The critical path consists of the following:
	bus request operation ('gmem1_load_req', ../src/kernel.cpp:34) on port 'gmem1' (../src/kernel.cpp:34) [49]  (2.431 ns)

 <State 46>: 2.431ns
The critical path consists of the following:
	bus request operation ('gmem1_load_req', ../src/kernel.cpp:34) on port 'gmem1' (../src/kernel.cpp:34) [49]  (2.431 ns)

 <State 47>: 2.431ns
The critical path consists of the following:
	bus request operation ('gmem1_load_req', ../src/kernel.cpp:34) on port 'gmem1' (../src/kernel.cpp:34) [49]  (2.431 ns)

 <State 48>: 2.431ns
The critical path consists of the following:
	bus request operation ('gmem1_load_req', ../src/kernel.cpp:34) on port 'gmem1' (../src/kernel.cpp:34) [49]  (2.431 ns)

 <State 49>: 2.431ns
The critical path consists of the following:
	bus request operation ('gmem1_load_req', ../src/kernel.cpp:34) on port 'gmem1' (../src/kernel.cpp:34) [49]  (2.431 ns)

 <State 50>: 2.431ns
The critical path consists of the following:
	bus request operation ('gmem1_load_req', ../src/kernel.cpp:34) on port 'gmem1' (../src/kernel.cpp:34) [49]  (2.431 ns)

 <State 51>: 2.431ns
The critical path consists of the following:
	bus request operation ('gmem1_load_req', ../src/kernel.cpp:34) on port 'gmem1' (../src/kernel.cpp:34) [49]  (2.431 ns)

 <State 52>: 2.431ns
The critical path consists of the following:
	bus request operation ('gmem1_load_req', ../src/kernel.cpp:34) on port 'gmem1' (../src/kernel.cpp:34) [49]  (2.431 ns)

 <State 53>: 2.431ns
The critical path consists of the following:
	bus request operation ('gmem1_load_req', ../src/kernel.cpp:34) on port 'gmem1' (../src/kernel.cpp:34) [49]  (2.431 ns)

 <State 54>: 2.431ns
The critical path consists of the following:
	bus request operation ('gmem1_load_req', ../src/kernel.cpp:34) on port 'gmem1' (../src/kernel.cpp:34) [49]  (2.431 ns)

 <State 55>: 2.431ns
The critical path consists of the following:
	bus request operation ('gmem1_load_req', ../src/kernel.cpp:34) on port 'gmem1' (../src/kernel.cpp:34) [49]  (2.431 ns)

 <State 56>: 2.431ns
The critical path consists of the following:
	bus request operation ('gmem1_load_req', ../src/kernel.cpp:34) on port 'gmem1' (../src/kernel.cpp:34) [49]  (2.431 ns)

 <State 57>: 2.431ns
The critical path consists of the following:
	bus request operation ('gmem1_load_req', ../src/kernel.cpp:34) on port 'gmem1' (../src/kernel.cpp:34) [49]  (2.431 ns)

 <State 58>: 2.431ns
The critical path consists of the following:
	bus request operation ('gmem1_load_req', ../src/kernel.cpp:34) on port 'gmem1' (../src/kernel.cpp:34) [49]  (2.431 ns)

 <State 59>: 2.431ns
The critical path consists of the following:
	bus request operation ('gmem1_load_req', ../src/kernel.cpp:34) on port 'gmem1' (../src/kernel.cpp:34) [49]  (2.431 ns)

 <State 60>: 2.431ns
The critical path consists of the following:
	bus request operation ('gmem1_load_req', ../src/kernel.cpp:34) on port 'gmem1' (../src/kernel.cpp:34) [49]  (2.431 ns)

 <State 61>: 2.431ns
The critical path consists of the following:
	bus request operation ('gmem1_load_req', ../src/kernel.cpp:34) on port 'gmem1' (../src/kernel.cpp:34) [49]  (2.431 ns)

 <State 62>: 2.431ns
The critical path consists of the following:
	bus request operation ('gmem1_load_req', ../src/kernel.cpp:34) on port 'gmem1' (../src/kernel.cpp:34) [49]  (2.431 ns)

 <State 63>: 2.431ns
The critical path consists of the following:
	bus request operation ('gmem1_load_req', ../src/kernel.cpp:34) on port 'gmem1' (../src/kernel.cpp:34) [49]  (2.431 ns)

 <State 64>: 2.431ns
The critical path consists of the following:
	bus request operation ('gmem1_load_req', ../src/kernel.cpp:34) on port 'gmem1' (../src/kernel.cpp:34) [49]  (2.431 ns)

 <State 65>: 2.431ns
The critical path consists of the following:
	bus request operation ('gmem1_load_req', ../src/kernel.cpp:34) on port 'gmem1' (../src/kernel.cpp:34) [49]  (2.431 ns)

 <State 66>: 2.431ns
The critical path consists of the following:
	bus request operation ('gmem1_load_req', ../src/kernel.cpp:34) on port 'gmem1' (../src/kernel.cpp:34) [49]  (2.431 ns)

 <State 67>: 2.431ns
The critical path consists of the following:
	bus request operation ('gmem1_load_req', ../src/kernel.cpp:34) on port 'gmem1' (../src/kernel.cpp:34) [49]  (2.431 ns)

 <State 68>: 2.431ns
The critical path consists of the following:
	bus request operation ('gmem1_load_req', ../src/kernel.cpp:34) on port 'gmem1' (../src/kernel.cpp:34) [49]  (2.431 ns)

 <State 69>: 2.431ns
The critical path consists of the following:
	bus request operation ('gmem1_load_req', ../src/kernel.cpp:34) on port 'gmem1' (../src/kernel.cpp:34) [49]  (2.431 ns)

 <State 70>: 2.431ns
The critical path consists of the following:
	bus request operation ('gmem1_load_req', ../src/kernel.cpp:34) on port 'gmem1' (../src/kernel.cpp:34) [49]  (2.431 ns)

 <State 71>: 2.431ns
The critical path consists of the following:
	bus request operation ('gmem1_load_req', ../src/kernel.cpp:34) on port 'gmem1' (../src/kernel.cpp:34) [49]  (2.431 ns)

 <State 72>: 2.431ns
The critical path consists of the following:
	bus request operation ('gmem1_load_req', ../src/kernel.cpp:34) on port 'gmem1' (../src/kernel.cpp:34) [49]  (2.431 ns)

 <State 73>: 2.431ns
The critical path consists of the following:
	bus request operation ('gmem1_load_req', ../src/kernel.cpp:34) on port 'gmem1' (../src/kernel.cpp:34) [49]  (2.431 ns)

 <State 74>: 2.431ns
The critical path consists of the following:
	'getelementptr' operation 32 bit ('gmem0_addr') [37]  (0.000 ns)
	bus read operation ('gmem0_addr_read', ../src/kernel.cpp:34) on port 'gmem0' (../src/kernel.cpp:34) [40]  (2.431 ns)

 <State 75>: 2.322ns
The critical path consists of the following:
	'fmul' operation 32 bit ('mul', ../src/kernel.cpp:34) [52]  (2.322 ns)

 <State 76>: 2.322ns
The critical path consists of the following:
	'fmul' operation 32 bit ('mul', ../src/kernel.cpp:34) [52]  (2.322 ns)

 <State 77>: 2.322ns
The critical path consists of the following:
	'fmul' operation 32 bit ('mul', ../src/kernel.cpp:34) [52]  (2.322 ns)

 <State 78>: 2.322ns
The critical path consists of the following:
	'fmul' operation 32 bit ('mul', ../src/kernel.cpp:34) [52]  (2.322 ns)

 <State 79>: 2.342ns
The critical path consists of the following:
	'load' operation 32 bit ('acc_load', ../src/kernel.cpp:34) on local variable 'acc', ../src/kernel.cpp:32 [36]  (0.000 ns)
	'fadd' operation 32 bit ('acc', ../src/kernel.cpp:34) [53]  (2.342 ns)

 <State 80>: 2.342ns
The critical path consists of the following:
	'fadd' operation 32 bit ('acc', ../src/kernel.cpp:34) [53]  (2.342 ns)

 <State 81>: 2.342ns
The critical path consists of the following:
	'fadd' operation 32 bit ('acc', ../src/kernel.cpp:34) [53]  (2.342 ns)

 <State 82>: 2.342ns
The critical path consists of the following:
	'fadd' operation 32 bit ('acc', ../src/kernel.cpp:34) [53]  (2.342 ns)

 <State 83>: 2.342ns
The critical path consists of the following:
	'fadd' operation 32 bit ('acc', ../src/kernel.cpp:34) [53]  (2.342 ns)

 <State 84>: 2.342ns
The critical path consists of the following:
	'fadd' operation 32 bit ('acc', ../src/kernel.cpp:34) [53]  (2.342 ns)

 <State 85>: 2.342ns
The critical path consists of the following:
	'fadd' operation 32 bit ('acc', ../src/kernel.cpp:34) [53]  (2.342 ns)

 <State 86>: 0.387ns
The critical path consists of the following:
	'store' operation 0 bit ('store_ln32', ../src/kernel.cpp:32) of variable 'acc', ../src/kernel.cpp:34 on local variable 'acc', ../src/kernel.cpp:32 [55]  (0.387 ns)


============================================================
+ Verbose Summary: Binding
============================================================
N/A
* FSMD analyzer results:
  - Output states:
 - Input state : 
  - Chain level:
	State 1
	State 2
	State 3
	State 4
	State 5
	State 6
	State 7
	State 8
	State 9
	State 10
	State 11
	State 12
	State 13
	State 14
	State 15
	State 16
	State 17
	State 18
	State 19
	State 20
	State 21
	State 22
	State 23
	State 24
	State 25
	State 26
	State 27
	State 28
	State 29
	State 30
	State 31
	State 32
	State 33
	State 34
	State 35
	State 36
	State 37
	State 38
	State 39
	State 40
	State 41
	State 42
	State 43
	State 44
	State 45
	State 46
	State 47
	State 48
	State 49
	State 50
	State 51
	State 52
	State 53
	State 54
	State 55
	State 56
	State 57
	State 58
	State 59
	State 60
	State 61
	State 62
	State 63
	State 64
	State 65
	State 66
	State 67
	State 68
	State 69
	State 70
	State 71
	State 72
	State 73
	State 74
	State 75
	State 76
	State 77
	State 78
	State 79
	State 80
	State 81
	State 82
	State 83
	State 84
	State 85
	State 86


============================================================
+ Verbose Summary: Datapath Resource usage 
============================================================
N/A
